03-20 13:43:58.446  1058  3432 I InputDispatcher: setInputWindows displayId=0 Window{d287a4f u0 StatusBar} Window{746a6d4 u0 Splash Screen com.emanuelef.remote_capture} com.android.settings/com.android.settings.SubSettings#0 Window{36fce u0 com.android.systemui.ImageWallpaper} 
03-20 13:43:58.450  3471  3471 D isRootAvailable: PATH = /product/bin:/apex/com.android.runtime/bin:/apex/com.android.art/bin:/system_ext/bin:/system/bin:/system/xbin:/odm/bin:/vendor/bin:/vendor/xbin
03-20 13:43:58.451  3471  3471 D isRootAvailable: 'su' binary found at /system/bin/su
03-20 13:43:58.457  3471  3471 D PlayBilling: onBillingSetupFinished: 3 Billing service unavailable on device.
03-20 13:43:58.458  3471  3471 E PlayBilling: Billing returned error Response Code: BILLING_UNAVAILABLE, Debug Message: Billing service unavailable on device., disconnecting
03-20 13:43:58.464  1058  1373 I InputDispatcher: setInputWindows displayId=0 Window{d287a4f u0 StatusBar} Window{746a6d4 u0 Splash Screen com.emanuelef.remote_capture} com.android.settings/com.android.settings.SubSettings#0 Window{36fce u0 com.android.systemui.ImageWallpaper} 
03-20 13:43:58.466  3471  3471 I SurfaceFactory: [static] sSurfaceFactory = com.mediatek.view.impl.SurfaceFactoryImpl@448c738
03-20 13:43:58.467   502   973 I SurfaceFlinger: [SF client] NEW(0xb4000074c0deb170) for (3471:com.emanuelef.remote_capture)
03-20 13:43:58.474  3471  3471 D ViewRootImpl[MainActivity]: hardware acceleration = true , fakeHwAccelerated = false, sRendererDisabled = false, forceHwAccelerated = false, sSystemRendererDisabled = false
03-20 13:43:58.476   502  1788 I SurfaceFlinger: [SF client] NEW(0xb4000074c0decad0) for (1058:system_server)
03-20 13:43:58.479  3471  3471 D libMEOW : applied 1 plugins for [com.emanuelef.remote_capture]:
03-20 13:43:58.479  3471  3471 D libMEOW :   plugin 1: [libMEOW_gift.so]:
03-20 13:43:58.480  3471  3471 I InputTransport: Create ARC handle: 0xb400007967802300
03-20 13:43:58.481  1058  3432 I InputDispatcher: setInputWindows displayId=0 Window{d287a4f u0 StatusBar} Window{746a6d4 u0 Splash Screen com.emanuelef.remote_capture} com.android.settings/com.android.settings.SubSettings#0 Window{36fce u0 com.android.systemui.ImageWallpaper} 
03-20 13:43:58.481  3471  3471 V PhoneWindow: DecorView setVisiblity: visibility = 0, Parent = android.view.ViewRootImpl@55f1ee4, this = DecorView@d41cf4d[MainActivity]
03-20 13:43:58.483  3471  3471 D CaptureService: onCreate
03-20 13:43:58.498  3471  3471 D CaptureService: onStartCommand
03-20 13:43:58.499  1058  1373 I InputDispatcher: setInputWindows displayId=0 Window{d287a4f u0 StatusBar} Window{746a6d4 u0 Splash Screen com.emanuelef.remote_capture} com.android.settings/com.android.settings.SubSettings#0 Window{36fce u0 com.android.systemui.ImageWallpaper} 
03-20 13:43:58.502  3471  3471 D CaptureService: alwaysOn? false
03-20 13:43:58.502  3471  3471 E .remote_captur: No implementation found for void com.emanuelef.remote_capture.CaptureService.setPrivateDnsBlocked(boolean) (tried Java_com_emanuelef_remote_1capture_CaptureService_setPrivateDnsBlocked and Java_com_emanuelef_remote_1capture_CaptureService_setPrivateDnsBlocked__Z)
03-20 13:43:58.503  3471  3471 D AndroidRuntime: Shutting down VM
03-20 13:43:58.504  3471  3471 E AndroidRuntime: FATAL EXCEPTION: main
03-20 13:43:58.504  3471  3471 E AndroidRuntime: Process: com.emanuelef.remote_capture, PID: 3471
03-20 13:43:58.504  3471  3471 E AndroidRuntime: java.lang.UnsatisfiedLinkError: No implementation found for void com.emanuelef.remote_capture.CaptureService.setPrivateDnsBlocked(boolean) (tried Java_com_emanuelef_remote_1capture_CaptureService_setPrivateDnsBlocked and Java_com_emanuelef_remote_1capture_CaptureService_setPrivateDnsBlocked__Z)
03-20 13:43:58.504  3471  3471 E AndroidRuntime: 	at com.emanuelef.remote_capture.CaptureService.setPrivateDnsBlocked(Native Method)
03-20 13:43:58.504  3471  3471 E AndroidRuntime: 	at com.emanuelef.remote_capture.CaptureService.onStartCommand(CaptureService.java:264)
03-20 13:43:58.504  3471  3471 E AndroidRuntime: 	at android.app.ActivityThread.handleServiceArgs(ActivityThread.java:4373)
03-20 13:43:58.504  3471  3471 E AndroidRuntime: 	at android.app.ActivityThread.access$2000(ActivityThread.java:244)
03-20 13:43:58.504  3471  3471 E AndroidRuntime: 	at android.app.ActivityThread$H.handleMessage(ActivityThread.java:2001)
03-20 13:43:58.504  3471  3471 E AndroidRuntime: 	at android.os.Handler.dispatchMessage(Handler.java:106)
03-20 13:43:58.504  3471  3471 E AndroidRuntime: 	at android.os.Looper.loop(Looper.java:223)
03-20 13:43:58.504  3471  3471 E AndroidRuntime: 	at android.app.ActivityThread.main(ActivityThread.java:7723)
03-20 13:43:58.504  3471  3471 E AndroidRuntime: 	at java.lang.reflect.Method.invoke(Native Method)
03-20 13:43:58.504  3471  3471 E AndroidRuntime: 	at com.android.internal.os.RuntimeInit$MethodAndArgsCaller.run(RuntimeInit.java:612)
03-20 13:43:58.504  3471  3471 E AndroidRuntime: 	at com.android.internal.os.ZygoteInit.main(ZygoteInit.java:997)
03-20 13:43:58.506   483   547 I libPowerHal: [perfNotifyAppState] pack:com.emanuelef.remote_capture, pid:3471, STATE_DEAD
03-20 13:43:58.506   483   547 D RilUtility: notify_rild_crash_pid_set certPid:-1, crash:3471, scn:0x0
03-20 13:43:58.508  1058  3494 I DropBoxManagerService: add tag=system_app_crash isTagEnabled=true flags=0x2
03-20 13:43:58.508  1058  1373 W ActivityTaskManager:   Force finishing activity com.emanuelef.remote_capture/.activities.MainActivity
03-20 13:43:58.513   502   502 I SurfaceFlinger: operator()(), mtkRenderCntDebug 9, screenshot (Splash Screen com.emanuelef.remote_capture#0)
03-20 13:43:58.517  1058  3432 I InputDispatcher: setInputWindows displayId=0 Window{d287a4f u0 StatusBar} Window{746a6d4 u0 Splash Screen com.emanuelef.remote_capture} com.android.settings/com.android.settings.SubSettings#0 Window{36fce u0 com.android.systemui.ImageWallpaper} 
03-20 13:43:58.518   483   547 I libPowerHal: [perfLockAcq] idx:3 hdl:179 hint:22 pid:483 duration:10000 => ret_hdl:179
03-20 13:43:58.518   483   547 I libPowerHal: [PE] scn:3 hdl:179 hint:22 comm:mtkpower@1.0-se pid:483
03-20 13:43:58.519   483   547 I libPowerHal: [perfLockRel] hdl:177, idx:1
03-20 13:43:58.519   483   547 I libPowerHal: [PD] scn:1 hdl:177 hint:22 comm:mtkpower@1.0-se pid:483
03-20 13:43:58.524  3471  3471 I Process : Sending signal. PID: 3471 SIG: 9
03-20 13:43:58.534  1058  1373 I InputDispatcher: setInputWindows displayId=0 Window{d287a4f u0 StatusBar} Window{746a6d4 u0 Splash Screen com.emanuelef.remote_capture} com.android.settings/com.android.settings.SubSettings#0 Window{36fce u0 com.android.systemui.ImageWallpaper} 
03-20 13:43:58.552  1058  1332 V ActivityManager: Death received in com.android.server.am.ActivityManagerService$AppDeathRecipient@fbff779 for thread android.os.BinderProxy@2b96cbe
03-20 13:43:58.552  1058  2017 I InputDispatcher: setInputWindows displayId=0 Window{d287a4f u0 StatusBar} Splash Screen com.emanuelef.remote_capture#0 com.android.settings/com.android.settings.SubSettings#0 Window{36fce u0 com.android.systemui.ImageWallpaper} 
03-20 13:43:58.553  1058  2017 I InputDispatcher: Window went away: Window{746a6d4 u0 Splash Screen com.emanuelef.remote_capture}
03-20 13:43:58.553  1058  1332 I ActivityManager: Process com.emanuelef.remote_capture (pid 3471) has died: fg  TOP 
03-20 13:43:58.553  1058  1373 I WindowManager: WIN DEATH: Window{43e221e u0 com.emanuelef.remote_capture/com.emanuelef.remote_capture.activities.MainActivity}
03-20 13:43:58.553  1058  1373 W InputDispatcher: Attempted to unregister already unregistered input channel '43e221e com.emanuelef.remote_capture/com.emanuelef.remote_capture.activities.MainActivity (server)'
03-20 13:43:58.553   438   438 I Zygote  : Process 3471 exited due to signal 9 (Killed)
03-20 13:43:58.553  1058  1085 I libprocessgroup: Successfully killed process cgroup uid 10093 pid 3471 in 0ms
03-20 13:43:58.553  1058  1077 D View    : [Warning] assignParent to null: this = DecorView@329c791[remote_capture]
03-20 13:43:58.554   502   973 I BufferQueueProducer: [Splash Screen com.emanuelef.remote_capture#0](id:1f600000032,api:2,p:1058,c:502) disconnect(): api=2
03-20 13:43:58.563  1058  1077 I InputTransport: Destroy ARC handle: 0xb4000079678cb540
03-20 13:43:58.563  1058  1332 W ActivityManager: Scheduling restart of crashed service com.emanuelef.remote_capture/.CaptureService in 1800000ms for start-requested
03-20 13:43:58.564  1058  3207 I GED     : ged_boost_gpu_freq, level 100, eOrigin 2, final_idx 2, oppidx_max 2, oppidx_min 0
03-20 13:43:58.566   483   547 I libPowerHal: [perfNotifyAppState] pack:com.emanuelef.remote_capture, pid:3471, STATE_DEAD
03-20 13:43:58.566   483   547 D RilUtility: notify_rild_crash_pid_set certPid:-1, crash:3471, scn:0x0
03-20 13:43:58.570  1058  3495 I InputDispatcher: setInputWindows displayId=0 Window{d287a4f u0 StatusBar} com.android.settings/com.android.settings.SubSettings#0 Window{36fce u0 com.android.systemui.ImageWallpaper} 
03-20 13:43:58.570  1058  3495 I InputDispatcher: Window went away: Splash Screen com.emanuelef.remote_capture#0
03-20 13:43:58.571   502   502 I BufferQueueConsumer: [Splash Screen com.emanuelef.remote_capture#0](id:1f600000032,api:0,p:-1,c:502) disconnect()
03-20 13:43:58.571   502   502 I BufferQueue: [Splash Screen com.emanuelef.remote_capture#0](this:0xb400007570e17f78,id:50,api:2,p:-1,c:-1) onDestructor()
03-20 13:43:58.576  1058  1332 W WindowManager: Changing focus fromnull to Window{c59c980 u0 com.android.settings/com.android.settings.SubSettings} displayId=0 Callers=com.android.server.wm.RootWindowContainer.updateFocusedWindowLocked:457 com.android.server.wm.WindowManagerService.updateFocusedWindowLocked:5602 com.android.server.wm.DisplayContent.setFocusedApp:5517 com.android.server.wm.ActivityTaskManagerService.setResumedActivityUncheckLocked:5510 
03-20 13:43:58.588  1058  1373 I InputDispatcher: setInputWindows displayId=0 Window{d287a4f u0 StatusBar} com.android.settings/com.android.settings.SubSettings#0 Window{36fce u0 com.android.systemui.ImageWallpaper} 
03-20 13:43:58.598  1058  1076 W ActivityManager: setHasOverlayUi called on unknown pid: 3471
03-20 13:43:58.605  1058  1332 I InputDispatcher: setInputWindows displayId=0 Window{d287a4f u0 StatusBar} Window{c59c980 u0 com.android.settings/com.android.settings.SubSettings} Window{36fce u0 com.android.systemui.ImageWallpaper} 
03-20 13:43:58.605  1520  1520 V PhoneWindow: DecorView setVisiblity: visibility = 0, Parent = android.view.ViewRootImpl@a4c6f00, this = DecorView@ecb103d[SubSettings]
03-20 13:43:58.606  1058  1332 I InputDispatcher: Focus entered window: Window{c59c980 u0 com.android.settings/com.android.settings.SubSettings} in display 0
03-20 13:43:58.606  1058  1332 I InputDispatcher: Window went away: com.android.settings/com.android.settings.SubSettings#0
03-20 13:43:58.609  1801  1801 V PhoneWindow: DecorView setVisiblity: visibility = 8, Parent = android.view.ViewRootImpl@e7c9253, this = DecorView@ed1c790[InputMethod]
03-20 13:43:58.610  1520  3470 W TileUtils: Found com.mediatek.duraspeed.DuraSpeedMainActivity for intent Intent { act=com.android.settings.action.EXTRA_SETTINGS } missing metadata com.android.settings.category
03-20 13:43:58.612  1801  1801 I GoogleInputMethodService: GoogleInputMethodService.onFinishInput():3235 
03-20 13:43:58.613  1801  1801 I GoogleInputMethodService: GoogleInputMethodService.onStartInput():1858 
03-20 13:43:58.619  1520  3406 D DefaultSettingsMiscExt: default doUpdateTilesList
03-20 13:43:58.619  1520  3406 D SettingsActivity: No enabled state changed, skipping updateCategory call
03-20 13:43:58.623  1244  1271 W System  : A resource failed to call release. 
03-20 13:43:58.623  1058  1332 I InputDispatcher: setInputWindows displayId=0 Window{d287a4f u0 StatusBar} Window{c59c980 u0 com.android.settings/com.android.settings.SubSettings} Window{36fce u0 com.android.systemui.ImageWallpaper} 
03-20 13:43:58.625   483   510 I mtkpower@impl: [setMode] type:5, enabled:0
03-20 13:43:58.625   483   547 I libPowerHal: [perfLockRel] hdl:176, idx:0
03-20 13:43:58.625   483   547 I libPowerHal: [PD] scn:0 hdl:176 hint:11 comm:mtkpower@1.0-se pid:483
03-20 13:43:58.627   483   508 I mtkpower@impl: [mtkPowerHint] hint:22, hold:0, ext:30, ext_hold:2000
03-20 13:43:58.627   483   547 I libPowerHal: [perfLockRel] hdl:179, idx:3
03-20 13:43:58.627   483   547 I libPowerHal: [PD] scn:3 hdl:179 hint:22 comm:mtkpower@1.0-se pid:483
03-20 13:43:58.628   483   508 I mtkpower@impl: [mtkPowerHint] hint:21, hold:6000, ext:30, ext_hold:35000
03-20 13:43:58.628   483   547 I libPowerHal: [perfLockAcq] idx:0 hdl:180 hint:30 pid:483 duration:2000 => ret_hdl:180
03-20 13:43:58.628   483   547 I libPowerHal: [PE] scn:0 hdl:180 hint:30 comm:mtkpower@1.0-se pid:483
03-20 13:43:58.629   483   547 I libPowerHal: [perfLockAcq] idx:1 hdl:181 hint:21 pid:483 duration:6000 => ret_hdl:181
03-20 13:43:58.629   483   547 I libPowerHal: [PE] scn:1 hdl:181 hint:21 comm:mtkpower@1.0-se pid:483
03-20 13:43:58.629   483   547 I libPowerHal: [perfLockRel] hdl:178, idx:2
03-20 13:43:58.629   483   547 I libPowerHal: [PD] scn:2 hdl:178 hint:21 comm:mtkpower@1.0-se pid:483
03-20 13:43:58.629   483   547 I libPowerHal: [perfLockAcq] idx:3 hdl:182 hint:30 pid:483 duration:35000 => ret_hdl:182
03-20 13:43:58.629   483   547 I libPowerHal: [PE] scn:3 hdl:182 hint:30 comm:mtkpower@1.0-se pid:483
03-20 13:43:58.641  1058  1332 I InputDispatcher: setInputWindows displayId=0 Window{d287a4f u0 StatusBar} Window{c59c980 u0 com.android.settings/com.android.settings.SubSettings} Window{36fce u0 com.android.systemui.ImageWallpaper} 
03-20 13:43:58.657  1058  3207 I libMEOW_gift: ctx:0xb4000079b78307e0, ARC not Enabled.
03-20 13:43:58.658  1058  1332 I InputDispatcher: setInputWindows displayId=0 Window{d287a4f u0 StatusBar} Window{c59c980 u0 com.android.settings/com.android.settings.SubSettings} Window{36fce u0 com.android.systemui.ImageWallpaper} 
03-20 13:43:58.676  1058  1332 I InputDispatcher: setInputWindows displayId=0 Window{d287a4f u0 StatusBar} Window{c59c980 u0 com.android.settings/com.android.settings.SubSettings} Window{36fce u0 com.android.systemui.ImageWallpaper} 
03-20 13:43:58.688  1058  3207 I GED     : ged_boost_gpu_freq, level 100, eOrigin 2, final_idx 2, oppidx_max 2, oppidx_min 0
03-20 13:43:58.708  1244  1244 D InterruptionStateProvider: No bubble up: not allowed to bubble: 0|com.emanuelef.remote_capture|1|null|10093
03-20 13:43:58.710  1244  1244 D InterruptionStateProvider: No heads up: unimportant notification: 0|com.emanuelef.remote_capture|1|null|10093
03-20 13:43:58.889  1058  3207 I GED     : ged_boost_gpu_freq, level 100, eOrigin 2, final_idx 2, oppidx_max 2, oppidx_min 0
03-20 13:43:59.010  1058  1076 W ActivityTaskManager: Activity top resumed state loss timeout for ActivityRecord{7417a09 u0 com.emanuelef.remote_capture/.activities.MainActivity t-1 f}}
03-20 13:43:59.011   483   547 I libPowerHal: [perfNotifyAppState] foreground:com.android.settings, pid:1520, uid:1000
03-20 13:43:59.011   483   547 E UxUtility: notifyAppState error = NULL
03-20 13:43:59.011   483   547 I TouchUtility: notifyAppState error = NULL
03-20 13:43:59.011   483   508 I mtkpower@impl: [notifyAppState] pc:0, com.emanuelef.remote_capture => com.android.settings
03-20 13:43:59.012   483   547 I libPowerHal: [perfLockAcq] idx:2 hdl:183 hint:21 pid:483 duration:1 => ret_hdl:183
03-20 13:43:59.012   483   547 I libPowerHal: [PE] scn:2 hdl:183 hint:21 comm:mtkpower@1.0-se pid:483
03-20 13:43:59.012   483   547 I mtkpower@impl: [powerd_req] TIMER_MSG_PERF_LOCK_TIMEOUT hdl:183
03-20 13:43:59.012   483   547 I libPowerHal: [perfLockRel] hdl:183, idx:2
03-20 13:43:59.012   483   547 I libPowerHal: [PD] scn:2 hdl:183 hint:21 comm:mtkpower@1.0-se pid:483
03-20 13:43:59.012   483   547 I libPowerHal: [perfLockRel] hdl:181, idx:1
03-20 13:43:59.012   483   547 I libPowerHal: [PD] scn:1 hdl:181 hint:21 comm:mtkpower@1.0-se pid:483
03-20 13:43:59.014   483   547 I libPowerHal: MTKPOWER_HINT_PROCESS_CREATE: cpu_ctrl set cpu freq: -1 -1 -1 -1
03-20 13:43:59.014   483   547 I libPowerHal: [PD] MTKPOWER_HINT_PROCESS_CREATE update cmd:1000000, param:1
03-20 13:43:59.014   483   547 I libPowerHal: [PD] MTKPOWER_HINT_PROCESS_CREATE update cmd:1408300 param:40
03-20 13:43:59.014   483   547 I libPowerHal: [PD] MTKPOWER_HINT_PROCESS_CREATE update cmd:1000000 param:1
03-20 13:43:59.543   483   547 I libPowerHal: [perfLockAcq] idx:1 hdl:184 hint:25 pid:483 duration:10000 => ret_hdl:184
03-20 13:43:59.543   483   547 I libPowerHal: [PE] scn:1 hdl:184 hint:25 comm:mtkpower@1.0-se pid:483
03-20 13:43:59.545   483   547 I libPowerHal: [PE] MTKPOWER_HINT_APP_TOUCH update cmd:3408600 param:1
03-20 13:43:59.656   502   571 I BufferQueueProducer: [com.android.settings/com.android.settings.SubSettings#0](this:0xb400007570e14f48,id:49,api:1,p:1520,c:502) queueBuffer: fps=20.22 dur=1582.64 max=729.28 min=16.25
03-20 13:43:59.664   483   547 I libPowerHal: [perfLockRel] hdl:184, idx:1
03-20 13:43:59.665   483   547 I libPowerHal: [PD] scn:1 hdl:184 hint:25 comm:mtkpower@1.0-se pid:483
03-20 13:43:59.665   483   547 I libPowerHal: [PD] MTKPOWER_HINT_APP_TOUCH update cmd:3408600 param:0
03-20 13:43:59.671  1058  2005 I ActivityTaskManager: START u0 {act=android.intent.action.MAIN cat=[android.intent.category.LAUNCHER] flg=0x10000000 pkg=com.emanuelef.remote_capture cmp=com.emanuelef.remote_capture/.activities.MainActivity} from uid 1000
03-20 13:43:59.673   464   633 I hwcomposer: [HWCDisplay] [Display_0 (type:1)] fps:33.130013,dur:1720.49,max:730.32,min:15.14  
03-20 13:43:59.678   464   633 I hwcomposer: [HWCDisplay] [Display_2 (type:2)] fps:33.088913,dur:1722.63,max:733.49,min:15.24  
03-20 13:43:59.681   483   510 I mtkpower@impl: [setMode] type:5, enabled:1
03-20 13:43:59.681   502   502 I BufferQueueProducer: [VDS-scrcpy SINK](this:0xb400007570df6ea8,id:-1,api:1,p:502,c:502) queueBuffer: fps=33.08 dur=1723.03 max=734.87 min=14.93
03-20 13:43:59.682   483   547 I libPowerHal: [perfLockAcq] idx:1 hdl:185 hint:11 pid:483 duration:30000 => ret_hdl:185
03-20 13:43:59.682   483   547 I libPowerHal: [PE] scn:1 hdl:185 hint:11 comm:mtkpower@1.0-se pid:483
03-20 13:43:59.684   483   547 I libPowerHal: LAUNCH: cpu_ctrl set cpu freq: 2001000 -1 1500000 -1
03-20 13:43:59.684   483   547 I libPowerHal: [PE] LAUNCH update cmd:1000000, param:0
03-20 13:43:59.685  1058  1332 I InputDispatcher: setInputWindows displayId=0 Window{d287a4f u0 StatusBar} Window{c59c980 u0 com.android.settings/com.android.settings.SubSettings} Window{36fce u0 com.android.systemui.ImageWallpaper} 
03-20 13:43:59.685   483   547 I libPowerHal: [PE] LAUNCH update cmd:1408300, param:100
03-20 13:43:59.685   483   547 I libPowerHal: [PE] LAUNCH update cmd:1000000 param:0
03-20 13:43:59.686   483   547 I libPowerHal: [perfLockRel] hdl:182, idx:3
03-20 13:43:59.686   483   547 I libPowerHal: [PD] scn:3 hdl:182 hint:30 comm:mtkpower@1.0-se pid:483
03-20 13:43:59.687   483   547 I libPowerHal: [perfLockAcq] idx:2 hdl:186 hint:22 pid:483 duration:10000 => ret_hdl:186
03-20 13:43:59.687   483   547 I libPowerHal: [PE] scn:2 hdl:186 hint:22 comm:mtkpower@1.0-se pid:483
03-20 13:43:59.692  1058  1076 D CompatibilityChangeReporter: Compat change id reported: 135634846; UID 10093; state: DISABLED
03-20 13:43:59.692  1058  1076 D CompatibilityChangeReporter: Compat change id reported: 135754954; UID 10093; state: ENABLED
03-20 13:43:59.692   483   547 I libPowerHal: [perfLockAcq] idx:3 hdl:187 hint:21 pid:483 duration:10000 => ret_hdl:187
03-20 13:43:59.693   483   547 I libPowerHal: [PE] scn:3 hdl:187 hint:21 comm:mtkpower@1.0-se pid:483
03-20 13:43:59.693  1058  1084 D CompatibilityChangeReporter: Compat change id reported: 143937733; UID 10093; state: ENABLED
03-20 13:43:59.696   483   547 I libPowerHal: [perfLockRel] hdl:183, idx:-1
03-20 13:43:59.696   502   570 I SurfaceFlinger: [SF client] NEW(0xb4000074c0decad0) for (1058:system_server)
03-20 13:43:59.696  1058  1081 D DexOptExtImpl: com.emanuelef.remote_capture reason is boot
03-20 13:43:59.697  1058  1077 D ViewRootImpl[remote_capture]: hardware acceleration = false , fakeHwAccelerated = true, sRendererDisabled = false, forceHwAccelerated = false, sSystemRendererDisabled = false
03-20 13:43:59.700  1058  1077 I InputTransport: Create ARC handle: 0xb4000079678dd6f0
03-20 13:43:59.703  1058  2005 I InputDispatcher: setInputWindows displayId=0 Window{d287a4f u0 StatusBar} Window{c59c980 u0 com.android.settings/com.android.settings.SubSettings} Window{36fce u0 com.android.systemui.ImageWallpaper} 
03-20 13:43:59.709   438   438 D Zygote  : Forked child process 3498
03-20 13:43:59.709   502   571 I BufferQueueConsumer: [](id:1f600000033,api:0,p:-1,c:502) connect(): controlledByApp=false
03-20 13:43:59.709   502   571 I BufferQueue: [unnamed-502-51](this:0xb400007570e12f28,id:51,api:0,p:-1,c:-1) BufferQueue core=(502:/system/bin/surfaceflinger)
03-20 13:43:59.712  1058  1077 W WindowManager: Changing focus fromWindow{c59c980 u0 com.android.settings/com.android.settings.SubSettings} to null displayId=0 Callers=com.android.server.wm.RootWindowContainer.updateFocusedWindowLocked:457 com.android.server.wm.WindowManagerService.updateFocusedWindowLocked:5602 com.android.server.wm.WindowManagerService.relayoutWindow:2395 com.android.server.wm.Session.relayout:213 
03-20 13:43:59.713  1058  1084 I ActivityManager: Start proc 3498:com.emanuelef.remote_capture/u0a93 for pre-top-activity {com.emanuelef.remote_capture/com.emanuelef.remote_capture.activities.MainActivity}
03-20 13:43:59.714  1058  1077 D Surface : lockCanvas
03-20 13:43:59.715   502   972 I BufferQueueProducer: [Splash Screen com.emanuelef.remote_capture#0](id:1f600000033,api:2,p:1058,c:502) connect(): api=2 producerControlledByApp=false
03-20 13:43:59.718  1058  1332 I InputDispatcher: setInputWindows displayId=0 Window{d287a4f u0 StatusBar} Splash Screen com.emanuelef.remote_capture#0 Window{c59c980 u0 com.android.settings/com.android.settings.SubSettings} Window{36fce u0 com.android.systemui.ImageWallpaper} 
03-20 13:43:59.734  3498  3498 E .remote_captur: Not starting debugger since process cannot load the jdwp agent.
03-20 13:43:59.735  1058  1332 I InputDispatcher: setInputWindows displayId=0 Window{d287a4f u0 StatusBar} Window{3b7bdc4 u0 Splash Screen com.emanuelef.remote_capture} com.android.settings/com.android.settings.SubSettings#0 Window{36fce u0 com.android.systemui.ImageWallpaper} 
03-20 13:43:59.735  1058  1332 I InputDispatcher: Focus left window: Window{c59c980 u0 com.android.settings/com.android.settings.SubSettings} in display 0
03-20 13:43:59.735  1058  1332 I InputDispatcher: Window went away: Splash Screen com.emanuelef.remote_capture#0
03-20 13:43:59.735  1058  1332 I InputDispatcher: Window went away: Window{c59c980 u0 com.android.settings/com.android.settings.SubSettings}
03-20 13:43:59.744  1058  1332 V ActivityManager: New death recipient com.android.server.am.ActivityManagerService$AppDeathRecipient@1c44c2e for thread android.os.BinderProxy@95ea3cf
03-20 13:43:59.749   483   547 I libPowerHal: [perfNotifyAppState] foreground:com.emanuelef.remote_capture, pid:3498, uid:10093
03-20 13:43:59.750   483   547 E UxUtility: notifyAppState error = NULL
03-20 13:43:59.750   483   547 I TouchUtility: notifyAppState error = NULL
03-20 13:43:59.750   483   508 I mtkpower@impl: [notifyAppState] pc:1, com.android.settings => com.emanuelef.remote_capture
03-20 13:43:59.751  1058  2005 I InputDispatcher: setInputWindows displayId=0 Window{d287a4f u0 StatusBar} Window{3b7bdc4 u0 Splash Screen com.emanuelef.remote_capture} com.android.settings/com.android.settings.SubSettings#0 Window{36fce u0 com.android.systemui.ImageWallpaper} 
03-20 13:43:59.763   502   502 I SurfaceFlinger: operator()(), mtkRenderCntDebug 10, screenshot (com.android.settings/com.android.settings.SubSettings#0)
03-20 13:43:59.768  1058  3495 I InputDispatcher: setInputWindows displayId=0 Window{d287a4f u0 StatusBar} Window{3b7bdc4 u0 Splash Screen com.emanuelef.remote_capture} com.android.settings/com.android.settings.SubSettings#0 Window{36fce u0 com.android.systemui.ImageWallpaper} 
03-20 13:43:59.769  3498  3498 W .remote_captur: JIT profile information will not be recorded: profile file does not exist.
03-20 13:43:59.776  1801  1801 V PhoneWindow: DecorView setVisiblity: visibility = 8, Parent = android.view.ViewRootImpl@e7c9253, this = DecorView@ed1c790[InputMethod]
03-20 13:43:59.779  3498  3498 D NetworkSecurityConfig: No Network Security Config specified, using platform default
03-20 13:43:59.780  3498  3498 D NetworkSecurityConfig: No Network Security Config specified, using platform default
03-20 13:43:59.784  3498  3498 I CustomActivityOnCrash: CustomActivityOnCrash has been installed.
03-20 13:43:59.785  1058  1332 I InputDispatcher: setInputWindows displayId=0 Window{d287a4f u0 StatusBar} Window{3b7bdc4 u0 Splash Screen com.emanuelef.remote_capture} com.android.settings/com.android.settings.SubSettings#0 Window{36fce u0 com.android.systemui.ImageWallpaper} 
03-20 13:43:59.802  1058  2005 I InputDispatcher: setInputWindows displayId=0 Window{d287a4f u0 StatusBar} Window{3b7bdc4 u0 Splash Screen com.emanuelef.remote_capture} com.android.settings/com.android.settings.SubSettings#0 Window{36fce u0 com.android.systemui.ImageWallpaper} 
03-20 13:43:59.806   502   502 I BufferQueueProducer: [FramebufferSurface](this:0xb400007560deaba0,id:-1,api:1,p:502,c:502) queueBuffer: fps=16.14 dur=1734.48 max=1249.38 min=16.78
03-20 13:43:59.814  1058  2005 I InputDispatcher: setInputWindows displayId=0 Window{d287a4f u0 StatusBar} Window{3b7bdc4 u0 Splash Screen com.emanuelef.remote_capture} com.android.settings/com.android.settings.SubSettings#0 Window{36fce u0 com.android.systemui.ImageWallpaper} 
03-20 13:43:59.827  1058  2005 I InputDispatcher: setInputWindows displayId=0 Window{d287a4f u0 StatusBar} Window{3b7bdc4 u0 Splash Screen com.emanuelef.remote_capture} com.android.settings/com.android.settings.SubSettings#0 Window{36fce u0 com.android.systemui.ImageWallpaper} 
03-20 13:43:59.827  3498  3498 D PCAPdroid: Build type: PLAYSTORE
03-20 13:43:59.844  3498  3520 D libMEOW : meow reload base cfg path: na
03-20 13:43:59.844  3498  3520 D libMEOW : meow reload overlay cfg path: na
03-20 13:43:59.845  1058  2005 I InputDispatcher: setInputWindows displayId=0 Window{d287a4f u0 StatusBar} Window{3b7bdc4 u0 Splash Screen com.emanuelef.remote_capture} com.android.settings/com.android.settings.SubSettings#0 Window{36fce u0 com.android.systemui.ImageWallpaper} 
03-20 13:43:59.846   689  2595 D MtkOmxVenc: [0xe6780010] ret 0, wait fence 109 took 10543 us
03-20 13:43:59.847  3498  3520 D libMEOW : applied 1 plugins for [com.emanuelef.remote_capture]:
03-20 13:43:59.847  3498  3520 D libMEOW :   plugin 1: [libMEOW_gift.so]:
03-20 13:43:59.862  1058  2005 I InputDispatcher: setInputWindows displayId=0 Window{d287a4f u0 StatusBar} Window{3b7bdc4 u0 Splash Screen com.emanuelef.remote_capture} com.android.settings/com.android.settings.SubSettings#0 Window{36fce u0 com.android.systemui.ImageWallpaper} 
03-20 13:43:59.870  1058  1332 V SettingsProvider: packageValueForCallResult, name = null, value : Bundle[{_track_generation=android.util.MemoryIntArray@8a, value=null, _generation_index=0, _generation=6}]
03-20 13:43:59.880  1058  1332 I InputDispatcher: setInputWindows displayId=0 Window{d287a4f u0 StatusBar} Window{3b7bdc4 u0 Splash Screen com.emanuelef.remote_capture} com.android.settings/com.android.settings.SubSettings#0 Window{36fce u0 com.android.systemui.ImageWallpaper} 
03-20 13:43:59.882   689  2595 D MtkOmxVenc: [0xe6780010] ret 0, wait fence 109 took 10280 us
03-20 13:43:59.884  3498  3498 E libc    : Access denied finding property "ro.vendor.pref_scale_resolution"
03-20 13:43:59.898  1058  1332 I InputDispatcher: setInputWindows displayId=0 Window{d287a4f u0 StatusBar} Window{3b7bdc4 u0 Splash Screen com.emanuelef.remote_capture} com.android.settings/com.android.settings.SubSettings#0 Window{36fce u0 com.android.systemui.ImageWallpaper} 
03-20 13:43:59.933  1058  1332 I chatty  : uid=1000(system) Binder:1058_5 identical 2 lines
03-20 13:43:59.951  1058  1332 I InputDispatcher: setInputWindows displayId=0 Window{d287a4f u0 StatusBar} Window{3b7bdc4 u0 Splash Screen com.emanuelef.remote_capture} com.android.settings/com.android.settings.SubSettings#0 Window{36fce u0 com.android.systemui.ImageWallpaper} 
03-20 13:43:59.953   689  2595 D MtkOmxVenc: [0xe6780010] ret 0, wait fence 109 took 10021 us
03-20 13:43:59.969  1058  1332 I InputDispatcher: setInputWindows displayId=0 Window{d287a4f u0 StatusBar} Window{3b7bdc4 u0 Splash Screen com.emanuelef.remote_capture} com.android.settings/com.android.settings.SubSettings#0 Window{36fce u0 com.android.systemui.ImageWallpaper} 
03-20 13:43:59.984  1058  1058 D NotificationService: 0|com.emanuelef.remote_capture|1|null|10093: granting content://settings/system/notification_sound
03-20 13:43:59.985  1058  1058 I chatty  : uid=1000 system_server identical 1 line
03-20 13:43:59.985  1058  1058 D NotificationService: 0|com.emanuelef.remote_capture|1|null|10093: granting content://settings/system/notification_sound
03-20 13:43:59.987  1058  1332 I InputDispatcher: setInputWindows displayId=0 Window{d287a4f u0 StatusBar} Window{3b7bdc4 u0 Splash Screen com.emanuelef.remote_capture} com.android.settings/com.android.settings.SubSettings#0 Window{36fce u0 com.android.systemui.ImageWallpaper} 
03-20 13:43:59.987  1058  1058 W NotificationHistory: Attempted to add notif for locked/gone/disabled user 0
03-20 13:43:59.988   689  2595 D MtkOmxVenc: [0xe6780010] ret 0, wait fence 109 took 10190 us
03-20 13:43:59.997  1244  1244 D InterruptionStateProvider: No bubble up: not allowed to bubble: 0|com.emanuelef.remote_capture|1|null|10093
03-20 13:43:59.998  1244  1244 D InterruptionStateProvider: No heads up: unimportant notification: 0|com.emanuelef.remote_capture|1|null|10093
03-20 13:44:00.004  1058  1332 I InputDispatcher: setInputWindows displayId=0 Window{d287a4f u0 StatusBar} Window{3b7bdc4 u0 Splash Screen com.emanuelef.remote_capture} com.android.settings/com.android.settings.SubSettings#0 Window{36fce u0 com.android.systemui.ImageWallpaper} 
03-20 13:44:00.022  1058  2005 I InputDispatcher: setInputWindows displayId=0 Window{d287a4f u0 StatusBar} Window{3b7bdc4 u0 Splash Screen com.emanuelef.remote_capture} com.android.settings/com.android.settings.SubSettings#0 Window{36fce u0 com.android.systemui.ImageWallpaper} 
03-20 13:44:00.024   689  2595 D MtkOmxVenc: [0xe6780010] ret 0, wait fence 109 took 10657 us
03-20 13:44:00.038   502   973 I BufferQueueProducer: [StatusBar#0](this:0xb400007570dfede8,id:5,api:1,p:1244,c:502) queueBuffer: fps=18.13 dur=1875.00 max=1297.70 min=6.10
03-20 13:44:00.040  1058  2005 I InputDispatcher: setInputWindows displayId=0 Window{d287a4f u0 StatusBar} Window{3b7bdc4 u0 Splash Screen com.emanuelef.remote_capture} com.android.settings/com.android.settings.SubSettings#0 Window{36fce u0 com.android.systemui.ImageWallpaper} 
03-20 13:44:00.075  1058  2005 I chatty  : uid=1000(system) Binder:1058_D identical 2 lines
03-20 13:44:00.093  1058  2005 I InputDispatcher: setInputWindows displayId=0 Window{d287a4f u0 StatusBar} Window{3b7bdc4 u0 Splash Screen com.emanuelef.remote_capture} com.android.settings/com.android.settings.SubSettings#0 Window{36fce u0 com.android.systemui.ImageWallpaper} 
03-20 13:44:00.094   689  2595 D MtkOmxVenc: [0xe6780010] ret 0, wait fence 109 took 10013 us
03-20 13:44:00.110  1058  2005 I InputDispatcher: setInputWindows displayId=0 Window{d287a4f u0 StatusBar} Window{3b7bdc4 u0 Splash Screen com.emanuelef.remote_capture} com.android.settings/com.android.settings.SubSettings#0 Window{36fce u0 com.android.systemui.ImageWallpaper} 
03-20 13:44:00.113   689  2595 D MtkOmxVenc: [0xe6780010] ret 0, wait fence 109 took 10938 us
03-20 13:44:00.129  1058  2005 I InputDispatcher: setInputWindows displayId=0 Window{d287a4f u0 StatusBar} Window{3b7bdc4 u0 Splash Screen com.emanuelef.remote_capture} com.android.settings/com.android.settings.SubSettings#0 Window{36fce u0 com.android.systemui.ImageWallpaper} 
03-20 13:44:00.129   689  2595 D MtkOmxVenc: [0xe6780010] ret 0, wait fence 109 took 10092 us
03-20 13:44:00.146  1058  2005 I InputDispatcher: setInputWindows displayId=0 Window{d287a4f u0 StatusBar} Window{3b7bdc4 u0 Splash Screen com.emanuelef.remote_capture} com.android.settings/com.android.settings.SubSettings#0 Window{36fce u0 com.android.systemui.ImageWallpaper} 
03-20 13:44:00.147   689  2595 D MtkOmxVenc: [0xe6780010] ret 0, wait fence 109 took 10995 us
03-20 13:44:00.163  1058  2005 I InputDispatcher: setInputWindows displayId=0 Window{d287a4f u0 StatusBar} Window{3b7bdc4 u0 Splash Screen com.emanuelef.remote_capture} com.android.settings/com.android.settings.SubSettings#0 Window{36fce u0 com.android.systemui.ImageWallpaper} 
03-20 13:44:00.165   689  2595 D MtkOmxVenc: [0xe6780010] ret 0, wait fence 109 took 11224 us
03-20 13:44:00.168  3498  3498 D isRootAvailable: PATH = /product/bin:/apex/com.android.runtime/bin:/apex/com.android.art/bin:/system_ext/bin:/system/bin:/system/xbin:/odm/bin:/vendor/bin:/vendor/xbin
03-20 13:44:00.169  3498  3498 D isRootAvailable: 'su' binary found at /system/bin/su
03-20 13:44:00.174  3498  3498 D PlayBilling: onBillingSetupFinished: 3 Billing service unavailable on device.
03-20 13:44:00.176  3498  3498 E PlayBilling: Billing returned error Response Code: BILLING_UNAVAILABLE, Debug Message: Billing service unavailable on device., disconnecting
03-20 13:44:00.181  1058  2005 I InputDispatcher: setInputWindows displayId=0 Window{d287a4f u0 StatusBar} Window{3b7bdc4 u0 Splash Screen com.emanuelef.remote_capture} com.android.settings/com.android.settings.SubSettings#0 Window{36fce u0 com.android.systemui.ImageWallpaper} 
03-20 13:44:00.182   689  2595 D MtkOmxVenc: [0xe6780010] ret 0, wait fence 109 took 11274 us
03-20 13:44:00.183  3498  3498 I SurfaceFactory: [static] sSurfaceFactory = com.mediatek.view.impl.SurfaceFactoryImpl@448c738
03-20 13:44:00.184   502   571 I SurfaceFlinger: [SF client] NEW(0xb4000074c0dedd30) for (3498:com.emanuelef.remote_capture)
03-20 13:44:00.190  3498  3498 D ViewRootImpl[MainActivity]: hardware acceleration = true , fakeHwAccelerated = false, sRendererDisabled = false, forceHwAccelerated = false, sSystemRendererDisabled = false
03-20 13:44:00.192   502   571 I SurfaceFlinger: [SF client] NEW(0xb4000074c0ded9b0) for (1058:system_server)
03-20 13:44:00.195  3498  3498 D libMEOW : applied 1 plugins for [com.emanuelef.remote_capture]:
03-20 13:44:00.195  3498  3498 D libMEOW :   plugin 1: [libMEOW_gift.so]:
03-20 13:44:00.196  3498  3498 I InputTransport: Create ARC handle: 0xb40000796781fa00
03-20 13:44:00.197  3498  3498 V PhoneWindow: DecorView setVisiblity: visibility = 0, Parent = android.view.ViewRootImpl@55f1ee4, this = DecorView@d41cf4d[MainActivity]
03-20 13:44:00.199  1058  1332 I InputDispatcher: setInputWindows displayId=0 Window{d287a4f u0 StatusBar} Window{3b7bdc4 u0 Splash Screen com.emanuelef.remote_capture} com.android.settings/com.android.settings.SubSettings#0 Window{36fce u0 com.android.systemui.ImageWallpaper} 
03-20 13:44:00.199  3498  3498 D CaptureService: onCreate
03-20 13:44:00.200   689  2595 D MtkOmxVenc: [0xe6780010] ret 0, wait fence 109 took 11224 us
03-20 13:44:00.214  3498  3498 D CaptureService: onStartCommand
03-20 13:44:00.216  1058  2005 I InputDispatcher: setInputWindows displayId=0 Window{d287a4f u0 StatusBar} Window{3b7bdc4 u0 Splash Screen com.emanuelef.remote_capture} com.android.settings/com.android.settings.SubSettings#0 Window{36fce u0 com.android.systemui.ImageWallpaper} 
03-20 13:44:00.217  3498  3498 D CaptureService: alwaysOn? false
03-20 13:44:00.218  3498  3498 E .remote_captur: No implementation found for void com.emanuelef.remote_capture.CaptureService.setPrivateDnsBlocked(boolean) (tried Java_com_emanuelef_remote_1capture_CaptureService_setPrivateDnsBlocked and Java_com_emanuelef_remote_1capture_CaptureService_setPrivateDnsBlocked__Z)
03-20 13:44:00.218   689  2595 D MtkOmxVenc: [0xe6780010] ret 0, wait fence 109 took 11221 us
03-20 13:44:00.218  3498  3498 D AndroidRuntime: Shutting down VM
03-20 13:44:00.219  3498  3498 E AndroidRuntime: FATAL EXCEPTION: main
03-20 13:44:00.219  3498  3498 E AndroidRuntime: Process: com.emanuelef.remote_capture, PID: 3498
03-20 13:44:00.219  3498  3498 E AndroidRuntime: java.lang.UnsatisfiedLinkError: No implementation found for void com.emanuelef.remote_capture.CaptureService.setPrivateDnsBlocked(boolean) (tried Java_com_emanuelef_remote_1capture_CaptureService_setPrivateDnsBlocked and Java_com_emanuelef_remote_1capture_CaptureService_setPrivateDnsBlocked__Z)
03-20 13:44:00.219  3498  3498 E AndroidRuntime: 	at com.emanuelef.remote_capture.CaptureService.setPrivateDnsBlocked(Native Method)
03-20 13:44:00.219  3498  3498 E AndroidRuntime: 	at com.emanuelef.remote_capture.CaptureService.onStartCommand(CaptureService.java:264)
03-20 13:44:00.219  3498  3498 E AndroidRuntime: 	at android.app.ActivityThread.handleServiceArgs(ActivityThread.java:4373)
03-20 13:44:00.219  3498  3498 E AndroidRuntime: 	at android.app.ActivityThread.access$2000(ActivityThread.java:244)
03-20 13:44:00.219  3498  3498 E AndroidRuntime: 	at android.app.ActivityThread$H.handleMessage(ActivityThread.java:2001)
03-20 13:44:00.219  3498  3498 E AndroidRuntime: 	at android.os.Handler.dispatchMessage(Handler.java:106)
03-20 13:44:00.219  3498  3498 E AndroidRuntime: 	at android.os.Looper.loop(Looper.java:223)
03-20 13:44:00.219  3498  3498 E AndroidRuntime: 	at android.app.ActivityThread.main(ActivityThread.java:7723)
03-20 13:44:00.219  3498  3498 E AndroidRuntime: 	at java.lang.reflect.Method.invoke(Native Method)
03-20 13:44:00.219  3498  3498 E AndroidRuntime: 	at com.android.internal.os.RuntimeInit$MethodAndArgsCaller.run(RuntimeInit.java:612)
03-20 13:44:00.219  3498  3498 E AndroidRuntime: 	at com.android.internal.os.ZygoteInit.main(ZygoteInit.java:997)
03-20 13:44:00.221   483   547 I libPowerHal: [perfNotifyAppState] pack:com.emanuelef.remote_capture, pid:3498, STATE_DEAD
03-20 13:44:00.221   483   547 D RilUtility: notify_rild_crash_pid_set certPid:-1, crash:3498, scn:0x0
03-20 13:44:00.223  1058  3522 I DropBoxManagerService: add tag=system_app_crash isTagEnabled=true flags=0x2
03-20 13:44:00.223  1058  1332 W ActivityTaskManager:   Force finishing activity com.emanuelef.remote_capture/.activities.MainActivity
03-20 13:44:00.227   502   502 I SurfaceFlinger: operator()(), mtkRenderCntDebug 11, screenshot (Splash Screen com.emanuelef.remote_capture#0)
03-20 13:44:00.229  1058  1074 I WindowManager: turn off keyboard light.
03-20 13:44:00.230   480   480 D android.hardware.lights-service.mediatek: write 0 to /sys/class/leds/keyboard-backlight/brightness, result: 0
03-20 13:44:00.231   483   547 I libPowerHal: [perfLockAcq] idx:4 hdl:188 hint:22 pid:483 duration:10000 => ret_hdl:188
03-20 13:44:00.231   483   547 I libPowerHal: [PE] scn:4 hdl:188 hint:22 comm:mtkpower@1.0-se pid:483
03-20 13:44:00.231   483   547 I libPowerHal: [perfLockRel] hdl:186, idx:2
03-20 13:44:00.231   483   547 I libPowerHal: [PD] scn:2 hdl:186 hint:22 comm:mtkpower@1.0-se pid:483
03-20 13:44:00.234  1058  2005 I InputDispatcher: setInputWindows displayId=0 Window{d287a4f u0 StatusBar} Window{3b7bdc4 u0 Splash Screen com.emanuelef.remote_capture} com.android.settings/com.android.settings.SubSettings#0 Window{36fce u0 com.android.systemui.ImageWallpaper} 
03-20 13:44:00.237  3498  3498 I Process : Sending signal. PID: 3498 SIG: 9
03-20 13:44:00.238   689  2595 D MtkOmxVenc: [0xe6780010] ret 0, wait fence 109 took 12461 us
03-20 13:44:00.252  1058  1332 I InputDispatcher: setInputWindows displayId=0 Window{d287a4f u0 StatusBar} Window{3b7bdc4 u0 Splash Screen com.emanuelef.remote_capture} com.android.settings/com.android.settings.SubSettings#0 Window{36fce u0 com.android.systemui.ImageWallpaper} 
03-20 13:44:00.265  1058  1577 V ActivityManager: Death received in com.android.server.am.ActivityManagerService$AppDeathRecipient@1c44c2e for thread android.os.BinderProxy@95ea3cf
03-20 13:44:00.265  1058  1577 I ActivityManager: Process com.emanuelef.remote_capture (pid 3498) has died: fg  TOP 
03-20 13:44:00.266  1058  2009 I WindowManager: WIN DEATH: Window{e9e5dbc u0 com.emanuelef.remote_capture/com.emanuelef.remote_capture.activities.MainActivity}
03-20 13:44:00.266  1058  2009 W InputDispatcher: Attempted to unregister already unregistered input channel 'e9e5dbc com.emanuelef.remote_capture/com.emanuelef.remote_capture.activities.MainActivity (server)'
03-20 13:44:00.266   438   438 I Zygote  : Process 3498 exited due to signal 9 (Killed)
03-20 13:44:00.266  1058  1077 D View    : [Warning] assignParent to null: this = DecorView@c152ba7[remote_capture]
03-20 13:44:00.267   502   571 I BufferQueueProducer: [Splash Screen com.emanuelef.remote_capture#0](id:1f600000033,api:2,p:1058,c:502) disconnect(): api=2
03-20 13:44:00.267  1058  1085 I libprocessgroup: Successfully killed process cgroup uid 10093 pid 3498 in 1ms
03-20 13:44:00.270  1058  1071 I InputDispatcher: setInputWindows displayId=0 Window{d287a4f u0 StatusBar} Splash Screen com.emanuelef.remote_capture#0 com.android.settings/com.android.settings.SubSettings#0 Window{36fce u0 com.android.systemui.ImageWallpaper} 
03-20 13:44:00.270  1058  1071 I InputDispatcher: Window went away: Window{3b7bdc4 u0 Splash Screen com.emanuelef.remote_capture}
03-20 13:44:00.275  1058  1077 I InputTransport: Destroy ARC handle: 0xb4000079678dd6f0
03-20 13:44:00.276  1058  3207 I GED     : ged_boost_gpu_freq, level 100, eOrigin 2, final_idx 2, oppidx_max 2, oppidx_min 0
03-20 13:44:00.277  1058  1577 W ActivityManager: Canceling start item Intent { cmp=com.emanuelef.remote_capture/.CaptureService (has extras) } in service com.emanuelef.remote_capture/.CaptureService
03-20 13:44:00.282   483   547 I libPowerHal: [perfNotifyAppState] pack:com.emanuelef.remote_capture, pid:3498, STATE_DEAD
03-20 13:44:00.282   483   547 D RilUtility: notify_rild_crash_pid_set certPid:-1, crash:3498, scn:0x0
03-20 13:44:00.286  1058  1577 W WindowManager: Changing focus fromnull to Window{c59c980 u0 com.android.settings/com.android.settings.SubSettings} displayId=0 Callers=com.android.server.wm.RootWindowContainer.updateFocusedWindowLocked:457 com.android.server.wm.WindowManagerService.updateFocusedWindowLocked:5602 com.android.server.wm.DisplayContent.setFocusedApp:5517 com.android.server.wm.ActivityTaskManagerService.setResumedActivityUncheckLocked:5510 
03-20 13:44:00.287  1058  2009 I InputDispatcher: setInputWindows displayId=0 Window{d287a4f u0 StatusBar} com.android.settings/com.android.settings.SubSettings#0 Window{36fce u0 com.android.systemui.ImageWallpaper} 
03-20 13:44:00.288  1058  2009 I InputDispatcher: Window went away: Splash Screen com.emanuelef.remote_capture#0
03-20 13:44:00.288   502   502 I BufferQueueConsumer: [Splash Screen com.emanuelef.remote_capture#0](id:1f600000033,api:0,p:-1,c:502) disconnect()
03-20 13:44:00.288   502   502 I BufferQueue: [Splash Screen com.emanuelef.remote_capture#0](this:0xb400007570e12f28,id:51,api:2,p:-1,c:-1) onDestructor()
03-20 13:44:00.302  1058  1076 W ActivityManager: setHasOverlayUi called on unknown pid: 3498
03-20 13:44:00.305  1058  2016 I InputDispatcher: setInputWindows displayId=0 Window{d287a4f u0 StatusBar} Window{c59c980 u0 com.android.settings/com.android.settings.SubSettings} Window{36fce u0 com.android.systemui.ImageWallpaper} 
03-20 13:44:00.305  1058  2016 I InputDispatcher: Focus entered window: Window{c59c980 u0 com.android.settings/com.android.settings.SubSettings} in display 0
03-20 13:44:00.305  1058  2016 I InputDispatcher: Window went away: com.android.settings/com.android.settings.SubSettings#0
03-20 13:44:00.307   689  2595 D MtkOmxVenc: [0xe6780010] ret 0, wait fence 109 took 12249 us
03-20 13:44:00.311  1520  3406 W TileUtils: Found com.mediatek.duraspeed.DuraSpeedMainActivity for intent Intent { act=com.android.settings.action.EXTRA_SETTINGS } missing metadata com.android.settings.category
03-20 13:44:00.311  1520  1520 V PhoneWindow: DecorView setVisiblity: visibility = 0, Parent = android.view.ViewRootImpl@a4c6f00, this = DecorView@ecb103d[SubSettings]
03-20 13:44:00.313  1801  1801 V PhoneWindow: DecorView setVisiblity: visibility = 8, Parent = android.view.ViewRootImpl@e7c9253, this = DecorView@ed1c790[InputMethod]
03-20 13:44:00.316  1801  1801 I GoogleInputMethodService: GoogleInputMethodService.onFinishInput():3235 
03-20 13:44:00.317  1801  1801 I GoogleInputMethodService: GoogleInputMethodService.onStartInput():1858 
03-20 13:44:00.319  1520  3470 D DefaultSettingsMiscExt: default doUpdateTilesList
03-20 13:44:00.319  1520  3470 D SettingsActivity: No enabled state changed, skipping updateCategory call
03-20 13:44:00.323  1058  2009 I InputDispatcher: setInputWindows displayId=0 Window{d287a4f u0 StatusBar} Window{c59c980 u0 com.android.settings/com.android.settings.SubSettings} Window{36fce u0 com.android.systemui.ImageWallpaper} 
03-20 13:44:00.325   483   508 I mtkpower@impl: [mtkPowerHint] hint:22, hold:0, ext:30, ext_hold:2000
03-20 13:44:00.326   483   547 I libPowerHal: [perfLockRel] hdl:188, idx:4
03-20 13:44:00.326   483   547 I libPowerHal: [PD] scn:4 hdl:188 hint:22 comm:mtkpower@1.0-se pid:483
03-20 13:44:00.326   483   510 I mtkpower@impl: [setMode] type:5, enabled:0
03-20 13:44:00.327   483   508 I mtkpower@impl: [mtkPowerHint] hint:21, hold:6000, ext:30, ext_hold:35000
03-20 13:44:00.327   483   547 I libPowerHal: [perfLockAcq] idx:2 hdl:189 hint:30 pid:483 duration:2000 => ret_hdl:189
03-20 13:44:00.327   483   547 I libPowerHal: [PE] scn:2 hdl:189 hint:30 comm:mtkpower@1.0-se pid:483
03-20 13:44:00.329   483   547 I libPowerHal: [perfLockRel] hdl:185, idx:1
03-20 13:44:00.329   483   547 I libPowerHal: [PD] scn:1 hdl:185 hint:11 comm:mtkpower@1.0-se pid:483
03-20 13:44:00.330   483   547 I libPowerHal: [perfLockAcq] idx:4 hdl:190 hint:21 pid:483 duration:6000 => ret_hdl:190
03-20 13:44:00.330   483   547 I libPowerHal: [PE] scn:4 hdl:190 hint:21 comm:mtkpower@1.0-se pid:483
03-20 13:44:00.330   483   547 I libPowerHal: [perfLockRel] hdl:187, idx:3
03-20 13:44:00.330   483   547 I libPowerHal: [PD] scn:3 hdl:187 hint:21 comm:mtkpower@1.0-se pid:483
03-20 13:44:00.331   483   547 I libPowerHal: [perfLockAcq] idx:1 hdl:191 hint:30 pid:483 duration:35000 => ret_hdl:191
03-20 13:44:00.331   483   547 I libPowerHal: [PE] scn:1 hdl:191 hint:30 comm:mtkpower@1.0-se pid:483
03-20 13:44:00.340  1058  1577 I InputDispatcher: setInputWindows displayId=0 Window{d287a4f u0 StatusBar} Window{c59c980 u0 com.android.settings/com.android.settings.SubSettings} Window{36fce u0 com.android.systemui.ImageWallpaper} 
03-20 13:44:00.341   689  2595 D MtkOmxVenc: [0xe6780010] ret 0, wait fence 109 took 10925 us
03-20 13:44:00.358  1058  2009 I InputDispatcher: setInputWindows displayId=0 Window{d287a4f u0 StatusBar} Window{c59c980 u0 com.android.settings/com.android.settings.SubSettings} Window{36fce u0 com.android.systemui.ImageWallpaper} 
03-20 13:44:00.359   689  2595 D MtkOmxVenc: [0xe6780010] ret 0, wait fence 109 took 11406 us
03-20 13:44:00.376  1058  2009 I InputDispatcher: setInputWindows displayId=0 Window{d287a4f u0 StatusBar} Window{c59c980 u0 com.android.settings/com.android.settings.SubSettings} Window{36fce u0 com.android.systemui.ImageWallpaper} 
03-20 13:44:00.377   689  2595 D MtkOmxVenc: [0xe6780010] ret 0, wait fence 109 took 11291 us
03-20 13:44:00.391  1058  3207 I libMEOW_gift: ctx:0xb4000079b784f4a0, ARC not Enabled.
03-20 13:44:00.394  1058  2009 I InputDispatcher: setInputWindows displayId=0 Window{d287a4f u0 StatusBar} Window{c59c980 u0 com.android.settings/com.android.settings.SubSettings} Window{36fce u0 com.android.systemui.ImageWallpaper} 
03-20 13:44:00.394   689  2595 D MtkOmxVenc: [0xe6780010] ret 0, wait fence 109 took 10875 us
03-20 13:44:00.412  1058  2009 I InputDispatcher: setInputWindows displayId=0 Window{d287a4f u0 StatusBar} Window{c59c980 u0 com.android.settings/com.android.settings.SubSettings} Window{36fce u0 com.android.systemui.ImageWallpaper} 
03-20 13:44:00.412   689  2595 D MtkOmxVenc: [0xe6780010] ret 0, wait fence 109 took 10937 us
03-20 13:44:00.422  1244  1244 D InterruptionStateProvider: No bubble up: not allowed to bubble: 0|com.emanuelef.remote_capture|1|null|10093
03-20 13:44:00.423  1244  1244 D InterruptionStateProvider: No heads up: unimportant notification: 0|com.emanuelef.remote_capture|1|null|10093
03-20 13:44:00.425  1058  3207 I GED     : ged_boost_gpu_freq, level 100, eOrigin 2, final_idx 2, oppidx_max 2, oppidx_min 0
03-20 13:44:00.430   689  2595 D MtkOmxVenc: [0xe6780010] ret 0, wait fence 109 took 11410 us
03-20 13:44:00.448   689  2595 D MtkOmxVenc: [0xe6780010] ret 0, wait fence 109 took 11704 us
03-20 13:44:00.465   689  2595 D MtkOmxVenc: [0xe6780010] ret 0, wait fence 109 took 10060 us
03-20 13:44:00.483   689  2595 D MtkOmxVenc: [0xe6780010] ret 0, wait fence 109 took 10530 us
03-20 13:44:00.596  1058  3207 I GED     : ged_boost_gpu_freq, level 100, eOrigin 2, final_idx 2, oppidx_max 2, oppidx_min 0
03-20 13:44:00.629   483   547 I mtkpower@impl: [powerd_req] TIMER_MSG_PERF_LOCK_TIMEOUT hdl:180
03-20 13:44:00.629   483   547 I libPowerHal: [perfLockRel] hdl:180, idx:0
03-20 13:44:00.629   483   547 I libPowerHal: [PD] scn:0 hdl:180 hint:30 comm:mtkpower@1.0-se pid:483
03-20 13:44:00.674   483   547 I libPowerHal: [perfLockAcq] idx:0 hdl:192 hint:25 pid:483 duration:10000 => ret_hdl:192
03-20 13:44:00.674   483   547 I libPowerHal: [PE] scn:0 hdl:192 hint:25 comm:mtkpower@1.0-se pid:483
