03-20 13:44:00.674   483   547 I libPowerHal: [PE] MTKPOWER_HINT_APP_TOUCH update cmd:3408600 param:1
03-20 13:44:00.682  1244  1326 D WifiSignalController: isWifi6: false,wifiVisible: true
03-20 13:44:00.686  1244  1326 D VibrateTile: handleUpdateState: state.value = true
03-20 13:44:00.690  1244  1326 D VibrateTile: handleUpdateState: state.value = true
03-20 13:44:00.691  1244  1244 D StatusBar: disable<e i a s b h r c s > disable2<q i n >
03-20 13:44:00.700  1058  2009 I WindowManager: Relayout Window{5c7f25a u0 NotificationShade}: oldVis=4 newVis=0 focusMayChange = true
03-20 13:44:00.703   502  1788 I BufferQueueConsumer: [](id:1f600000034,api:0,p:-1,c:502) connect(): controlledByApp=false
03-20 13:44:00.704   502  1788 I BufferQueue: [unnamed-502-52](this:0xb400007570e1afa8,id:52,api:0,p:-1,c:-1) BufferQueue core=(502:/system/bin/surfaceflinger)
03-20 13:44:00.708   502   570 I BufferQueueProducer: [NotificationShade#0](id:1f600000034,api:1,p:1244,c:502) connect(): api=1 producerControlledByApp=false
03-20 13:44:00.712  1058  2009 I InputDispatcher: setInputWindows displayId=0 NotificationShade#0 Window{d287a4f u0 StatusBar} Window{c59c980 u0 com.android.settings/com.android.settings.SubSettings} Window{36fce u0 com.android.systemui.ImageWallpaper} 
03-20 13:44:00.715   464   633 I hwcomposer: [HWCDisplay] [Display_0 (type:1)] fps:45.117355,dur:1041.73,max:248.49,min:10.85  
03-20 13:44:00.717   464   633 I hwcomposer: [HWCDisplay] [Display_2 (type:2)] fps:45.218472,dur:1039.40,max:248.82,min:10.44  
03-20 13:44:00.719   502   502 I BufferQueueProducer: [VDS-scrcpy SINK](this:0xb400007570df6ea8,id:-1,api:1,p:502,c:502) queueBuffer: fps=45.27 dur=1038.17 max=249.05 min=10.36
03-20 13:44:00.724  1058  1076 W ActivityTaskManager: Activity top resumed state loss timeout for ActivityRecord{d89077e u0 com.emanuelef.remote_capture/.activities.MainActivity t-1 f}}
03-20 13:44:00.725   483   547 I libPowerHal: [perfNotifyAppState] foreground:com.android.settings, pid:1520, uid:1000
03-20 13:44:00.725   483   547 E UxUtility: notifyAppState error = NULL
03-20 13:44:00.725   483   547 I TouchUtility: notifyAppState error = NULL
03-20 13:44:00.726   483   508 I mtkpower@impl: [notifyAppState] pc:0, com.emanuelef.remote_capture => com.android.settings
03-20 13:44:00.726   483   547 I libPowerHal: [perfLockAcq] idx:3 hdl:193 hint:21 pid:483 duration:1 => ret_hdl:193
03-20 13:44:00.726   483   547 I libPowerHal: [PE] scn:3 hdl:193 hint:21 comm:mtkpower@1.0-se pid:483
03-20 13:44:00.727   483   547 I mtkpower@impl: [powerd_req] TIMER_MSG_PERF_LOCK_TIMEOUT hdl:193
03-20 13:44:00.727   483   547 I libPowerHal: [perfLockRel] hdl:193, idx:3
03-20 13:44:00.727   483   547 I libPowerHal: [PD] scn:3 hdl:193 hint:21 comm:mtkpower@1.0-se pid:483
03-20 13:44:00.727   483   547 I libPowerHal: [perfLockRel] hdl:190, idx:4
03-20 13:44:00.727   483   547 I libPowerHal: [PD] scn:4 hdl:190 hint:21 comm:mtkpower@1.0-se pid:483
03-20 13:44:00.728   483   547 I libPowerHal: MTKPOWER_HINT_PROCESS_CREATE: cpu_ctrl set cpu freq: -1 -1 -1 -1
03-20 13:44:00.728   483   547 I libPowerHal: [PD] MTKPOWER_HINT_PROCESS_CREATE update cmd:1000000, param:1
03-20 13:44:00.728   483   547 I libPowerHal: [PD] MTKPOWER_HINT_PROCESS_CREATE update cmd:1408300 param:40
03-20 13:44:00.729   483   547 I libPowerHal: [PD] MTKPOWER_HINT_PROCESS_CREATE update cmd:1000000 param:1
03-20 13:44:00.730  1058  1577 I InputDispatcher: setInputWindows displayId=0 Window{5c7f25a u0 NotificationShade} Window{d287a4f u0 StatusBar} Window{c59c980 u0 com.android.settings/com.android.settings.SubSettings} Window{36fce u0 com.android.systemui.ImageWallpaper} 
03-20 13:44:00.730  1058  1577 I InputDispatcher: Window went away: NotificationShade#0
03-20 13:44:00.736  1244  1244 D StatusBar: disable<e i a s b h r c s > disable2<q i n >
03-20 13:44:00.744  1058  1577 W WindowManager: Changing focus fromWindow{c59c980 u0 com.android.settings/com.android.settings.SubSettings} to Window{5c7f25a u0 NotificationShade} displayId=0 Callers=com.android.server.wm.RootWindowContainer.updateFocusedWindowLocked:457 com.android.server.wm.WindowManagerService.updateFocusedWindowLocked:5602 com.android.server.wm.WindowManagerService.relayoutWindow:2395 com.android.server.wm.Session.relayout:213 
03-20 13:44:00.748  1058  2009 I InputDispatcher: setInputWindows displayId=0 Window{5c7f25a u0 NotificationShade} Window{d287a4f u0 StatusBar} Window{c59c980 u0 com.android.settings/com.android.settings.SubSettings} Window{36fce u0 com.android.systemui.ImageWallpaper} 
03-20 13:44:00.751  1801  1801 V PhoneWindow: DecorView setVisiblity: visibility = 8, Parent = android.view.ViewRootImpl@e7c9253, this = DecorView@ed1c790[InputMethod]
03-20 13:44:00.766  1058  2009 I InputDispatcher: setInputWindows displayId=0 Window{5c7f25a u0 NotificationShade} Window{d287a4f u0 StatusBar} Window{c59c980 u0 com.android.settings/com.android.settings.SubSettings} Window{36fce u0 com.android.systemui.ImageWallpaper} 
03-20 13:44:00.766  1058  2009 I InputDispatcher: Focus left window: Window{c59c980 u0 com.android.settings/com.android.settings.SubSettings} in display 0
03-20 13:44:00.766  1058  2009 I InputDispatcher: Focus entered window: Window{5c7f25a u0 NotificationShade} in display 0
03-20 13:44:00.782   483   547 I libPowerHal: [perfLockRel] hdl:192, idx:0
03-20 13:44:00.782   483   547 I libPowerHal: [PD] scn:0 hdl:192 hint:25 comm:mtkpower@1.0-se pid:483
03-20 13:44:00.782   483   547 I libPowerHal: [PD] MTKPOWER_HINT_APP_TOUCH update cmd:3408600 param:0
03-20 13:44:00.787   502   570 I BufferQueueProducer: [com.android.settings/com.android.settings.SubSettings#0](this:0xb400007570e14f48,id:49,api:1,p:1520,c:502) queueBuffer: fps=20.34 dur=1130.86 max=460.13 min=7.22
03-20 13:44:00.880  1058  1067 I system_server: NativeAlloc concurrent copying GC freed 49580(2618KB) AllocSpace objects, 12(492KB) LOS objects, 32% free, 12MB/18MB, paused 251us total 271.148ms
03-20 13:44:00.885  1058  1069 W System  : A resource failed to call release. 
03-20 13:44:00.887  1058  1069 W System  : A resource failed to call release. 
03-20 13:44:00.891  1058  2009 I InputDispatcher: setInputWindows displayId=0 Window{5c7f25a u0 NotificationShade} Window{d287a4f u0 StatusBar} Window{c59c980 u0 com.android.settings/com.android.settings.SubSettings} Window{36fce u0 com.android.systemui.ImageWallpaper} 
03-20 13:44:00.892  1058  1069 W System  : A resource failed to call release. 
03-20 13:44:00.908  1058  1577 I InputDispatcher: setInputWindows displayId=0 Window{5c7f25a u0 NotificationShade} Window{d287a4f u0 StatusBar} Window{c59c980 u0 com.android.settings/com.android.settings.SubSettings} Window{36fce u0 com.android.systemui.ImageWallpaper} 
03-20 13:44:01.037  1244  1326 D WifiSignalController: isWifi6: false,wifiVisible: true
03-20 13:44:01.060  1244  1244 D CarrierTextController: updateCarrierText() - after combination, displayText = No SIM card, allSimsMissing = true
03-20 13:44:01.074  1244  1244 I chatty  : uid=10125(com.android.systemui) identical 2 lines
03-20 13:44:01.080  1244  1244 D CarrierTextController: updateCarrierText() - after combination, displayText = No SIM card, allSimsMissing = true
03-20 13:44:01.108  1058  1167 E WifiVendorHal: getWifiLinkLayerStats_1_3_Internal(l.973) failed {.code = ERROR_NOT_SUPPORTED, .description = }
03-20 13:44:01.131  1244  1244 D WifiSignalController: isWifi6: false,wifiVisible: true
03-20 13:44:01.132  1244  1326 D WifiSignalController: isWifi6: false,wifiVisible: true
03-20 13:44:01.142   502   570 I BufferQueueProducer: [StatusBar#0](this:0xb400007570dfede8,id:5,api:1,p:1244,c:502) queueBuffer: fps=15.40 dur=1103.86 max=381.37 min=5.77
03-20 13:44:02.070   483   547 I libPowerHal: [perfLockAcq] idx:0 hdl:194 hint:25 pid:483 duration:10000 => ret_hdl:194
03-20 13:44:02.070   483   547 I libPowerHal: [PE] scn:0 hdl:194 hint:25 comm:mtkpower@1.0-se pid:483
03-20 13:44:02.072   483   547 I libPowerHal: [PE] MTKPOWER_HINT_APP_TOUCH update cmd:3408600 param:1
03-20 13:44:02.124   502  1788 I BufferQueueProducer: [NotificationShade#0](this:0xb400007570e1afa8,id:52,api:1,p:1244,c:502) queueBuffer: fps=25.67 dur=1402.16 max=736.99 min=9.27
03-20 13:44:02.132   464   633 I hwcomposer: [HWCDisplay] [Display_0 (type:1)] fps:27.527737,dur:1416.75,max:722.82,min:13.47  
03-20 13:44:02.134   464   633 I hwcomposer: [HWCDisplay] [Display_2 (type:2)] fps:27.538504,dur:1416.20,max:720.96,min:12.91  
03-20 13:44:02.136   502   502 I BufferQueueProducer: [VDS-scrcpy SINK](this:0xb400007570df6ea8,id:-1,api:1,p:502,c:502) queueBuffer: fps=27.53 dur=1416.50 max=720.63 min=12.56
03-20 13:44:02.328   483   547 I mtkpower@impl: [powerd_req] TIMER_MSG_PERF_LOCK_TIMEOUT hdl:189
03-20 13:44:02.329   483   547 I libPowerHal: [perfLockRel] hdl:189, idx:2
03-20 13:44:02.329   483   547 I libPowerHal: [PD] scn:2 hdl:189 hint:30 comm:mtkpower@1.0-se pid:483
03-20 13:44:02.557   483   547 I libPowerHal: [perfLockRel] hdl:194, idx:0
03-20 13:44:02.557   483   547 I libPowerHal: [PD] scn:0 hdl:194 hint:25 comm:mtkpower@1.0-se pid:483
03-20 13:44:02.557   483   547 I libPowerHal: [PD] MTKPOWER_HINT_APP_TOUCH update cmd:3408600 param:0
03-20 13:44:02.803  1058  1964 E TaskPersister: File error accessing recents directory (directory doesn't exist?).
03-20 13:44:03.313   502   571 I BufferQueueProducer: [NotificationShade#0](this:0xb400007570e1afa8,id:52,api:1,p:1244,c:502) queueBuffer: fps=22.72 dur=1188.55 max=686.59 min=9.04
03-20 13:44:03.317   502   571 I BufferQueueProducer: [StatusBar#0](this:0xb400007570dfede8,id:5,api:1,p:1244,c:502) queueBuffer: fps=5.98 dur=2174.25 max=1945.21 min=16.58
03-20 13:44:03.321   464   633 I hwcomposer: [HWCDisplay] [Display_0 (type:1)] fps:22.704601,dur:1189.19,max:674.63,min:8.69  
03-20 13:44:03.324   464   633 I hwcomposer: [HWCDisplay] [Display_2 (type:2)] fps:22.688532,dur:1190.03,max:674.31,min:8.70  
03-20 13:44:03.326   502   502 I BufferQueueProducer: [VDS-scrcpy SINK](this:0xb400007570df6ea8,id:-1,api:1,p:502,c:502) queueBuffer: fps=22.68 dur=1190.57 max=674.41 min=7.89
03-20 13:44:04.110   709   709 I thermal_repeater: [recvMdThermalInfo] ret=29, strLen=127,  1, 32767,,, -28361, 32767, 0
03-20 13:44:04.134  1058  1167 E WifiVendorHal: getWifiLinkLayerStats_1_3_Internal(l.973) failed {.code = ERROR_NOT_SUPPORTED, .description = }
03-20 13:44:04.605   483   547 I libPowerHal: [perfLockAcq] idx:0 hdl:195 hint:25 pid:483 duration:10000 => ret_hdl:195
03-20 13:44:04.605   483   547 I libPowerHal: [PE] scn:0 hdl:195 hint:25 comm:mtkpower@1.0-se pid:483
03-20 13:44:04.607   483   547 I libPowerHal: [PE] MTKPOWER_HINT_APP_TOUCH update cmd:3408600 param:1
03-20 13:44:04.707   502  1788 I BufferQueueProducer: [NotificationShade#0](this:0xb400007570e1afa8,id:52,api:1,p:1244,c:502) queueBuffer: fps=22.96 dur=1393.58 max=790.73 min=9.50
03-20 13:44:04.721   464   633 I hwcomposer: [HWCDisplay] [Display_0 (type:1)] fps:22.855196,dur:1400.12,max:780.32,min:15.76  
03-20 13:44:04.724   464   633 I hwcomposer: [HWCDisplay] [Display_2 (type:2)] fps:22.847664,dur:1400.58,max:778.98,min:14.57  
03-20 13:44:04.727   502   502 I BufferQueueProducer: [VDS-scrcpy SINK](this:0xb400007570df6ea8,id:-1,api:1,p:502,c:502) queueBuffer: fps=22.85 dur=1400.49 max=778.39 min=13.77
03-20 13:44:04.878   483   547 I libPowerHal: [perfLockRel] hdl:195, idx:0
03-20 13:44:04.878   483   547 I libPowerHal: [PD] scn:0 hdl:195 hint:25 comm:mtkpower@1.0-se pid:483
03-20 13:44:04.878   483   547 I libPowerHal: [PD] MTKPOWER_HINT_APP_TOUCH update cmd:3408600 param:0
03-20 13:44:04.911   689  2595 D MtkOmxVenc: [0xe6780010] ret 0, wait fence 109 took 11496 us
03-20 13:44:04.930   689  2595 D MtkOmxVenc: [0xe6780010] ret 0, wait fence 109 took 10577 us
03-20 13:44:04.998   689  2595 D MtkOmxVenc: [0xe6780010] ret 0, wait fence 109 took 10539 us
03-20 13:44:05.035   689  2595 D MtkOmxVenc: [0xe6780010] ret 0, wait fence 109 took 10020 us
03-20 13:44:05.105   689  2595 D MtkOmxVenc: [0xe6780010] ret 0, wait fence 109 took 10501 us
03-20 13:44:06.177   502   571 I BufferQueueProducer: [NotificationShade#0](this:0xb400007570e1afa8,id:52,api:1,p:1244,c:502) queueBuffer: fps=17.01 dur=1469.86 max=1054.75 min=8.55
03-20 13:44:06.194   464   633 I hwcomposer: [HWCDisplay] [Display_0 (type:1)] fps:16.965092,dur:1473.61,max:1050.13,min:10.78  
03-20 13:44:06.200   464   633 I hwcomposer: [HWCDisplay] [Display_2 (type:2)] fps:16.939959,dur:1475.80,max:1051.59,min:8.71  
03-20 13:44:06.204   502   502 I BufferQueueProducer: [VDS-scrcpy SINK](this:0xb400007570df6ea8,id:-1,api:1,p:502,c:502) queueBuffer: fps=16.92 dur=1477.38 max=1053.10 min=8.12
03-20 13:44:06.410   483   547 I libPowerHal: [perfLockAcq] idx:0 hdl:196 hint:25 pid:483 duration:10000 => ret_hdl:196
03-20 13:44:06.410   483   547 I libPowerHal: [PE] scn:0 hdl:196 hint:25 comm:mtkpower@1.0-se pid:483
03-20 13:44:06.413   483   547 I libPowerHal: [PE] MTKPOWER_HINT_APP_TOUCH update cmd:3408600 param:1
03-20 13:44:06.701   689  2595 D MtkOmxVenc: [0xe6780010] ret 0, wait fence 109 took 11191 us
03-20 13:44:06.722   483   547 I libPowerHal: [perfLockRel] hdl:196, idx:0
03-20 13:44:06.722   483   547 I libPowerHal: [PD] scn:0 hdl:196 hint:25 comm:mtkpower@1.0-se pid:483
03-20 13:44:06.722   483   547 I libPowerHal: [PD] MTKPOWER_HINT_APP_TOUCH update cmd:3408600 param:0
03-20 13:44:06.753   689  2595 D MtkOmxVenc: [0xe6780010] ret 0, wait fence 109 took 10166 us
03-20 13:44:06.876   689  2595 D MtkOmxVenc: [0xe6780010] ret 0, wait fence 109 took 10627 us
03-20 13:44:06.947   689  2595 D MtkOmxVenc: [0xe6780010] ret 0, wait fence 109 took 10658 us
03-20 13:44:07.001   689  2595 D MtkOmxVenc: [0xe6780010] ret 0, wait fence 109 took 12003 us
03-20 13:44:07.037   689  2595 D MtkOmxVenc: [0xe6780010] ret 0, wait fence 109 took 12327 us
03-20 13:44:07.071   689  2595 D MtkOmxVenc: [0xe6780010] ret 0, wait fence 109 took 10111 us
03-20 13:44:07.089   689  2595 D MtkOmxVenc: [0xe6780010] ret 0, wait fence 109 took 11157 us
03-20 13:44:07.142   689  2595 D MtkOmxVenc: [0xe6780010] ret 0, wait fence 109 took 11492 us
03-20 13:44:07.173  1058  1167 E WifiVendorHal: getWifiLinkLayerStats_1_3_Internal(l.973) failed {.code = ERROR_NOT_SUPPORTED, .description = }
03-20 13:44:07.442   483   547 I libPowerHal: [perfLockAcq] idx:0 hdl:197 hint:25 pid:483 duration:10000 => ret_hdl:197
03-20 13:44:07.442   483   547 I libPowerHal: [PE] scn:0 hdl:197 hint:25 comm:mtkpower@1.0-se pid:483
03-20 13:44:07.444   483   547 I libPowerHal: [PE] MTKPOWER_HINT_APP_TOUCH update cmd:3408600 param:1
03-20 13:44:07.567   502   570 I BufferQueueProducer: [NotificationShade#0](this:0xb400007570e1afa8,id:52,api:1,p:1244,c:502) queueBuffer: fps=28.05 dur=1390.57 max=407.54 min=10.63
03-20 13:44:07.589   464   633 I hwcomposer: [HWCDisplay] [Display_0 (type:1)] fps:27.962297,dur:1394.74,max:409.87,min:10.17  
03-20 13:44:07.592   464   633 I hwcomposer: [HWCDisplay] [Display_2 (type:2)] fps:28.008343,dur:1392.44,max:409.16,min:11.54  
03-20 13:44:07.595   502   502 I BufferQueueProducer: [VDS-scrcpy SINK](this:0xb400007570df6ea8,id:-1,api:1,p:502,c:502) queueBuffer: fps=28.04 dur=1391.08 max=410.36 min=10.95
03-20 13:44:07.754   483   547 I libPowerHal: [perfLockRel] hdl:197, idx:0
03-20 13:44:07.754   483   547 I libPowerHal: [PD] scn:0 hdl:197 hint:25 comm:mtkpower@1.0-se pid:483
03-20 13:44:07.755   483   547 I libPowerHal: [PD] MTKPOWER_HINT_APP_TOUCH update cmd:3408600 param:0
03-20 13:44:07.762   689  2595 D MtkOmxVenc: [0xe6780010] ret 0, wait fence 108 took 10680 us
03-20 13:44:07.885  1244  1244 D StatusBar: disable<e i a s b h r c s > disable2<q i n >
03-20 13:44:07.886   689  2595 D MtkOmxVenc: [0xe6780010] ret 0, wait fence 109 took 10604 us
03-20 13:44:07.911   502   570 I BufferQueueProducer: [StatusBar#0](this:0xb400007570dfede8,id:5,api:1,p:1244,c:502) queueBuffer: fps=0.22 dur=4594.95 max=4594.95 min=4594.95
03-20 13:44:07.921   689  2595 D MtkOmxVenc: [0xe6780010] ret 0, wait fence 109 took 10821 us
03-20 13:44:07.937  1058  2009 W WindowManager: Changing focus fromWindow{5c7f25a u0 NotificationShade} to Window{c59c980 u0 com.android.settings/com.android.settings.SubSettings} displayId=0 Callers=com.android.server.wm.RootWindowContainer.updateFocusedWindowLocked:457 com.android.server.wm.WindowManagerService.updateFocusedWindowLocked:5602 com.android.server.wm.WindowManagerService.relayoutWindow:2395 com.android.server.wm.Session.relayout:213 
03-20 13:44:07.949  1244  1244 D StatusBar: disable<e i a s b h r c s > disable2<q i n >
03-20 13:44:07.951  1244  1758 I GED     : ged_boost_gpu_freq, level 100, eOrigin 2, final_idx 2, oppidx_max 2, oppidx_min 0
03-20 13:44:07.955  1058  3432 I InputDispatcher: setInputWindows displayId=0 Window{5c7f25a u0 NotificationShade} Window{d287a4f u0 StatusBar} Window{c59c980 u0 com.android.settings/com.android.settings.SubSettings} Window{36fce u0 com.android.systemui.ImageWallpaper} 
03-20 13:44:07.959  1801  1801 V PhoneWindow: DecorView setVisiblity: visibility = 8, Parent = android.view.ViewRootImpl@e7c9253, this = DecorView@ed1c790[InputMethod]
03-20 13:44:07.974  1058  3432 I InputDispatcher: setInputWindows displayId=0 Window{5c7f25a u0 NotificationShade} Window{d287a4f u0 StatusBar} Window{c59c980 u0 com.android.settings/com.android.settings.SubSettings} Window{36fce u0 com.android.systemui.ImageWallpaper} 
03-20 13:44:07.974  1058  3432 I InputDispatcher: Focus left window: Window{5c7f25a u0 NotificationShade} in display 0
03-20 13:44:07.974  1058  3432 I InputDispatcher: Focus entered window: Window{c59c980 u0 com.android.settings/com.android.settings.SubSettings} in display 0
03-20 13:44:07.974   689  2595 D MtkOmxVenc: [0xe6780010] ret 0, wait fence 109 took 11200 us
03-20 13:44:07.979  1801  1801 I GoogleInputMethodService: GoogleInputMethodService.onFinishInput():3235 
03-20 13:44:07.980  1801  1801 I GoogleInputMethodService: GoogleInputMethodService.onStartInput():1858 
03-20 13:44:07.994   502  1788 I BufferQueueProducer: [com.android.settings/com.android.settings.SubSettings#0](this:0xb400007570e14f48,id:49,api:1,p:1520,c:502) queueBuffer: fps=0.14 dur=7206.93 max=7206.93 min=7206.93
03-20 13:44:08.249   502  1788 I BufferQueueProducer: [NotificationShade#0](id:1f600000034,api:1,p:1244,c:502) disconnect(): api=1
03-20 13:44:08.257  1058  1577 I InputDispatcher: setInputWindows displayId=0 Window{d287a4f u0 StatusBar} Window{c59c980 u0 com.android.settings/com.android.settings.SubSettings} Window{36fce u0 com.android.systemui.ImageWallpaper} 
03-20 13:44:08.258  1058  1577 I InputDispatcher: Window went away: Window{5c7f25a u0 NotificationShade}
03-20 13:44:08.274   502   502 I BufferQueueConsumer: [NotificationShade#0](id:1f600000034,api:0,p:-1,c:502) disconnect()
03-20 13:44:08.274   502   502 I BufferQueue: [NotificationShade#0](this:0xb400007570e1afa8,id:52,api:1,p:-1,c:-1) onDestructor()
03-20 13:44:08.277  1058  1577 I InputDispatcher: setInputWindows displayId=0 Window{d287a4f u0 StatusBar} Window{c59c980 u0 com.android.settings/com.android.settings.SubSettings} Window{36fce u0 com.android.systemui.ImageWallpaper} 
03-20 13:44:08.292  1058  2009 I InputDispatcher: setInputWindows displayId=0 Window{d287a4f u0 StatusBar} Window{c59c980 u0 com.android.settings/com.android.settings.SubSettings} Window{36fce u0 com.android.systemui.ImageWallpaper} 
03-20 13:44:08.724   483   547 I libPowerHal: [perfLockAcq] idx:0 hdl:198 hint:25 pid:483 duration:10000 => ret_hdl:198
03-20 13:44:08.724   483   547 I libPowerHal: [PE] scn:0 hdl:198 hint:25 comm:mtkpower@1.0-se pid:483
03-20 13:44:08.726   483   547 I libPowerHal: [PE] MTKPOWER_HINT_APP_TOUCH update cmd:3408600 param:1
03-20 13:44:08.803   483   547 I libPowerHal: [perfLockRel] hdl:198, idx:0
03-20 13:44:08.803   483   547 I libPowerHal: [PD] scn:0 hdl:198 hint:25 comm:mtkpower@1.0-se pid:483
03-20 13:44:08.804   483   547 I libPowerHal: [PD] MTKPOWER_HINT_APP_TOUCH update cmd:3408600 param:0
03-20 13:44:08.812  1058  1577 I ActivityTaskManager: START u0 {act=android.intent.action.MAIN cat=[android.intent.category.LAUNCHER] flg=0x10000000 pkg=com.emanuelef.remote_capture cmp=com.emanuelef.remote_capture/.activities.MainActivity} from uid 1000
03-20 13:44:08.817   483   510 I mtkpower@impl: [setMode] type:5, enabled:1
03-20 13:44:08.818   483   547 I libPowerHal: [perfLockAcq] idx:0 hdl:199 hint:11 pid:483 duration:30000 => ret_hdl:199
03-20 13:44:08.818   483   547 I libPowerHal: [PE] scn:0 hdl:199 hint:11 comm:mtkpower@1.0-se pid:483
03-20 13:44:08.820   483   547 I libPowerHal: LAUNCH: cpu_ctrl set cpu freq: 2001000 -1 1500000 -1
03-20 13:44:08.820   483   547 I libPowerHal: [PE] LAUNCH update cmd:1000000, param:0
03-20 13:44:08.820   483   547 I libPowerHal: [PE] LAUNCH update cmd:1408300, param:100
03-20 13:44:08.821   483   547 I libPowerHal: [PE] LAUNCH update cmd:1000000 param:0
03-20 13:44:08.821   483   547 I libPowerHal: [perfLockRel] hdl:191, idx:1
03-20 13:44:08.821   483   547 I libPowerHal: [PD] scn:1 hdl:191 hint:30 comm:mtkpower@1.0-se pid:483
03-20 13:44:08.821   483   547 I libPowerHal: [PD] MTKPOWER_HINT_EXT_LAUNCH update cmd:2020000 param:1
03-20 13:44:08.822   483   547 I libPowerHal: [perfLockAcq] idx:2 hdl:200 hint:22 pid:483 duration:10000 => ret_hdl:200
03-20 13:44:08.822   483   547 I libPowerHal: [PE] scn:2 hdl:200 hint:22 comm:mtkpower@1.0-se pid:483
03-20 13:44:08.823  1058  2009 I InputDispatcher: setInputWindows displayId=0 Window{d287a4f u0 StatusBar} Window{c59c980 u0 com.android.settings/com.android.settings.SubSettings} Window{36fce u0 com.android.systemui.ImageWallpaper} 
03-20 13:44:08.825  1058  1076 D CompatibilityChangeReporter: Compat change id reported: 135634846; UID 10093; state: DISABLED
03-20 13:44:08.826  1058  1076 D CompatibilityChangeReporter: Compat change id reported: 135754954; UID 10093; state: ENABLED
03-20 13:44:08.826   483   547 I libPowerHal: [perfLockAcq] idx:1 hdl:201 hint:21 pid:483 duration:10000 => ret_hdl:201
03-20 13:44:08.826   483   547 I libPowerHal: [PE] scn:1 hdl:201 hint:21 comm:mtkpower@1.0-se pid:483
03-20 13:44:08.826   464   633 I hwcomposer: [HWCDisplay] [Display_0 (type:1)] fps:21.834024,dur:1236.60,max:529.02,min:10.93  
03-20 13:44:08.826   483   547 I libPowerHal: [PE] MTKPOWER_HINT_PROCESS_CREATE update cmd:2020000, param:15
03-20 13:44:08.827  1058  1084 D CompatibilityChangeReporter: Compat change id reported: 143937733; UID 10093; state: ENABLED
03-20 13:44:08.828   483   547 I libPowerHal: [perfLockRel] hdl:193, idx:-1
03-20 13:44:08.829   464   633 I hwcomposer: [HWCDisplay] [Display_2 (type:2)] fps:21.831957,dur:1236.72,max:527.55,min:8.42  
03-20 13:44:08.829  1058  1081 D DexOptExtImpl: com.emanuelef.remote_capture reason is boot
03-20 13:44:08.832   502   502 I BufferQueueProducer: [VDS-scrcpy SINK](this:0xb400007570df6ea8,id:-1,api:1,p:502,c:502) queueBuffer: fps=21.02 dur=1237.11 max=542.66 min=7.36
03-20 13:44:08.836   502   571 I SurfaceFlinger: [SF client] NEW(0xb4000074c0deecf0) for (1058:system_server)
03-20 13:44:08.836   467   467 D IMGMemtrackHAL: hal_get_memory: memtrack cache rebuild was required
03-20 13:44:08.837  1058  1077 D ViewRootImpl[remote_capture]: hardware acceleration = false , fakeHwAccelerated = true, sRendererDisabled = false, forceHwAccelerated = false, sSystemRendererDisabled = false
03-20 13:44:08.841  1058  3432 I InputDispatcher: setInputWindows displayId=0 Window{d287a4f u0 StatusBar} Window{c59c980 u0 com.android.settings/com.android.settings.SubSettings} Window{36fce u0 com.android.systemui.ImageWallpaper} 
03-20 13:44:08.841  1058  1077 I InputTransport: Create ARC handle: 0xb4000079678cffe0
03-20 13:44:08.845   438   438 D Zygote  : Forked child process 3528
03-20 13:44:08.849   502  1788 I BufferQueueConsumer: [](id:1f600000035,api:0,p:-1,c:502) connect(): controlledByApp=false
03-20 13:44:08.849   502  1788 I BufferQueue: [unnamed-502-53](this:0xb400007570e1afa8,id:53,api:0,p:-1,c:-1) BufferQueue core=(502:/system/bin/surfaceflinger)
03-20 13:44:08.850  1058  1084 I ActivityManager: Start proc 3528:com.emanuelef.remote_capture/u0a93 for pre-top-activity {com.emanuelef.remote_capture/com.emanuelef.remote_capture.activities.MainActivity}
03-20 13:44:08.851  1058  1077 W WindowManager: Changing focus fromWindow{c59c980 u0 com.android.settings/com.android.settings.SubSettings} to null displayId=0 Callers=com.android.server.wm.RootWindowContainer.updateFocusedWindowLocked:457 com.android.server.wm.WindowManagerService.updateFocusedWindowLocked:5602 com.android.server.wm.WindowManagerService.relayoutWindow:2395 com.android.server.wm.Session.relayout:213 
03-20 13:44:08.853  1058  1077 D Surface : lockCanvas
03-20 13:44:08.854   502  1788 I BufferQueueProducer: [Splash Screen com.emanuelef.remote_capture#0](id:1f600000035,api:2,p:1058,c:502) connect(): api=2 producerControlledByApp=false
03-20 13:44:08.858  1058  3432 I InputDispatcher: setInputWindows displayId=0 Window{d287a4f u0 StatusBar} Splash Screen com.emanuelef.remote_capture#0 com.android.settings/com.android.settings.SubSettings#0 Window{36fce u0 com.android.systemui.ImageWallpaper} 
03-20 13:44:08.859  1058  3432 I InputDispatcher: Focus left window: Window{c59c980 u0 com.android.settings/com.android.settings.SubSettings} in display 0
03-20 13:44:08.859  1058  3432 I InputDispatcher: Window went away: Window{c59c980 u0 com.android.settings/com.android.settings.SubSettings}
03-20 13:44:08.869  3528  3528 E .remote_captur: Not starting debugger since process cannot load the jdwp agent.
03-20 13:44:08.876  1058  3432 I InputDispatcher: setInputWindows displayId=0 Window{d287a4f u0 StatusBar} Window{4805162 u0 Splash Screen com.emanuelef.remote_capture} com.android.settings/com.android.settings.SubSettings#0 Window{36fce u0 com.android.systemui.ImageWallpaper} 
03-20 13:44:08.876  1058  3432 I InputDispatcher: Window went away: Splash Screen com.emanuelef.remote_capture#0
03-20 13:44:08.880  1058  3432 V ActivityManager: New death recipient com.android.server.am.ActivityManagerService$AppDeathRecipient@f9621ae for thread android.os.BinderProxy@bc38b4f
03-20 13:44:08.885   483   547 I libPowerHal: [perfNotifyAppState] foreground:com.emanuelef.remote_capture, pid:3528, uid:10093
03-20 13:44:08.885   483   547 E UxUtility: notifyAppState error = NULL
03-20 13:44:08.885   483   547 I TouchUtility: notifyAppState error = NULL
03-20 13:44:08.886   483   508 I mtkpower@impl: [notifyAppState] pc:1, com.android.settings => com.emanuelef.remote_capture
03-20 13:44:08.894  1058  2009 I InputDispatcher: setInputWindows displayId=0 Window{d287a4f u0 StatusBar} Window{4805162 u0 Splash Screen com.emanuelef.remote_capture} com.android.settings/com.android.settings.SubSettings#0 Window{36fce u0 com.android.systemui.ImageWallpaper} 
03-20 13:44:08.901   502   502 I SurfaceFlinger: operator()(), mtkRenderCntDebug 12, screenshot (com.android.settings/com.android.settings.SubSettings#0)
03-20 13:44:08.902  3528  3528 W .remote_captur: JIT profile information will not be recorded: profile file does not exist.
03-20 13:44:08.911  1801  1801 V PhoneWindow: DecorView setVisiblity: visibility = 8, Parent = android.view.ViewRootImpl@e7c9253, this = DecorView@ed1c790[InputMethod]
03-20 13:44:08.912  1058  1577 I InputDispatcher: setInputWindows displayId=0 Window{d287a4f u0 StatusBar} Window{4805162 u0 Splash Screen com.emanuelef.remote_capture} com.android.settings/com.android.settings.SubSettings#0 Window{36fce u0 com.android.systemui.ImageWallpaper} 
03-20 13:44:08.912  3528  3528 D NetworkSecurityConfig: No Network Security Config specified, using platform default
03-20 13:44:08.913  3528  3528 D NetworkSecurityConfig: No Network Security Config specified, using platform default
03-20 13:44:08.918  3528  3528 I CustomActivityOnCrash: CustomActivityOnCrash has been installed.
03-20 13:44:08.929  1058  3432 I InputDispatcher: setInputWindows displayId=0 Window{d287a4f u0 StatusBar} Window{4805162 u0 Splash Screen com.emanuelef.remote_capture} com.android.settings/com.android.settings.SubSettings#0 Window{36fce u0 com.android.systemui.ImageWallpaper} 
03-20 13:44:08.947  1058  3432 I InputDispatcher: setInputWindows displayId=0 Window{d287a4f u0 StatusBar} Window{4805162 u0 Splash Screen com.emanuelef.remote_capture} com.android.settings/com.android.settings.SubSettings#0 Window{36fce u0 com.android.systemui.ImageWallpaper} 
03-20 13:44:08.951   502   502 I BufferQueueProducer: [FramebufferSurface](this:0xb400007560deaba0,id:-1,api:1,p:502,c:502) queueBuffer: fps=3.06 dur=9145.11 max=8677.65 min=11.22
03-20 13:44:08.961  3528  3528 D PCAPdroid: Build type: PLAYSTORE
03-20 13:44:08.964  1058  3432 I InputDispatcher: setInputWindows displayId=0 Window{d287a4f u0 StatusBar} Window{4805162 u0 Splash Screen com.emanuelef.remote_capture} com.android.settings/com.android.settings.SubSettings#0 Window{36fce u0 com.android.systemui.ImageWallpaper} 
03-20 13:44:08.978  3528  3549 D libMEOW : meow reload base cfg path: na
03-20 13:44:08.978  3528  3549 D libMEOW : meow reload overlay cfg path: na
03-20 13:44:08.980  3528  3549 D libMEOW : applied 1 plugins for [com.emanuelef.remote_capture]:
03-20 13:44:08.980  3528  3549 D libMEOW :   plugin 1: [libMEOW_gift.so]:
03-20 13:44:08.982  1058  3432 I InputDispatcher: setInputWindows displayId=0 Window{d287a4f u0 StatusBar} Window{4805162 u0 Splash Screen com.emanuelef.remote_capture} com.android.settings/com.android.settings.SubSettings#0 Window{36fce u0 com.android.systemui.ImageWallpaper} 
03-20 13:44:09.000  1058  3432 I InputDispatcher: setInputWindows displayId=0 Window{d287a4f u0 StatusBar} Window{4805162 u0 Splash Screen com.emanuelef.remote_capture} com.android.settings/com.android.settings.SubSettings#0 Window{36fce u0 com.android.systemui.ImageWallpaper} 
03-20 13:44:09.003  1058  3432 V SettingsProvider: packageValueForCallResult, name = null, value : Bundle[{_track_generation=android.util.MemoryIntArray@8a, value=null, _generation_index=0, _generation=6}]
03-20 13:44:09.006   502   571 I BufferQueueProducer: [com.android.settings/com.android.settings.SubSettings#0](this:0xb400007570e14f48,id:49,api:1,p:1520,c:502) queueBuffer: fps=10.87 dur=1012.19 max=815.15 min=16.14
03-20 13:44:09.018  1058  3432 I InputDispatcher: setInputWindows displayId=0 Window{d287a4f u0 StatusBar} Window{4805162 u0 Splash Screen com.emanuelef.remote_capture} com.android.settings/com.android.settings.SubSettings#0 Window{36fce u0 com.android.systemui.ImageWallpaper} 
03-20 13:44:09.018  3528  3528 E libc    : Access denied finding property "ro.vendor.pref_scale_resolution"
03-20 13:44:09.035  1058  3432 I InputDispatcher: setInputWindows displayId=0 Window{d287a4f u0 StatusBar} Window{4805162 u0 Splash Screen com.emanuelef.remote_capture} com.android.settings/com.android.settings.SubSettings#0 Window{36fce u0 com.android.systemui.ImageWallpaper} 
03-20 13:44:09.141  1058  3432 I chatty  : uid=1000(system) Binder:1058_14 identical 6 lines
03-20 13:44:09.159  1058  3432 I InputDispatcher: setInputWindows displayId=0 Window{d287a4f u0 StatusBar} Window{4805162 u0 Splash Screen com.emanuelef.remote_capture} com.android.settings/com.android.settings.SubSettings#0 Window{36fce u0 com.android.systemui.ImageWallpaper} 
03-20 13:44:09.168   502   571 I BufferQueueProducer: [StatusBar#0](this:0xb400007570dfede8,id:5,api:1,p:1244,c:502) queueBuffer: fps=0.80 dur=1256.32 max=1256.32 min=1256.32
03-20 13:44:09.177  1058  3432 I InputDispatcher: setInputWindows displayId=0 Window{d287a4f u0 StatusBar} Window{4805162 u0 Splash Screen com.emanuelef.remote_capture} com.android.settings/com.android.settings.SubSettings#0 Window{36fce u0 com.android.systemui.ImageWallpaper} 
03-20 13:44:09.195  1058  3432 I chatty  : uid=1000(system) Binder:1058_14 identical 1 line
03-20 13:44:09.212  1058  3432 I InputDispatcher: setInputWindows displayId=0 Window{d287a4f u0 StatusBar} Window{4805162 u0 Splash Screen com.emanuelef.remote_capture} com.android.settings/com.android.settings.SubSettings#0 Window{36fce u0 com.android.systemui.ImageWallpaper} 
03-20 13:44:09.230  1058  2009 I InputDispatcher: setInputWindows displayId=0 Window{d287a4f u0 StatusBar} Window{4805162 u0 Splash Screen com.emanuelef.remote_capture} com.android.settings/com.android.settings.SubSettings#0 Window{36fce u0 com.android.systemui.ImageWallpaper} 
03-20 13:44:09.248  1058  3432 I InputDispatcher: setInputWindows displayId=0 Window{d287a4f u0 StatusBar} Window{4805162 u0 Splash Screen com.emanuelef.remote_capture} com.android.settings/com.android.settings.SubSettings#0 Window{36fce u0 com.android.systemui.ImageWallpaper} 
03-20 13:44:09.265  1058  3432 I chatty  : uid=1000(system) Binder:1058_14 identical 1 line
03-20 13:44:09.283  1058  3432 I InputDispatcher: setInputWindows displayId=0 Window{d287a4f u0 StatusBar} Window{4805162 u0 Splash Screen com.emanuelef.remote_capture} com.android.settings/com.android.settings.SubSettings#0 Window{36fce u0 com.android.systemui.ImageWallpaper} 
03-20 13:44:09.291  3528  3528 D isRootAvailable: PATH = /product/bin:/apex/com.android.runtime/bin:/apex/com.android.art/bin:/system_ext/bin:/system/bin:/system/xbin:/odm/bin:/vendor/bin:/vendor/xbin
03-20 13:44:09.292  3528  3528 D isRootAvailable: 'su' binary found at /system/bin/su
03-20 13:44:09.298  3528  3528 D PlayBilling: onBillingSetupFinished: 3 Billing service unavailable on device.
03-20 13:44:09.299  3528  3528 E PlayBilling: Billing returned error Response Code: BILLING_UNAVAILABLE, Debug Message: Billing service unavailable on device., disconnecting
03-20 13:44:09.301  1058  3432 I InputDispatcher: setInputWindows displayId=0 Window{d287a4f u0 StatusBar} Window{4805162 u0 Splash Screen com.emanuelef.remote_capture} com.android.settings/com.android.settings.SubSettings#0 Window{36fce u0 com.android.systemui.ImageWallpaper} 
03-20 13:44:09.307  3528  3528 I SurfaceFactory: [static] sSurfaceFactory = com.mediatek.view.impl.SurfaceFactoryImpl@448c738
03-20 13:44:09.308   502  1788 I SurfaceFlinger: [SF client] NEW(0xb4000074c0dedd30) for (3528:com.emanuelef.remote_capture)
03-20 13:44:09.314  3528  3528 D ViewRootImpl[MainActivity]: hardware acceleration = true , fakeHwAccelerated = false, sRendererDisabled = false, forceHwAccelerated = false, sSystemRendererDisabled = false
03-20 13:44:09.316   502  1788 I SurfaceFlinger: [SF client] NEW(0xb4000074c0deb170) for (1058:system_server)
03-20 13:44:09.318  1058  3432 I InputDispatcher: setInputWindows displayId=0 Window{d287a4f u0 StatusBar} Window{4805162 u0 Splash Screen com.emanuelef.remote_capture} com.android.settings/com.android.settings.SubSettings#0 Window{36fce u0 com.android.systemui.ImageWallpaper} 
03-20 13:44:09.319  3528  3528 D libMEOW : applied 1 plugins for [com.emanuelef.remote_capture]:
03-20 13:44:09.319  3528  3528 D libMEOW :   plugin 1: [libMEOW_gift.so]:
03-20 13:44:09.321  3528  3528 I InputTransport: Create ARC handle: 0xb40000796781fe80
03-20 13:44:09.322  3528  3528 V PhoneWindow: DecorView setVisiblity: visibility = 0, Parent = android.view.ViewRootImpl@55f1ee4, this = DecorView@d41cf4d[MainActivity]
03-20 13:44:09.336  1058  3432 I InputDispatcher: setInputWindows displayId=0 Window{d287a4f u0 StatusBar} Window{4805162 u0 Splash Screen com.emanuelef.remote_capture} com.android.settings/com.android.settings.SubSettings#0 Window{36fce u0 com.android.systemui.ImageWallpaper} 
03-20 13:44:09.349  1058  3432 I WindowManager: Relayout Window{ae18210 u0 com.emanuelef.remote_capture/com.emanuelef.remote_capture.activities.MainActivity}: oldVis=4 newVis=0 focusMayChange = true
03-20 13:44:09.351   502  1788 I BufferQueueConsumer: [](id:1f600000036,api:0,p:-1,c:502) connect(): controlledByApp=false
03-20 13:44:09.352   502  1788 I BufferQueue: [unnamed-502-54](this:0xb400007570e1fff8,id:54,api:0,p:-1,c:-1) BufferQueue core=(502:/system/bin/surfaceflinger)
03-20 13:44:09.353  1058  3432 W WindowManager: Changing focus fromnull to Window{ae18210 u0 com.emanuelef.remote_capture/com.emanuelef.remote_capture.activities.MainActivity} displayId=0 Callers=com.android.server.wm.RootWindowContainer.updateFocusedWindowLocked:457 com.android.server.wm.WindowManagerService.updateFocusedWindowLocked:5602 com.android.server.wm.WindowManagerService.relayoutWindow:2395 com.android.server.wm.Session.relayout:213 
03-20 13:44:09.354  1058  2009 I InputDispatcher: setInputWindows displayId=0 Window{d287a4f u0 StatusBar} Window{4805162 u0 Splash Screen com.emanuelef.remote_capture} com.emanuelef.remote_capture/com.emanuelef.remote_capture.activities.MainActivity#0 com.android.settings/com.android.settings.SubSettings#0 Window{36fce u0 com.android.systemui.ImageWallpaper} 
03-20 13:44:09.361  3528  3547 D libMEOW : applied 1 plugins for [com.emanuelef.remote_capture]:
03-20 13:44:09.361  3528  3547 D libMEOW :   plugin 1: [libMEOW_gift.so]:
03-20 13:44:09.369   344   344 I hwservicemanager: getTransport: Cannot find entry android.hardware.configstore@1.0::ISurfaceFlingerConfigs/default in either framework or device manifest.
03-20 13:44:09.372  1058  3432 I InputDispatcher: setInputWindows displayId=0 Window{d287a4f u0 StatusBar} Window{4805162 u0 Splash Screen com.emanuelef.remote_capture} com.emanuelef.remote_capture/com.emanuelef.remote_capture.activities.MainActivity#0 com.android.settings/com.android.settings.SubSettings#0 Window{36fce u0 com.android.systemui.ImageWallpaper} 
03-20 13:44:09.377  3528  3528 D Main    : createFragment
03-20 13:44:09.379  3528  3547 I libMEOW_gift: ctx:0xb4000079b7821cc0, ARC not Enabled.
03-20 13:44:09.388   502  1788 I BufferQueueProducer: [com.emanuelef.remote_capture/com.emanuelef.remote_capture.activities.MainActivity#0](id:1f600000036,api:1,p:3528,c:502) connect(): api=1 producerControlledByApp=false
03-20 13:44:09.389  1058  3432 I InputDispatcher: setInputWindows displayId=0 Window{d287a4f u0 StatusBar} Window{4805162 u0 Splash Screen com.emanuelef.remote_capture} Window{ae18210 u0 com.emanuelef.remote_capture/com.emanuelef.remote_capture.activities.MainActivity} com.android.settings/com.android.settings.SubSettings#0 Window{36fce u0 com.android.systemui.ImageWallpaper} 
03-20 13:44:09.390  1058  3432 I InputDispatcher: Window went away: com.emanuelef.remote_capture/com.emanuelef.remote_capture.activities.MainActivity#0
03-20 13:44:09.407  1058  3432 I InputDispatcher: setInputWindows displayId=0 Window{d287a4f u0 StatusBar} Window{4805162 u0 Splash Screen com.emanuelef.remote_capture} Window{ae18210 u0 com.emanuelef.remote_capture/com.emanuelef.remote_capture.activities.MainActivity} com.android.settings/com.android.settings.SubSettings#0 Window{36fce u0 com.android.systemui.ImageWallpaper} 
03-20 13:44:09.496  1058  3432 I chatty  : uid=1000(system) Binder:1058_14 identical 5 lines
03-20 13:44:09.513  1058  3432 I InputDispatcher: setInputWindows displayId=0 Window{d287a4f u0 StatusBar} Window{4805162 u0 Splash Screen com.emanuelef.remote_capture} Window{ae18210 u0 com.emanuelef.remote_capture/com.emanuelef.remote_capture.activities.MainActivity} com.android.settings/com.android.settings.SubSettings#0 Window{36fce u0 com.android.systemui.ImageWallpaper} 
03-20 13:44:09.516   502   972 I BufferQueueProducer: [com.android.settings/com.android.settings.SubSettings#0](id:1f600000031,api:1,p:1520,c:502) disconnect(): api=1
03-20 13:44:09.523  1801  1801 V PhoneWindow: DecorView setVisiblity: visibility = 8, Parent = android.view.ViewRootImpl@e7c9253, this = DecorView@ed1c790[InputMethod]
03-20 13:44:09.525  1058  3207 I GED     : ged_boost_gpu_freq, level 100, eOrigin 2, final_idx 2, oppidx_max 2, oppidx_min 0
03-20 13:44:09.531  1058  3432 I InputDispatcher: setInputWindows displayId=0 Window{d287a4f u0 StatusBar} Window{4805162 u0 Splash Screen com.emanuelef.remote_capture} Window{ae18210 u0 com.emanuelef.remote_capture/com.emanuelef.remote_capture.activities.MainActivity} com.android.settings/com.android.settings.SubSettings#0 Window{36fce u0 com.android.systemui.ImageWallpaper} 
03-20 13:44:09.549  1058  3432 I InputDispatcher: setInputWindows displayId=0 Window{d287a4f u0 StatusBar} Window{4805162 u0 Splash Screen com.emanuelef.remote_capture} Window{ae18210 u0 com.emanuelef.remote_capture/com.emanuelef.remote_capture.activities.MainActivity} com.android.settings/com.android.settings.SubSettings#0 Window{36fce u0 com.android.systemui.ImageWallpaper} 
03-20 13:44:09.567  3528  3528 D StatusFragment: removeOnGlobalLayoutListener called
03-20 13:44:09.587  3528  3547 E ion     : ioctl c0044901 failed with code -1: Invalid argument
03-20 13:44:09.626  1058  1077 D View    : [Warning] assignParent to null: this = DecorView@70d3841[remote_capture]
03-20 13:44:09.626   502   571 I BufferQueueProducer: [Splash Screen com.emanuelef.remote_capture#0](id:1f600000035,api:2,p:1058,c:502) disconnect(): api=2
03-20 13:44:09.630  1058  1082 D ArtManagerInternalImpl: /data/misc/iorapd/com.emanuelef.remote_capture/60/com.emanuelef.remote_capture.activities.MainActivity/compiled_traces/compiled_trace.pb doesn't exist
03-20 13:44:09.631  1058  1077 I InputTransport: Destroy ARC handle: 0xb4000079678cffe0
03-20 13:44:09.632  1058  1082 I ActivityTaskManager: Displayed com.emanuelef.remote_capture/.activities.MainActivity: +811ms
03-20 13:44:09.633  1058  3207 I GED     : ged_boost_gpu_freq, level 100, eOrigin 2, final_idx 2, oppidx_max 2, oppidx_min 0
03-20 13:44:09.638  1058  3432 I InputDispatcher: setInputWindows displayId=0 Window{d287a4f u0 StatusBar} Window{4805162 u0 Splash Screen com.emanuelef.remote_capture} Window{ae18210 u0 com.emanuelef.remote_capture/com.emanuelef.remote_capture.activities.MainActivity} com.android.settings/com.android.settings.SubSettings#0 Window{36fce u0 com.android.systemui.ImageWallpaper} 
03-20 13:44:09.638  1058  3432 I InputDispatcher: Focus entered window: Window{ae18210 u0 com.emanuelef.remote_capture/com.emanuelef.remote_capture.activities.MainActivity} in display 0
03-20 13:44:09.655  1058  1577 I InputDispatcher: setInputWindows displayId=0 Window{d287a4f u0 StatusBar} Splash Screen com.emanuelef.remote_capture#0 Window{ae18210 u0 com.emanuelef.remote_capture/com.emanuelef.remote_capture.activities.MainActivity} com.android.settings/com.android.settings.SubSettings#0 Window{36fce u0 com.android.systemui.ImageWallpaper} 
03-20 13:44:09.655  1058  1577 I InputDispatcher: Window went away: Window{4805162 u0 Splash Screen com.emanuelef.remote_capture}
03-20 13:44:09.671  1058  1577 I InputDispatcher: setInputWindows displayId=0 Window{d287a4f u0 StatusBar} Splash Screen com.emanuelef.remote_capture#0 Window{ae18210 u0 com.emanuelef.remote_capture/com.emanuelef.remote_capture.activities.MainActivity} com.android.settings/com.android.settings.SubSettings#0 Window{36fce u0 com.android.systemui.ImageWallpaper} 
03-20 13:44:09.688  1058  1577 I InputDispatcher: setInputWindows displayId=0 Window{d287a4f u0 StatusBar} Splash Screen com.emanuelef.remote_capture#0 Window{ae18210 u0 com.emanuelef.remote_capture/com.emanuelef.remote_capture.activities.MainActivity} com.android.settings/com.android.settings.SubSettings#0 Window{36fce u0 com.android.systemui.ImageWallpaper} 
03-20 13:44:09.695  1801  1801 I InputTransport: Create ARC handle: 0xc6af74f0
03-20 13:44:09.696   483   510 I mtkpower@impl: [setMode] type:5, enabled:0
03-20 13:44:09.697   483   547 I libPowerHal: [perfLockRel] hdl:199, idx:0
03-20 13:44:09.697   483   547 I libPowerHal: [PD] scn:0 hdl:199 hint:11 comm:mtkpower@1.0-se pid:483
03-20 13:44:09.699   483   508 I mtkpower@impl: [mtkPowerHint] hint:22, hold:0, ext:30, ext_hold:2000
03-20 13:44:09.699   483   508 I mtkpower@impl: [mtkPowerHint] hint:21, hold:6000, ext:30, ext_hold:35000
03-20 13:44:09.700   483   547 I libPowerHal: [perfLockRel] hdl:200, idx:2
03-20 13:44:09.700   483   547 I libPowerHal: [PD] scn:2 hdl:200 hint:22 comm:mtkpower@1.0-se pid:483
03-20 13:44:09.701   483   547 I libPowerHal: [perfLockAcq] idx:0 hdl:202 hint:30 pid:483 duration:2000 => ret_hdl:202
03-20 13:44:09.701   483   547 I libPowerHal: [PE] scn:0 hdl:202 hint:30 comm:mtkpower@1.0-se pid:483
03-20 13:44:09.701  1801  1801 I GoogleInputMethodService: GoogleInputMethodService.onFinishInput():3235 
03-20 13:44:09.701   483   547 I libPowerHal: [perfLockAcq] idx:3 hdl:203 hint:21 pid:483 duration:6000 => ret_hdl:203
03-20 13:44:09.701   483   547 I libPowerHal: [PE] scn:3 hdl:203 hint:21 comm:mtkpower@1.0-se pid:483
03-20 13:44:09.701   483   547 I libPowerHal: [perfLockRel] hdl:201, idx:1
03-20 13:44:09.701   483   547 I libPowerHal: [PD] scn:1 hdl:201 hint:21 comm:mtkpower@1.0-se pid:483
03-20 13:44:09.702   483   547 I libPowerHal: [perfLockAcq] idx:4 hdl:204 hint:30 pid:483 duration:35000 => ret_hdl:204
03-20 13:44:09.702   483   547 I libPowerHal: [PE] scn:4 hdl:204 hint:30 comm:mtkpower@1.0-se pid:483
03-20 13:44:09.702  1801  1801 I GoogleInputMethodService: GoogleInputMethodService.onStartInput():1858 
03-20 13:44:09.703  1520  1520 V PhoneWindow: DecorView setVisiblity: visibility = 4, Parent = android.view.ViewRootImpl@a4c6f00, this = DecorView@ecb103d[SubSettings]
03-20 13:44:09.705  1058  1577 I InputDispatcher: setInputWindows displayId=0 Window{d287a4f u0 StatusBar} Splash Screen com.emanuelef.remote_capture#0 Window{ae18210 u0 com.emanuelef.remote_capture/com.emanuelef.remote_capture.activities.MainActivity} com.android.settings/com.android.settings.SubSettings#0 Window{36fce u0 com.android.systemui.ImageWallpaper} 
03-20 13:44:09.708  1801  1801 V PhoneWindow: DecorView setVisiblity: visibility = 8, Parent = android.view.ViewRootImpl@e7c9253, this = DecorView@ed1c790[InputMethod]
03-20 13:44:09.711  1520  1631 I GED     : ged_boost_gpu_freq, level 100, eOrigin 2, final_idx 2, oppidx_max 2, oppidx_min 0
03-20 13:44:09.721  1058  2009 I InputDispatcher: setInputWindows displayId=0 Window{d287a4f u0 StatusBar} Splash Screen com.emanuelef.remote_capture#0 Window{ae18210 u0 com.emanuelef.remote_capture/com.emanuelef.remote_capture.activities.MainActivity} Window{36fce u0 com.android.systemui.ImageWallpaper} 
03-20 13:44:09.722  1058  2009 I InputDispatcher: Window went away: com.android.settings/com.android.settings.SubSettings#0
03-20 13:44:09.737   502   502 I BufferQueueConsumer: [com.android.settings/com.android.settings.SubSettings#0](id:1f600000031,api:0,p:-1,c:502) disconnect()
03-20 13:44:09.738   502   502 I BufferQueue: [com.android.settings/com.android.settings.SubSettings#0](this:0xb400007570e14f48,id:49,api:1,p:-1,c:-1) onDestructor()
03-20 13:44:09.739  1058  2009 I InputDispatcher: setInputWindows displayId=0 Window{d287a4f u0 StatusBar} Splash Screen com.emanuelef.remote_capture#0 Window{ae18210 u0 com.emanuelef.remote_capture/com.emanuelef.remote_capture.activities.MainActivity} Window{36fce u0 com.android.systemui.ImageWallpaper} 
03-20 13:44:09.779  1058  2009 I chatty  : uid=1000(system) Binder:1058_F identical 3 lines
03-20 13:44:09.797  1058  2009 I InputDispatcher: setInputWindows displayId=0 Window{d287a4f u0 StatusBar} Splash Screen com.emanuelef.remote_capture#0 Window{ae18210 u0 com.emanuelef.remote_capture/com.emanuelef.remote_capture.activities.MainActivity} Window{36fce u0 com.android.systemui.ImageWallpaper} 
03-20 13:44:09.800   689  2595 D MtkOmxVenc: [0xe6780010] ret 0, wait fence 109 took 12372 us
03-20 13:44:09.815  1058  2009 I InputDispatcher: setInputWindows displayId=0 Window{d287a4f u0 StatusBar} Window{ae18210 u0 com.emanuelef.remote_capture/com.emanuelef.remote_capture.activities.MainActivity} Window{36fce u0 com.android.systemui.ImageWallpaper} 
03-20 13:44:09.815  1058  2009 I InputDispatcher: Window went away: Splash Screen com.emanuelef.remote_capture#0
03-20 13:44:09.816   502   502 I BufferQueueConsumer: [Splash Screen com.emanuelef.remote_capture#0](id:1f600000035,api:0,p:-1,c:502) disconnect()
03-20 13:44:09.816   502   502 I BufferQueue: [Splash Screen com.emanuelef.remote_capture#0](this:0xb400007570e1afa8,id:53,api:2,p:-1,c:-1) onDestructor()
03-20 13:44:09.816   689  2595 D MtkOmxVenc: [0xe6780010] ret 0, wait fence 109 took 10063 us
03-20 13:44:09.833  1058  2009 I InputDispatcher: setInputWindows displayId=0 Window{d287a4f u0 StatusBar} Window{ae18210 u0 com.emanuelef.remote_capture/com.emanuelef.remote_capture.activities.MainActivity} Window{36fce u0 com.android.systemui.ImageWallpaper} 
03-20 13:44:09.833   689  2595 D MtkOmxVenc: [0xe6780010] ret 0, wait fence 109 took 10254 us
03-20 13:44:09.835   464   633 I hwcomposer: [HWCDisplay] [Display_0 (type:1)] fps:53.493202,dur:1009.47,max:89.50,min:7.68  
03-20 13:44:09.837   464   633 I hwcomposer: [HWCDisplay] [Display_2 (type:2)] fps:53.577675,dur:1007.88,max:89.87,min:7.74  
03-20 13:44:09.839   502   502 I BufferQueueProducer: [VDS-scrcpy SINK](this:0xb400007570df6ea8,id:-1,api:1,p:502,c:502) queueBuffer: fps=53.65 dur=1006.50 max=89.95 min=7.65
03-20 13:44:09.851   689  2595 D MtkOmxVenc: [0xe6780010] ret 0, wait fence 109 took 10566 us
03-20 13:44:09.851  1058  2009 I InputDispatcher: setInputWindows displayId=0 Window{d287a4f u0 StatusBar} Window{ae18210 u0 com.emanuelef.remote_capture/com.emanuelef.remote_capture.activities.MainActivity} Window{36fce u0 com.android.systemui.ImageWallpaper} 
03-20 13:44:09.868   689  2595 D MtkOmxVenc: [0xe6780010] ret 0, wait fence 109 took 10936 us
03-20 13:44:09.886   689  2595 D MtkOmxVenc: [0xe6780010] ret 0, wait fence 109 took 10902 us
03-20 13:44:09.904   689  2595 D MtkOmxVenc: [0xe6780010] ret 0, wait fence 109 took 11236 us
03-20 13:44:09.921   689  2595 D MtkOmxVenc: [0xe6780010] ret 0, wait fence 109 took 10912 us
03-20 13:44:09.939   689  2595 D MtkOmxVenc: [0xe6780010] ret 0, wait fence 109 took 11220 us
03-20 13:44:09.957   689  2595 D MtkOmxVenc: [0xe6780010] ret 0, wait fence 109 took 10989 us
03-20 13:44:09.974   689  2595 D MtkOmxVenc: [0xe6780010] ret 0, wait fence 109 took 11109 us
