03-20 13:44:22.829   483   547 I libPowerHal: [PD] scn:0 hdl:215 hint:25 comm:mtkpower@1.0-se pid:483
03-20 13:44:22.829   483   547 I libPowerHal: [PD] MTKPOWER_HINT_APP_TOUCH update cmd:3408600 param:0
03-20 13:44:22.849  1058  1373 I ActivityTaskManager: START u0 {flg=0x10000000 cmp=com.android.vpndialogs/.AlwaysOnDisconnectedDialog (has extras)} from uid 1000
03-20 13:44:22.864   483   510 I mtkpower@impl: [setMode] type:5, enabled:1
03-20 13:44:22.865   483   547 I libPowerHal: [perfLockAcq] idx:0 hdl:216 hint:11 pid:483 duration:30000 => ret_hdl:216
03-20 13:44:22.865   483   547 I libPowerHal: [PE] scn:0 hdl:216 hint:11 comm:mtkpower@1.0-se pid:483
03-20 13:44:22.866  1058  3432 I InputDispatcher: setInputWindows displayId=0 Window{5c7f25a u0 NotificationShade} Window{d287a4f u0 StatusBar} Window{c59c980 u0 com.android.settings/com.android.settings.SubSettings} Window{36fce u0 com.android.systemui.ImageWallpaper} 
03-20 13:44:22.867   483   547 I libPowerHal: LAUNCH: cpu_ctrl set cpu freq: 2001000 -1 1500000 -1
03-20 13:44:22.867   483   547 I libPowerHal: [PE] LAUNCH update cmd:1000000, param:0
03-20 13:44:22.868   483   547 I libPowerHal: [PE] LAUNCH update cmd:1408300, param:100
03-20 13:44:22.868   483   547 I libPowerHal: [PE] LAUNCH update cmd:1000000 param:0
03-20 13:44:22.868   483   547 I libPowerHal: [perfLockRel] hdl:210, idx:-1
03-20 13:44:22.869   483   547 I libPowerHal: [perfLockAcq] idx:1 hdl:217 hint:22 pid:483 duration:10000 => ret_hdl:217
03-20 13:44:22.869   483   547 I libPowerHal: [PE] scn:1 hdl:217 hint:22 comm:mtkpower@1.0-se pid:483
03-20 13:44:22.876  1058  1373 W ActivityTaskManager: Tried to set launchTime (0) < mLastActivityLaunchTime (60243)
03-20 13:44:22.878  1244  1326 D NavigationModeController: getCurrentInteractionMode: mode=2 contextUser=0
03-20 13:44:22.878   483   547 I libPowerHal: [perfNotifyAppState] foreground:com.android.vpndialogs, pid:3178, uid:10064
03-20 13:44:22.878   483   547 E UxUtility: notifyAppState error = NULL
03-20 13:44:22.878   483   547 I TouchUtility: notifyAppState error = NULL
03-20 13:44:22.878   483   508 I mtkpower@impl: [notifyAppState] pc:0, com.android.settings => com.android.vpndialogs
03-20 13:44:22.881  3178  3586 D libMEOW : applied 1 plugins for [com.android.vpndialogs]:
03-20 13:44:22.881  3178  3586 D libMEOW :   plugin 1: [libMEOW_gift.so]:
03-20 13:44:22.883  1058  1373 I InputDispatcher: setInputWindows displayId=0 Window{5c7f25a u0 NotificationShade} Window{d287a4f u0 StatusBar} Window{c59c980 u0 com.android.settings/com.android.settings.SubSettings} Window{36fce u0 com.android.systemui.ImageWallpaper} 
03-20 13:44:22.906  1058  3432 I InputDispatcher: setInputWindows displayId=0 Window{5c7f25a u0 NotificationShade} Window{d287a4f u0 StatusBar} Window{c59c980 u0 com.android.settings/com.android.settings.SubSettings} Window{36fce u0 com.android.systemui.ImageWallpaper} 
03-20 13:44:22.911   502   570 I SurfaceFlinger: [SF client] NEW(0xb4000074c0deb6b0) for (1244:com.android.systemui)
03-20 13:44:22.913  1244  1326 D ViewRootImpl[AssistPreviewPanel]: hardware acceleration = true , fakeHwAccelerated = false, sRendererDisabled = false, forceHwAccelerated = false, sSystemRendererDisabled = false
03-20 13:44:22.919  1244  1326 D libMEOW : applied 1 plugins for [com.android.systemui]:
03-20 13:44:22.919  1244  1326 D libMEOW :   plugin 1: [libMEOW_gift.so]:
03-20 13:44:22.920  3178  3178 V PhoneWindow: DecorView setVisiblity: visibility = 4, Parent = null, this = DecorView@a16a23e[]
03-20 13:44:22.920  1244  1326 I InputTransport: Create ARC handle: 0xb400007967869440
03-20 13:44:22.921   502   570 I SurfaceFlinger: [SF client] NEW(0xb4000074c0dec130) for (3178:com.android.vpndialogs)
03-20 13:44:22.922  3178  3178 D ViewRootImpl[AlwaysOnDisconnectedDialog]: hardware acceleration = true , fakeHwAccelerated = false, sRendererDisabled = false, forceHwAccelerated = false, sSystemRendererDisabled = false
03-20 13:44:22.928  3178  3178 I InputTransport: Create ARC handle: 0xb40000796783e7b0
03-20 13:44:22.928  3178  3178 V PhoneWindow: DecorView setVisiblity: visibility = 0, Parent = android.view.ViewRootImpl@7065b5, this = DecorView@a16a23e[AlwaysOnDisconnectedDialog]
03-20 13:44:22.932  1058  1373 I InputDispatcher: setInputWindows displayId=0 Window{5c7f25a u0 NotificationShade} Window{d287a4f u0 StatusBar} Window{c59c980 u0 com.android.settings/com.android.settings.SubSettings} Window{36fce u0 com.android.systemui.ImageWallpaper} 
03-20 13:44:22.941  1058  1373 I WindowManager: Relayout Window{caa28c0 u0 com.android.vpndialogs/com.android.vpndialogs.AlwaysOnDisconnectedDialog}: oldVis=4 newVis=0 focusMayChange = true
03-20 13:44:22.944   502   973 I BufferQueueConsumer: [](id:1f60000003a,api:0,p:-1,c:502) connect(): controlledByApp=false
03-20 13:44:22.944   502   973 I BufferQueue: [unnamed-502-58](this:0xb400007570e0aea8,id:58,api:0,p:-1,c:-1) BufferQueue core=(502:/system/bin/surfaceflinger)
03-20 13:44:22.949   502   973 I BufferQueueProducer: [com.android.vpndialogs/com.android.vpndialogs.AlwaysOnDisconnectedDialog#0](id:1f60000003a,api:1,p:3178,c:502) connect(): api=1 producerControlledByApp=false
03-20 13:44:22.949  1058  1373 I InputDispatcher: setInputWindows displayId=0 Window{5c7f25a u0 NotificationShade} Window{d287a4f u0 StatusBar} com.android.vpndialogs/com.android.vpndialogs.AlwaysOnDisconnectedDialog#0 Window{c59c980 u0 com.android.settings/com.android.settings.SubSettings} Window{36fce u0 com.android.systemui.ImageWallpaper} 
03-20 13:44:22.966  1058  1373 I InputDispatcher: setInputWindows displayId=0 Window{5c7f25a u0 NotificationShade} Window{d287a4f u0 StatusBar} Window{caa28c0 u0 com.android.vpndialogs/com.android.vpndialogs.AlwaysOnDisconnectedDialog} Window{c59c980 u0 com.android.settings/com.android.settings.SubSettings} Window{36fce u0 com.android.systemui.ImageWallpaper} 
03-20 13:44:22.966  1058  1373 I InputDispatcher: Window went away: com.android.vpndialogs/com.android.vpndialogs.AlwaysOnDisconnectedDialog#0
03-20 13:44:22.983  1058  3432 I InputDispatcher: setInputWindows displayId=0 Window{5c7f25a u0 NotificationShade} Window{d287a4f u0 StatusBar} Window{caa28c0 u0 com.android.vpndialogs/com.android.vpndialogs.AlwaysOnDisconnectedDialog} Window{c59c980 u0 com.android.settings/com.android.settings.SubSettings} Window{36fce u0 com.android.systemui.ImageWallpaper} 
03-20 13:44:22.990  1058  1082 D ArtManagerInternalImpl: /data/misc/iorapd/com.android.vpndialogs/30/com.android.vpndialogs.AlwaysOnDisconnectedDialog/compiled_traces/compiled_trace.pb doesn't exist
03-20 13:44:22.992  1058  1082 I ActivityTaskManager: Displayed com.android.vpndialogs/.AlwaysOnDisconnectedDialog: +135ms
03-20 13:44:22.993   483   510 I mtkpower@impl: [setMode] type:5, enabled:0
03-20 13:44:22.994   483   547 I libPowerHal: [perfLockRel] hdl:216, idx:0
03-20 13:44:22.994   483   547 I libPowerHal: [PD] scn:0 hdl:216 hint:11 comm:mtkpower@1.0-se pid:483
03-20 13:44:22.995   483   508 I mtkpower@impl: [mtkPowerHint] hint:22, hold:0, ext:30, ext_hold:2000
03-20 13:44:22.996   483   547 I libPowerHal: [perfLockRel] hdl:217, idx:1
03-20 13:44:22.996   483   547 I libPowerHal: [PD] scn:1 hdl:217 hint:22 comm:mtkpower@1.0-se pid:483
03-20 13:44:22.998   483   547 I libPowerHal: MTKPOWER_HINT_PACK_SWITCH: cpu_ctrl set cpu freq: -1 -1 -1 -1
03-20 13:44:22.999   483   547 I libPowerHal: [PD] MTKPOWER_HINT_PACK_SWITCH update cmd:1000000, param:-1
03-20 13:44:22.999   483   547 I libPowerHal: [PD] MTKPOWER_HINT_PACK_SWITCH update cmd:1408300 param:0
03-20 13:44:22.999   483   547 I libPowerHal: [PD] MTKPOWER_HINT_PACK_SWITCH update cmd:1000000 param:-1
03-20 13:44:23.000   483   547 I libPowerHal: [perfLockAcq] idx:0 hdl:218 hint:30 pid:483 duration:2000 => ret_hdl:218
03-20 13:44:23.000   483   547 I libPowerHal: [PE] scn:0 hdl:218 hint:30 comm:mtkpower@1.0-se pid:483
03-20 13:44:23.000   483   547 I libPowerHal: [PE] MTKPOWER_HINT_EXT_LAUNCH update cmd:1000000, param:1
03-20 13:44:23.000   483   547 I libPowerHal: [PE] MTKPOWER_HINT_EXT_LAUNCH update cmd:2020000, param:15
03-20 13:44:23.000   483   547 I libPowerHal: [PE] MTKPOWER_HINT_EXT_LAUNCH update cmd:1408300, param:40
03-20 13:44:23.001   483   547 I libPowerHal: [PE] MTKPOWER_HINT_EXT_LAUNCH update cmd:1000000 param:1
03-20 13:44:23.001  1058  2016 I InputDispatcher: setInputWindows displayId=0 Window{5c7f25a u0 NotificationShade} Window{d287a4f u0 StatusBar} Window{caa28c0 u0 com.android.vpndialogs/com.android.vpndialogs.AlwaysOnDisconnectedDialog} Window{c59c980 u0 com.android.settings/com.android.settings.SubSettings} Window{36fce u0 com.android.systemui.ImageWallpaper} 
03-20 13:44:23.012  1058  2016 I InputDispatcher: setInputWindows displayId=0 Window{5c7f25a u0 NotificationShade} Window{d287a4f u0 StatusBar} Window{caa28c0 u0 com.android.vpndialogs/com.android.vpndialogs.AlwaysOnDisconnectedDialog} Window{c59c980 u0 com.android.settings/com.android.settings.SubSettings} Window{36fce u0 com.android.systemui.ImageWallpaper} 
03-20 13:44:23.015   502   570 I BufferQueueProducer: [com.android.vpndialogs/com.android.vpndialogs.AlwaysOnDisconnectedDialog#0](id:1f60000003a,api:1,p:3178,c:502) disconnect(): api=1
03-20 13:44:23.016   502   571 I BufferQueueProducer: [com.android.vpndialogs/com.android.vpndialogs.AlwaysOnDisconnectedDialog#0](id:1f60000003a,api:1,p:3178,c:502) connect(): api=1 producerControlledByApp=false
03-20 13:44:23.026  1058  2016 I InputDispatcher: setInputWindows displayId=0 Window{5c7f25a u0 NotificationShade} Window{d287a4f u0 StatusBar} Window{caa28c0 u0 com.android.vpndialogs/com.android.vpndialogs.AlwaysOnDisconnectedDialog} Window{c59c980 u0 com.android.settings/com.android.settings.SubSettings} Window{36fce u0 com.android.systemui.ImageWallpaper} 
03-20 13:44:23.043  1058  2016 I InputDispatcher: setInputWindows displayId=0 Window{5c7f25a u0 NotificationShade} Window{d287a4f u0 StatusBar} Window{caa28c0 u0 com.android.vpndialogs/com.android.vpndialogs.AlwaysOnDisconnectedDialog} Window{c59c980 u0 com.android.settings/com.android.settings.SubSettings} Window{36fce u0 com.android.systemui.ImageWallpaper} 
03-20 13:44:23.044   689  2595 D MtkOmxVenc: [0xe6780010] ret 0, wait fence 110 took 11342 us
03-20 13:44:23.061  1058  1373 I InputDispatcher: setInputWindows displayId=0 Window{5c7f25a u0 NotificationShade} Window{d287a4f u0 StatusBar} Window{caa28c0 u0 com.android.vpndialogs/com.android.vpndialogs.AlwaysOnDisconnectedDialog} Window{c59c980 u0 com.android.settings/com.android.settings.SubSettings} Window{36fce u0 com.android.systemui.ImageWallpaper} 
03-20 13:44:23.062  1244  1244 D StatusBar: disable<e i a s b h r c s > disable2<q i n >
03-20 13:44:23.062   689  2595 D MtkOmxVenc: [0xe6780010] ret 0, wait fence 110 took 10882 us
03-20 13:44:23.072   502   502 I BufferQueueProducer: [FramebufferSurface](this:0xb400007560deaba0,id:-1,api:1,p:502,c:502) queueBuffer: fps=2.05 dur=14120.55 max=13625.58 min=17.02
03-20 13:44:23.078   502   502 I BufferQueueProducer: [VDS-scrcpy SCRATCH](this:0xb400007570df6f38,id:-1,api:1,p:502,c:502) queueBuffer: fps=0.19 dur=103902.54 max=103566.05 min=14.67
03-20 13:44:23.080   464  2598 E [GrallocExtra-ERROR]: gralloc_extra_query:92 gralloc_extra_query with NULL handle: 0x0
03-20 13:44:23.085  1058  1373 I InputDispatcher: setInputWindows displayId=0 Window{5c7f25a u0 NotificationShade} Window{d287a4f u0 StatusBar} Window{caa28c0 u0 com.android.vpndialogs/com.android.vpndialogs.AlwaysOnDisconnectedDialog} Window{c59c980 u0 com.android.settings/com.android.settings.SubSettings} Window{36fce u0 com.android.systemui.ImageWallpaper} 
03-20 13:44:23.093   502   973 I BufferQueueProducer: [StatusBar#0](this:0xb400007570dfede8,id:5,api:1,p:1244,c:502) queueBuffer: fps=0.44 dur=2254.91 max=2254.91 min=2254.91
03-20 13:44:23.100   464  2598 E [GrallocExtra-ERROR]: gralloc_extra_query:92 gralloc_extra_query with NULL handle: 0x0
03-20 13:44:23.106  1058  1373 I InputDispatcher: setInputWindows displayId=0 Window{5c7f25a u0 NotificationShade} Window{d287a4f u0 StatusBar} Window{caa28c0 u0 com.android.vpndialogs/com.android.vpndialogs.AlwaysOnDisconnectedDialog} Window{c59c980 u0 com.android.settings/com.android.settings.SubSettings} Window{36fce u0 com.android.systemui.ImageWallpaper} 
03-20 13:44:23.123   464  2598 E [GrallocExtra-ERROR]: gralloc_extra_query:92 gralloc_extra_query with NULL handle: 0x0
03-20 13:44:23.129  1058  1373 I InputDispatcher: setInputWindows displayId=0 Window{5c7f25a u0 NotificationShade} Window{d287a4f u0 StatusBar} Window{caa28c0 u0 com.android.vpndialogs/com.android.vpndialogs.AlwaysOnDisconnectedDialog} Window{c59c980 u0 com.android.settings/com.android.settings.SubSettings} Window{36fce u0 com.android.systemui.ImageWallpaper} 
03-20 13:44:23.145   464  2598 E [GrallocExtra-ERROR]: gralloc_extra_query:92 gralloc_extra_query with NULL handle: 0x0
03-20 13:44:23.151  1058  1373 I InputDispatcher: setInputWindows displayId=0 Window{5c7f25a u0 NotificationShade} Window{d287a4f u0 StatusBar} Window{caa28c0 u0 com.android.vpndialogs/com.android.vpndialogs.AlwaysOnDisconnectedDialog} Window{c59c980 u0 com.android.settings/com.android.settings.SubSettings} Window{36fce u0 com.android.systemui.ImageWallpaper} 
03-20 13:44:23.169   464  2598 E [GrallocExtra-ERROR]: gralloc_extra_query:92 gralloc_extra_query with NULL handle: 0x0
03-20 13:44:23.175  1058  2016 I InputDispatcher: setInputWindows displayId=0 Window{5c7f25a u0 NotificationShade} Window{d287a4f u0 StatusBar} Window{caa28c0 u0 com.android.vpndialogs/com.android.vpndialogs.AlwaysOnDisconnectedDialog} Window{c59c980 u0 com.android.settings/com.android.settings.SubSettings} Window{36fce u0 com.android.systemui.ImageWallpaper} 
03-20 13:44:23.192   464  2598 E [GrallocExtra-ERROR]: gralloc_extra_query:92 gralloc_extra_query with NULL handle: 0x0
03-20 13:44:23.199  1058  1373 I InputDispatcher: setInputWindows displayId=0 Window{5c7f25a u0 NotificationShade} Window{d287a4f u0 StatusBar} Window{caa28c0 u0 com.android.vpndialogs/com.android.vpndialogs.AlwaysOnDisconnectedDialog} Window{c59c980 u0 com.android.settings/com.android.settings.SubSettings} Window{36fce u0 com.android.systemui.ImageWallpaper} 
03-20 13:44:23.218   464  2598 E [GrallocExtra-ERROR]: gralloc_extra_query:92 gralloc_extra_query with NULL handle: 0x0
03-20 13:44:23.226  1058  1373 I InputDispatcher: setInputWindows displayId=0 Window{5c7f25a u0 NotificationShade} Window{d287a4f u0 StatusBar} Window{caa28c0 u0 com.android.vpndialogs/com.android.vpndialogs.AlwaysOnDisconnectedDialog} Window{c59c980 u0 com.android.settings/com.android.settings.SubSettings} Window{36fce u0 com.android.systemui.ImageWallpaper} 
03-20 13:44:23.243   464  2598 E [GrallocExtra-ERROR]: gralloc_extra_query:92 gralloc_extra_query with NULL handle: 0x0
03-20 13:44:23.251  1058  2016 I InputDispatcher: setInputWindows displayId=0 Window{5c7f25a u0 NotificationShade} Window{d287a4f u0 StatusBar} Window{caa28c0 u0 com.android.vpndialogs/com.android.vpndialogs.AlwaysOnDisconnectedDialog} Window{c59c980 u0 com.android.settings/com.android.settings.SubSettings} Window{36fce u0 com.android.systemui.ImageWallpaper} 
03-20 13:44:23.270   464  2598 E [GrallocExtra-ERROR]: gralloc_extra_query:92 gralloc_extra_query with NULL handle: 0x0
03-20 13:44:23.277  1058  2016 I InputDispatcher: setInputWindows displayId=0 Window{5c7f25a u0 NotificationShade} Window{d287a4f u0 StatusBar} Window{caa28c0 u0 com.android.vpndialogs/com.android.vpndialogs.AlwaysOnDisconnectedDialog} Window{c59c980 u0 com.android.settings/com.android.settings.SubSettings} Window{36fce u0 com.android.systemui.ImageWallpaper} 
03-20 13:44:23.293   464  2598 E [GrallocExtra-ERROR]: gralloc_extra_query:92 gralloc_extra_query with NULL handle: 0x0
03-20 13:44:23.297  1058  2016 I InputDispatcher: setInputWindows displayId=0 Window{5c7f25a u0 NotificationShade} Window{d287a4f u0 StatusBar} Window{caa28c0 u0 com.android.vpndialogs/com.android.vpndialogs.AlwaysOnDisconnectedDialog} Window{c59c980 u0 com.android.settings/com.android.settings.SubSettings} Window{36fce u0 com.android.systemui.ImageWallpaper} 
03-20 13:44:23.310   464  2598 E [GrallocExtra-ERROR]: gralloc_extra_query:92 gralloc_extra_query with NULL handle: 0x0
03-20 13:44:23.316  1058  2016 I InputDispatcher: setInputWindows displayId=0 Window{5c7f25a u0 NotificationShade} Window{d287a4f u0 StatusBar} Window{caa28c0 u0 com.android.vpndialogs/com.android.vpndialogs.AlwaysOnDisconnectedDialog} Window{c59c980 u0 com.android.settings/com.android.settings.SubSettings} Window{36fce u0 com.android.systemui.ImageWallpaper} 
03-20 13:44:23.331   464  2598 E [GrallocExtra-ERROR]: gralloc_extra_query:92 gralloc_extra_query with NULL handle: 0x0
03-20 13:44:23.337  1058  2016 I InputDispatcher: setInputWindows displayId=0 Window{5c7f25a u0 NotificationShade} Window{d287a4f u0 StatusBar} Window{caa28c0 u0 com.android.vpndialogs/com.android.vpndialogs.AlwaysOnDisconnectedDialog} Window{c59c980 u0 com.android.settings/com.android.settings.SubSettings} Window{36fce u0 com.android.systemui.ImageWallpaper} 
03-20 13:44:23.352   464  2598 E [GrallocExtra-ERROR]: gralloc_extra_query:92 gralloc_extra_query with NULL handle: 0x0
03-20 13:44:23.359  1058  2016 I InputDispatcher: setInputWindows displayId=0 Window{5c7f25a u0 NotificationShade} Window{d287a4f u0 StatusBar} Window{caa28c0 u0 com.android.vpndialogs/com.android.vpndialogs.AlwaysOnDisconnectedDialog} Window{c59c980 u0 com.android.settings/com.android.settings.SubSettings} Window{36fce u0 com.android.systemui.ImageWallpaper} 
03-20 13:44:23.376   464  2598 E [GrallocExtra-ERROR]: gralloc_extra_query:92 gralloc_extra_query with NULL handle: 0x0
03-20 13:44:23.382  1058  2016 I InputDispatcher: setInputWindows displayId=0 Window{5c7f25a u0 NotificationShade} Window{d287a4f u0 StatusBar} Window{caa28c0 u0 com.android.vpndialogs/com.android.vpndialogs.AlwaysOnDisconnectedDialog} Window{c59c980 u0 com.android.settings/com.android.settings.SubSettings} Window{36fce u0 com.android.systemui.ImageWallpaper} 
03-20 13:44:23.396   464  2598 E [GrallocExtra-ERROR]: gralloc_extra_query:92 gralloc_extra_query with NULL handle: 0x0
03-20 13:44:23.402  1058  2016 I InputDispatcher: setInputWindows displayId=0 Window{5c7f25a u0 NotificationShade} Window{d287a4f u0 StatusBar} Window{caa28c0 u0 com.android.vpndialogs/com.android.vpndialogs.AlwaysOnDisconnectedDialog} Window{c59c980 u0 com.android.settings/com.android.settings.SubSettings} Window{36fce u0 com.android.systemui.ImageWallpaper} 
03-20 13:44:23.417   464  2598 E [GrallocExtra-ERROR]: gralloc_extra_query:92 gralloc_extra_query with NULL handle: 0x0
03-20 13:44:23.424  1058  2016 I InputDispatcher: setInputWindows displayId=0 Window{5c7f25a u0 NotificationShade} Window{d287a4f u0 StatusBar} Window{caa28c0 u0 com.android.vpndialogs/com.android.vpndialogs.AlwaysOnDisconnectedDialog} Window{c59c980 u0 com.android.settings/com.android.settings.SubSettings} Window{36fce u0 com.android.systemui.ImageWallpaper} 
03-20 13:44:23.432  1244  1244 D StatusBar: disable<e i a s b h r c s > disable2<q i n >
03-20 13:44:23.440   464  2598 E [GrallocExtra-ERROR]: gralloc_extra_query:92 gralloc_extra_query with NULL handle: 0x0
03-20 13:44:23.445  1058  2016 I InputDispatcher: setInputWindows displayId=0 Window{5c7f25a u0 NotificationShade} Window{d287a4f u0 StatusBar} Window{caa28c0 u0 com.android.vpndialogs/com.android.vpndialogs.AlwaysOnDisconnectedDialog} Window{c59c980 u0 com.android.settings/com.android.settings.SubSettings} Window{36fce u0 com.android.systemui.ImageWallpaper} 
03-20 13:44:23.452  1058  1373 W WindowManager: Changing focus fromWindow{5c7f25a u0 NotificationShade} to Window{caa28c0 u0 com.android.vpndialogs/com.android.vpndialogs.AlwaysOnDisconnectedDialog} displayId=0 Callers=com.android.server.wm.RootWindowContainer.updateFocusedWindowLocked:457 com.android.server.wm.WindowManagerService.updateFocusedWindowLocked:5602 com.android.server.wm.WindowManagerService.relayoutWindow:2395 com.android.server.wm.Session.relayout:213 
03-20 13:44:23.461   464  2598 E [GrallocExtra-ERROR]: gralloc_extra_query:92 gralloc_extra_query with NULL handle: 0x0
03-20 13:44:23.466  1058  1373 I InputDispatcher: setInputWindows displayId=0 Window{5c7f25a u0 NotificationShade} Window{d287a4f u0 StatusBar} Window{caa28c0 u0 com.android.vpndialogs/com.android.vpndialogs.AlwaysOnDisconnectedDialog} Window{c59c980 u0 com.android.settings/com.android.settings.SubSettings} Window{36fce u0 com.android.systemui.ImageWallpaper} 
03-20 13:44:23.466  1058  1373 I InputDispatcher: Focus left window: Window{5c7f25a u0 NotificationShade} in display 0
03-20 13:44:23.466  1058  1373 I InputDispatcher: Focus entered window: Window{caa28c0 u0 com.android.vpndialogs/com.android.vpndialogs.AlwaysOnDisconnectedDialog} in display 0
03-20 13:44:23.477  1244  1244 D StatusBar: disable<e i a s b h r c s > disable2<q i n >
03-20 13:44:23.479  1244  1758 I GED     : ged_boost_gpu_freq, level 100, eOrigin 2, final_idx 2, oppidx_max 2, oppidx_min 0
03-20 13:44:23.482   502   571 I BufferQueueProducer: [NotificationShade#0](id:1f600000039,api:1,p:1244,c:502) disconnect(): api=1
03-20 13:44:23.507   464  2599 D MDP     : DpAsyncBlit: in: job (24151 43) (128, 128, 256, 0, C0, P0), sec0, flush 0 Buffer 3972: plane=1 bufVA={0x49,0x0,0x0} bufMVA={0x0,0x0,0x0} bufSize={0x8000,0x0,0x0} proxy={0xb400007587d852a0,0x0,0x0}fence=-1
03-20 13:44:23.507   464  2599 D MDP     : DpAsyncBlit: out0: (640, 960, 640, 320, C8s, P0), misc: (X:0, Y:0, R:0, F:0, S:0, A:0, D:0), sec0, flush 0 Buffer 3972: plane=3 bufVA={0x9d,0x9d,0x9d} bufMVA={0x0,0x0,0x0} bufSize={0x96000,0x25800,0x25800} proxy={0xb400007587d84a80,0x0,0x0}fence=-1
03-20 13:44:23.507   464  2599 D MDP     : DpAsyncBlit: crop0: (0, 0, 128, 128, 0, 0, 0, 0)
03-20 13:44:23.508   464  2599 D MDP     : [PQ][PQRSZAdaptor(1)] SUPPORT_VIDEO_UR
03-20 13:44:23.509   464  2599 D MDP     : Buffer 3972: plane=1 bufVA={0x49,0x0,0x0} bufMVA={0x0,0x0,0x0} bufSize={0x8000,0x0,0x0} proxy={0xb400007587d852a0,0x0,0x0}fence=-1
03-20 13:44:23.509   464  2599 D MDP     : Buffer 3973: plane=1 bufVA={0x3a,0x0,0x0} bufMVA={0x0,0x0,0x0} bufSize={0x1c2000,0x0,0x0} proxy={0xb400007587d86c90,0x0,0x0}fence=64
03-20 13:44:23.509   464  2599 D MDP     : DpAsyncBlit: in: job (24155 43) (640, 960, 1920, 0, C1s, P0), sec0, flush 0 
03-20 13:44:23.509   464  2599 D MDP     : Buffer 3972: plane=3 bufVA={0x9d,0x9d,0x9d} bufMVA={0x0,0x0,0x0} bufSize={0x96000,0x25800,0x25800} proxy={0xb400007587d84a80,0x0,0x0}fence=-1
03-20 13:44:23.509   464  2599 D MDP     : Buffer 3973: plane=3 bufVA={0x9d,0x9d,0x9d} bufMVA={0x0,0x0,0x0} bufSize={0x96000,0x25800,0x25800} proxy={0xb400007587d86b50,0x0,0x0}fence=130
03-20 13:44:23.509   464  2599 D MDP     : DpAsyncBlit: out0: (640, 960, 640, 320, C8s, P0), misc: (X:0, Y:0, R:0, F:0, S:0, A:0, D:0), sec0, flush 0 
03-20 13:44:23.509   464  2599 D MDP     : DpAsyncBlit: crop0: (0, 0, 640, 960, 0, 0, 0, 0)
03-20 13:44:23.511   502   502 E Layer   : [Surface(name=Task=64)/@0x71b2da2 - animation-leash#0] No local sync point found
03-20 13:44:23.512  1058  3432 I InputDispatcher: setInputWindows displayId=0 Window{d287a4f u0 StatusBar} Window{caa28c0 u0 com.android.vpndialogs/com.android.vpndialogs.AlwaysOnDisconnectedDialog} Window{c59c980 u0 com.android.settings/com.android.settings.SubSettings} Window{36fce u0 com.android.systemui.ImageWallpaper} 
03-20 13:44:23.512  1058  3432 I InputDispatcher: Window went away: Window{5c7f25a u0 NotificationShade}
03-20 13:44:23.513   502   502 I BufferQueueConsumer: [NotificationShade#0](id:1f600000039,api:0,p:-1,c:502) disconnect()
03-20 13:44:23.514   502   502 I BufferQueue: [NotificationShade#0](this:0xb400007570e0beb8,id:57,api:1,p:-1,c:-1) onDestructor()
03-20 13:44:23.523   464  2599 D MDP     : DpAsyncBlit: in: job (24157 68) (128, 128, 256, 0, C0, P0), sec0, flush 0 Buffer 3974: plane=1 bufVA={0x49,0x0,0x0} bufMVA={0x0,0x0,0x0} bufSize={0x8000,0x0,0x0} proxy={0xb400007587d86f60,0x0,0x0}fence=-1
03-20 13:44:23.524   464  2599 D MDP     : DpAsyncBlit: out0: (640, 960, 640, 320, C8s, P0), misc: (X:0, Y:0, R:0, F:0, S:0, A:0, D:0), sec0, flush 0 Buffer 3974: plane=3 bufVA={0x78,0x78,0x78} bufMVA={0x0,0x0,0x0} bufSize={0x96000,0x25800,0x25800} proxy={0xb400007587d84e90,0x0,0x0}fence=-1
03-20 13:44:23.524   464  2599 D MDP     : DpAsyncBlit: crop0: (0, 0, 128, 128, 0, 0, 0, 0)
03-20 13:44:23.524   464  2599 D MDP     : [PQ][PQRSZAdaptor(1)] SUPPORT_VIDEO_UR
03-20 13:44:23.526   464  2599 D MDP     : Buffer 3974: plane=1 bufVA={0x49,0x0,0x0} bufMVA={0x0,0x0,0x0} bufSize={0x8000,0x0,0x0} proxy={0xb400007587d86f60,0x0,0x0}fence=-1
03-20 13:44:23.526   464  2599 D MDP     : Buffer 3975: plane=1 bufVA={0x4e,0x0,0x0} bufMVA={0x0,0x0,0x0} bufSize={0x1c2000,0x0,0x0} proxy={0xb400007587d85340,0x0,0x0}fence=75
03-20 13:44:23.526   464  2599 D MDP     : DpAsyncBlit: in: job (24161 68) (640, 960, 1920, 0, C1s, P0), sec0, flush 0 
03-20 13:44:23.526   464  2599 D MDP     : Buffer 3974: plane=3 bufVA={0x78,0x78,0x78} bufMVA={0x0,0x0,0x0} bufSize={0x96000,0x25800,0x25800} proxy={0xb400007587d84e90,0x0,0x0}fence=-1
03-20 13:44:23.526   464  2599 D MDP     : Buffer 3975: plane=3 bufVA={0x78,0x78,0x78} bufMVA={0x0,0x0,0x0} bufSize={0x96000,0x25800,0x25800} proxy={0xb400007587d86b00,0x0,0x0}fence=84
03-20 13:44:23.526   464  2599 D MDP     : DpAsyncBlit: out0: (640, 960, 640, 320, C8s, P0), misc: (X:0, Y:0, R:0, F:0, S:0, A:0, D:0), sec0, flush 0 
03-20 13:44:23.526   464  2599 D MDP     : DpAsyncBlit: crop0: (0, 0, 640, 960, 0, 0, 0, 0)
03-20 13:44:23.534   464  2599 D MDP     : DpAsyncBlit: in: job (24163 96) (128, 128, 256, 0, C0, P0), sec0, flush 0 Buffer 3976: plane=1 bufVA={0x49,0x0,0x0} bufMVA={0x0,0x0,0x0} bufSize={0x8000,0x0,0x0} proxy={0xb400007587d86600,0x0,0x0}fence=-1
03-20 13:44:23.534   464  2599 D MDP     : DpAsyncBlit: out0: (640, 960, 640, 320, C8s, P0), misc: (X:0, Y:0, R:0, F:0, S:0, A:0, D:0), sec0, flush 0 Buffer 3976: plane=3 bufVA={0x63,0x63,0x63} bufMVA={0x0,0x0,0x0} bufSize={0x96000,0x25800,0x25800} proxy={0xb400007587d853e0,0x0,0x0}fence=-1
03-20 13:44:23.534   464  2599 D MDP     : DpAsyncBlit: crop0: (0, 0, 128, 128, 0, 0, 0, 0)
03-20 13:44:23.535   464  2599 D MDP     : [PQ][PQRSZAdaptor(1)] SUPPORT_VIDEO_UR
03-20 13:44:23.537   464  2599 D MDP     : Buffer 3976: plane=1 bufVA={0x49,0x0,0x0} bufMVA={0x0,0x0,0x0} bufSize={0x8000,0x0,0x0} proxy={0xb400007587d86600,0x0,0x0}fence=-1
03-20 13:44:23.537   464  2599 D MDP     : Buffer 3977: plane=1 bufVA={0x56,0x0,0x0} bufMVA={0x0,0x0,0x0} bufSize={0x1c2000,0x0,0x0} proxy={0xb400007587d85110,0x0,0x0}fence=104
03-20 13:44:23.537   464  2599 D MDP     : DpAsyncBlit: in: job (24167 96) (640, 960, 1920, 0, C1s, P0), sec0, flush 0 
03-20 13:44:23.537   464  2599 D MDP     : Buffer 3976: plane=3 bufVA={0x63,0x63,0x63} bufMVA={0x0,0x0,0x0} bufSize={0x96000,0x25800,0x25800} proxy={0xb400007587d853e0,0x0,0x0}fence=-1
03-20 13:44:23.537   464  2599 D MDP     : Buffer 3977: plane=3 bufVA={0x63,0x63,0x63} bufMVA={0x0,0x0,0x0} bufSize={0x96000,0x25800,0x25800} proxy={0xb400007587d86100,0x0,0x0}fence=43
03-20 13:44:23.537   464  2599 D MDP     : DpAsyncBlit: out0: (640, 960, 640, 320, C8s, P0), misc: (X:0, Y:0, R:0, F:0, S:0, A:0, D:0), sec0, flush 0 
03-20 13:44:23.537   464  2599 D MDP     : DpAsyncBlit: crop0: (0, 0, 640, 960, 0, 0, 0, 0)
03-20 13:44:24.145   709   709 I thermal_repeater: [recvMdThermalInfo] ret=29, strLen=127,  1, 32767,,, -28361, 32767, 0
03-20 13:44:24.542   502   571 I BufferQueueProducer: [com.android.vpndialogs/com.android.vpndialogs.AlwaysOnDisconnectedDialog#0](this:0xb400007570e0aea8,id:58,api:1,p:3178,c:502) queueBuffer: fps=2.56 dur=1561.74 max=1050.40 min=7.30
03-20 13:44:24.559   464   633 I hwcomposer: [HWCDisplay] [Display_0 (type:1)] fps:18.689447,dur:1765.70,max:1029.80,min:10.41  
03-20 13:44:24.565   464   633 I hwcomposer: [HWCDisplay] [Display_2 (type:2)] fps:18.666479,dur:1767.87,max:1031.43,min:10.10  
03-20 13:44:24.567   464  2599 D MDP     : DpAsyncBlit: in: job (24169 90) (128, 128, 256, 0, C0, P0), sec0, flush 0 Buffer 3978: plane=1 bufVA={0x49,0x0,0x0} bufMVA={0x0,0x0,0x0} bufSize={0x8000,0x0,0x0} proxy={0xb400007587d85930,0x0,0x0}fence=-1
03-20 13:44:24.567   464  2599 D MDP     : DpAsyncBlit: out0: (640, 960, 640, 320, C8s, P0), misc: (X:0, Y:0, R:0, F:0, S:0, A:0, D:0), sec0, flush 0 Buffer 3978: plane=3 bufVA={0x82,0x82,0x82} bufMVA={0x0,0x0,0x0} bufSize={0x96000,0x25800,0x25800} proxy={0xb400007587d86380,0x0,0x0}fence=-1
03-20 13:44:24.567   464  2599 D MDP     : DpAsyncBlit: crop0: (0, 0, 128, 128, 0, 0, 0, 0)
03-20 13:44:24.568   464  2599 D MDP     : [PQ][PQRSZAdaptor(1)] SUPPORT_VIDEO_UR
03-20 13:44:24.568   502   502 I BufferQueueProducer: [VDS-scrcpy SINK](this:0xb400007570df6ea8,id:-1,api:1,p:502,c:502) queueBuffer: fps=18.09 dur=1769.21 max=1031.58 min=9.49
03-20 13:44:24.570   464  2599 D MDP     : Buffer 3978: plane=1 bufVA={0x49,0x0,0x0} bufMVA={0x0,0x0,0x0} bufSize={0x8000,0x0,0x0} proxy={0xb400007587d85930,0x0,0x0}fence=-1
03-20 13:44:24.570   464  2599 D MDP     : Buffer 3979: plane=1 bufVA={0x3a,0x0,0x0} bufMVA={0x0,0x0,0x0} bufSize={0x1c2000,0x0,0x0} proxy={0xb400007587d855c0,0x0,0x0}fence=96
03-20 13:44:24.570   464  2599 D MDP     : DpAsyncBlit: in: job (24173 90) (640, 960, 1920, 0, C1s, P0), sec0, flush 0 
03-20 13:44:24.570   464  2599 D MDP     : Buffer 3978: plane=3 bufVA={0x82,0x82,0x82} bufMVA={0x0,0x0,0x0} bufSize={0x96000,0x25800,0x25800} proxy={0xb400007587d86380,0x0,0x0}fence=-1
03-20 13:44:24.570   464  2599 D MDP     : Buffer 3979: plane=3 bufVA={0x82,0x82,0x82} bufMVA={0x0,0x0,0x0} bufSize={0x96000,0x25800,0x25800} proxy={0xb400007587d851b0,0x0,0x0}fence=90
03-20 13:44:24.570   464  2599 D MDP     : DpAsyncBlit: out0: (640, 960, 640, 320, C8s, P0), misc: (X:0, Y:0, R:0, F:0, S:0, A:0, D:0), sec0, flush 0 
03-20 13:44:24.570   464  2599 D MDP     : DpAsyncBlit: crop0: (0, 0, 640, 960, 0, 0, 0, 0)
03-20 13:44:24.581   464  2599 D MDP     : DpAsyncBlit: in: job (24175 70) (128, 128, 256, 0, C0, P0), sec0, flush 0 Buffer 3980: plane=1 bufVA={0x49,0x0,0x0} bufMVA={0x0,0x0,0x0} bufSize={0x8000,0x0,0x0} proxy={0xb400007587d857f0,0x0,0x0}fence=-1
03-20 13:44:24.581   464  2599 D MDP     : DpAsyncBlit: out0: (640, 960, 640, 320, C8s, P0), misc: (X:0, Y:0, R:0, F:0, S:0, A:0, D:0), sec0, flush 0 Buffer 3980: plane=3 bufVA={0x60,0x60,0x60} bufMVA={0x0,0x0,0x0} bufSize={0x96000,0x25800,0x25800} proxy={0xb400007587d85a70,0x0,0x0}fence=-1
03-20 13:44:24.581   464  2599 D MDP     : DpAsyncBlit: crop0: (0, 0, 128, 128, 0, 0, 0, 0)
03-20 13:44:24.582   464  2599 D MDP     : [PQ][PQRSZAdaptor(1)] SUPPORT_VIDEO_UR
03-20 13:44:24.584   464  2599 D MDP     : Buffer 3980: plane=1 bufVA={0x49,0x0,0x0} bufMVA={0x0,0x0,0x0} bufSize={0x8000,0x0,0x0} proxy={0xb400007587d857f0,0x0,0x0}fence=-1
03-20 13:44:24.584   464  2599 D MDP     : Buffer 3981: plane=1 bufVA={0x4e,0x0,0x0} bufMVA={0x0,0x0,0x0} bufSize={0x1c2000,0x0,0x0} proxy={0xb400007587d84b70,0x0,0x0}fence=126
03-20 13:44:24.584   464  2599 D MDP     : DpAsyncBlit: in: job (24179 70) (640, 960, 1920, 0, C1s, P0), sec0, flush 0 
03-20 13:44:24.584   464  2599 D MDP     : Buffer 3980: plane=3 bufVA={0x60,0x60,0x60} bufMVA={0x0,0x0,0x0} bufSize={0x96000,0x25800,0x25800} proxy={0xb400007587d85a70,0x0,0x0}fence=-1
03-20 13:44:24.584   464  2599 D MDP     : Buffer 3981: plane=3 bufVA={0x60,0x60,0x60} bufMVA={0x0,0x0,0x0} bufSize={0x96000,0x25800,0x25800} proxy={0xb400007587d85c00,0x0,0x0}fence=81
03-20 13:44:24.584   464  2599 D MDP     : DpAsyncBlit: out0: (640, 960, 640, 320, C8s, P0), misc: (X:0, Y:0, R:0, F:0, S:0, A:0, D:0), sec0, flush 0 
03-20 13:44:24.584   464  2599 D MDP     : DpAsyncBlit: crop0: (0, 0, 640, 960, 0, 0, 0, 0)
03-20 13:44:24.593   464  2599 D MDP     : DpAsyncBlit: in: job (24181 136) (128, 128, 256, 0, C0, P0), sec0, flush 0 Buffer 3982: plane=1 bufVA={0x49,0x0,0x0} bufMVA={0x0,0x0,0x0} bufSize={0x8000,0x0,0x0} proxy={0xb400007587d86470,0x0,0x0}fence=-1
03-20 13:44:24.593   464  2599 D MDP     : DpAsyncBlit: out0: (640, 960, 640, 320, C8s, P0), misc: (X:0, Y:0, R:0, F:0, S:0, A:0, D:0), sec0, flush 0 Buffer 3982: plane=3 bufVA={0x51,0x51,0x51} bufMVA={0x0,0x0,0x0} bufSize={0x96000,0x25800,0x25800} proxy={0xb400007587d85fc0,0x0,0x0}fence=-1
03-20 13:44:24.593   464  2599 D MDP     : DpAsyncBlit: crop0: (0, 0, 128, 128, 0, 0, 0, 0)
03-20 13:44:24.594   464  2599 D MDP     : [PQ][PQRSZAdaptor(1)] SUPPORT_VIDEO_UR
03-20 13:44:24.595   464  2599 D MDP     : Buffer 3982: plane=1 bufVA={0x49,0x0,0x0} bufMVA={0x0,0x0,0x0} bufSize={0x8000,0x0,0x0} proxy={0xb400007587d86470,0x0,0x0}fence=-1
03-20 13:44:24.595   464  2599 D MDP     : Buffer 3983: plane=1 bufVA={0x56,0x0,0x0} bufMVA={0x0,0x0,0x0} bufSize={0x1c2000,0x0,0x0} proxy={0xb400007587d868d0,0x0,0x0}fence=139
03-20 13:44:24.595   464  2599 D MDP     : DpAsyncBlit: in: job (24185 136) (640, 960, 1920, 0, C1s, P0), sec0, flush 0 
03-20 13:44:24.595   464  2599 D MDP     : Buffer 3982: plane=3 bufVA={0x51,0x51,0x51} bufMVA={0x0,0x0,0x0} bufSize={0x96000,0x25800,0x25800} proxy={0xb400007587d85fc0,0x0,0x0}fence=-1
03-20 13:44:24.595   464  2599 D MDP     : Buffer 3983: plane=3 bufVA={0x51,0x51,0x51} bufMVA={0x0,0x0,0x0} bufSize={0x96000,0x25800,0x25800} proxy={0xb400007587d85700,0x0,0x0}fence=126
03-20 13:44:24.596   464  2599 D MDP     : DpAsyncBlit: out0: (640, 960, 640, 320, C8s, P0), misc: (X:0, Y:0, R:0, F:0, S:0, A:0, D:0), sec0, flush 0 
03-20 13:44:24.596   464  2599 D MDP     : DpAsyncBlit: crop0: (0, 0, 640, 960, 0, 0, 0, 0)
03-20 13:44:24.999   483   547 I libPowerHal: [perfLockAcq] idx:1 hdl:219 hint:25 pid:483 duration:10000 => ret_hdl:219
03-20 13:44:25.000   483   547 I libPowerHal: [PE] scn:1 hdl:219 hint:25 comm:mtkpower@1.0-se pid:483
03-20 13:44:25.001   483   547 I libPowerHal: [PE] MTKPOWER_HINT_APP_TOUCH update cmd:3408600 param:1
03-20 13:44:25.002   483   547 I mtkpower@impl: [powerd_req] TIMER_MSG_PERF_LOCK_TIMEOUT hdl:218
03-20 13:44:25.002   483   547 I libPowerHal: [perfLockRel] hdl:218, idx:0
03-20 13:44:25.002   483   547 I libPowerHal: [PD] scn:0 hdl:218 hint:30 comm:mtkpower@1.0-se pid:483
03-20 13:44:25.002   483   547 I libPowerHal: [PD] MTKPOWER_HINT_EXT_LAUNCH update cmd:1000000, param:-1
03-20 13:44:25.003   483   547 I libPowerHal: [PD] MTKPOWER_HINT_EXT_LAUNCH update cmd:2020000 param:1
03-20 13:44:25.003   483   547 I libPowerHal: [PD] MTKPOWER_HINT_EXT_LAUNCH update cmd:1408300 param:0
03-20 13:44:25.003   483   547 I libPowerHal: [PD] MTKPOWER_HINT_EXT_LAUNCH update cmd:1000000 param:-1
03-20 13:44:25.119   483   547 I libPowerHal: [perfLockRel] hdl:219, idx:1
03-20 13:44:25.120   483   547 I libPowerHal: [PD] scn:1 hdl:219 hint:25 comm:mtkpower@1.0-se pid:483
03-20 13:44:25.120   483   547 I libPowerHal: [PD] MTKPOWER_HINT_APP_TOUCH update cmd:3408600 param:0
03-20 13:44:25.132  1058  3432 I ActivityTaskManager: START u0 {act=android.intent.action.MAIN cat=[android.intent.category.LAUNCHER] flg=0x10008000 pkg=com.emanuelef.remote_capture cmp=com.emanuelef.remote_capture/.activities.MainActivity} from uid 10064
03-20 13:44:25.145   483   510 I mtkpower@impl: [setMode] type:5, enabled:1
03-20 13:44:25.146   483   547 I libPowerHal: [perfLockAcq] idx:0 hdl:220 hint:11 pid:483 duration:30000 => ret_hdl:220
03-20 13:44:25.146   483   547 I libPowerHal: [PE] scn:0 hdl:220 hint:11 comm:mtkpower@1.0-se pid:483
03-20 13:44:25.148   483   547 I libPowerHal: LAUNCH: cpu_ctrl set cpu freq: 2001000 -1 1500000 -1
03-20 13:44:25.148   483   547 I libPowerHal: [PE] LAUNCH update cmd:1000000, param:0
03-20 13:44:25.148   483   547 I libPowerHal: [PE] LAUNCH update cmd:1408300, param:100
03-20 13:44:25.148   483   547 I libPowerHal: [PE] LAUNCH update cmd:1000000 param:0
03-20 13:44:25.149   483   547 I libPowerHal: [perfLockRel] hdl:218, idx:-1
03-20 13:44:25.149   483   547 I libPowerHal: [perfLockAcq] idx:1 hdl:221 hint:22 pid:483 duration:10000 => ret_hdl:221
03-20 13:44:25.149   483   547 I libPowerHal: [PE] scn:1 hdl:221 hint:22 comm:mtkpower@1.0-se pid:483
03-20 13:44:25.150  1058  2016 I InputDispatcher: setInputWindows displayId=0 Window{d287a4f u0 StatusBar} Window{caa28c0 u0 com.android.vpndialogs/com.android.vpndialogs.AlwaysOnDisconnectedDialog} Window{c59c980 u0 com.android.settings/com.android.settings.SubSettings} Window{36fce u0 com.android.systemui.ImageWallpaper} 
03-20 13:44:25.157   483   547 I libPowerHal: [perfLockAcq] idx:2 hdl:222 hint:21 pid:483 duration:10000 => ret_hdl:222
03-20 13:44:25.157   483   547 I libPowerHal: [PE] scn:2 hdl:222 hint:21 comm:mtkpower@1.0-se pid:483
03-20 13:44:25.157   483   547 I libPowerHal: [PE] MTKPOWER_HINT_PROCESS_CREATE update cmd:2020000, param:15
03-20 13:44:25.157  1058  1076 D CompatibilityChangeReporter: Compat change id reported: 135634846; UID 10093; state: DISABLED
03-20 13:44:25.157  1058  1076 D CompatibilityChangeReporter: Compat change id reported: 135754954; UID 10093; state: ENABLED
03-20 13:44:25.157   483   547 I libPowerHal: [perfLockRel] hdl:211, idx:-1
03-20 13:44:25.158  1058  1084 D CompatibilityChangeReporter: Compat change id reported: 143937733; UID 10093; state: ENABLED
03-20 13:44:25.159  1058  1081 D DexOptExtImpl: com.emanuelef.remote_capture reason is boot
03-20 13:44:25.161   502   973 I SurfaceFlinger: [SF client] NEW(0xb4000074c0dede10) for (1058:system_server)
03-20 13:44:25.163  1058  1077 D ViewRootImpl[remote_capture]: hardware acceleration = false , fakeHwAccelerated = true, sRendererDisabled = false, forceHwAccelerated = false, sSystemRendererDisabled = false
03-20 13:44:25.167  1058  1077 I InputTransport: Create ARC handle: 0xb4000079678dff40
03-20 13:44:25.168  1058  3432 I InputDispatcher: setInputWindows displayId=0 Window{d287a4f u0 StatusBar} Window{caa28c0 u0 com.android.vpndialogs/com.android.vpndialogs.AlwaysOnDisconnectedDialog} Window{c59c980 u0 com.android.settings/com.android.settings.SubSettings} Window{36fce u0 com.android.systemui.ImageWallpaper} 
03-20 13:44:25.174   438   438 D Zygote  : Forked child process 3591
03-20 13:44:25.174   502   973 I BufferQueueConsumer: [](id:1f60000003b,api:0,p:-1,c:502) connect(): controlledByApp=false
03-20 13:44:25.175   502   973 I BufferQueue: [unnamed-502-59](this:0xb400007570e25048,id:59,api:0,p:-1,c:-1) BufferQueue core=(502:/system/bin/surfaceflinger)
03-20 13:44:25.178  1058  1084 I ActivityManager: Start proc 3591:com.emanuelef.remote_capture/u0a93 for pre-top-activity {com.emanuelef.remote_capture/com.emanuelef.remote_capture.activities.MainActivity}
03-20 13:44:25.179  1058  1077 D Surface : lockCanvas
03-20 13:44:25.179   502   972 I BufferQueueProducer: [Splash Screen com.emanuelef.remote_capture#0](id:1f60000003b,api:2,p:1058,c:502) connect(): api=2 producerControlledByApp=false
03-20 13:44:25.186  1058  3432 I InputDispatcher: setInputWindows displayId=0 Window{d287a4f u0 StatusBar} Splash Screen com.emanuelef.remote_capture#0 Window{caa28c0 u0 com.android.vpndialogs/com.android.vpndialogs.AlwaysOnDisconnectedDialog} Window{c59c980 u0 com.android.settings/com.android.settings.SubSettings} Window{36fce u0 com.android.systemui.ImageWallpaper} 
03-20 13:44:25.201  3591  3591 E .remote_captur: Not starting debugger since process cannot load the jdwp agent.
03-20 13:44:25.204  1058  3432 I InputDispatcher: setInputWindows displayId=0 Window{d287a4f u0 StatusBar} Splash Screen com.emanuelef.remote_capture#0 Window{caa28c0 u0 com.android.vpndialogs/com.android.vpndialogs.AlwaysOnDisconnectedDialog} Window{c59c980 u0 com.android.settings/com.android.settings.SubSettings} Window{36fce u0 com.android.systemui.ImageWallpaper} 
03-20 13:44:25.212  1058  3432 V ActivityManager: New death recipient com.android.server.am.ActivityManagerService$AppDeathRecipient@263164d for thread android.os.BinderProxy@18a2502
03-20 13:44:25.218  1058  1083 D CompatibilityChangeReporter: Compat change id reported: 136219221; UID 10093; state: ENABLED
03-20 13:44:25.221  1058  3432 I InputDispatcher: setInputWindows displayId=0 Window{d287a4f u0 StatusBar} Splash Screen com.emanuelef.remote_capture#0 Window{caa28c0 u0 com.android.vpndialogs/com.android.vpndialogs.AlwaysOnDisconnectedDialog} Window{c59c980 u0 com.android.settings/com.android.settings.SubSettings} Window{36fce u0 com.android.systemui.ImageWallpaper} 
03-20 13:44:25.234  3591  3591 W .remote_captur: JIT profile information will not be recorded: profile file does not exist.
03-20 13:44:25.244  3591  3591 D NetworkSecurityConfig: No Network Security Config specified, using platform default
03-20 13:44:25.245  3591  3591 D NetworkSecurityConfig: No Network Security Config specified, using platform default
03-20 13:44:25.249  3591  3591 I CustomActivityOnCrash: CustomActivityOnCrash has been installed.
03-20 13:44:25.275   483   547 I libPowerHal: [perfNotifyAppState] foreground:com.emanuelef.remote_capture, pid:3591, uid:10093
03-20 13:44:25.275   483   547 E UxUtility: notifyAppState error = NULL
03-20 13:44:25.275   483   547 I TouchUtility: notifyAppState error = NULL
03-20 13:44:25.275   483   508 I mtkpower@impl: [notifyAppState] pc:1, com.android.vpndialogs => com.emanuelef.remote_capture
03-20 13:44:25.275  1058  2016 W WindowManager: Changing focus fromWindow{caa28c0 u0 com.android.vpndialogs/com.android.vpndialogs.AlwaysOnDisconnectedDialog} to null displayId=0 Callers=com.android.server.wm.RootWindowContainer.updateFocusedWindowLocked:457 com.android.server.wm.WindowManagerService.updateFocusedWindowLocked:5602 com.android.server.wm.DisplayContent.setFocusedApp:5517 com.android.server.wm.ActivityTaskManagerService.setResumedActivityUncheckLocked:5510 
03-20 13:44:25.284  1801  1801 V PhoneWindow: DecorView setVisiblity: visibility = 8, Parent = android.view.ViewRootImpl@e7c9253, this = DecorView@ed1c790[InputMethod]
03-20 13:44:25.292  1058  3432 I InputDispatcher: setInputWindows displayId=0 Window{d287a4f u0 StatusBar} Splash Screen com.emanuelef.remote_capture#0 Window{caa28c0 u0 com.android.vpndialogs/com.android.vpndialogs.AlwaysOnDisconnectedDialog} Window{c59c980 u0 com.android.settings/com.android.settings.SubSettings} Window{36fce u0 com.android.systemui.ImageWallpaper} 
03-20 13:44:25.296  3591  3591 D PCAPdroid: Build type: PLAYSTORE
03-20 13:44:25.299   502   502 I SurfaceFlinger: operator()(), mtkRenderCntDebug 14, screenshot (com.android.settings/com.android.settings.SubSettings#0)
03-20 13:44:25.305   502   502 I SurfaceFlinger: operator()(), mtkRenderCntDebug 15, screenshot (com.android.vpndialogs/com.android.vpndialogs.AlwaysOnDisconnectedDialog#0)
03-20 13:44:25.309  1058  3432 I InputDispatcher: setInputWindows displayId=0 Window{d287a4f u0 StatusBar} Splash Screen com.emanuelef.remote_capture#0 Window{caa28c0 u0 com.android.vpndialogs/com.android.vpndialogs.AlwaysOnDisconnectedDialog} Window{c59c980 u0 com.android.settings/com.android.settings.SubSettings} Window{36fce u0 com.android.systemui.ImageWallpaper} 
03-20 13:44:25.310  3591  3591 D CaptureService: onCreate
03-20 13:44:25.311  1058  3207 I GED     : ged_boost_gpu_freq, level 100, eOrigin 2, final_idx 2, oppidx_max 2, oppidx_min 0
03-20 13:44:25.313  3591  3591 D isRootAvailable: PATH = /product/bin:/apex/com.android.runtime/bin:/apex/com.android.art/bin:/system_ext/bin:/system/bin:/system/xbin:/odm/bin:/vendor/bin:/vendor/xbin
03-20 13:44:25.314  3591  3591 D isRootAvailable: 'su' binary found at /system/bin/su
03-20 13:44:25.320  1801  1801 V PhoneWindow: DecorView setVisiblity: visibility = 8, Parent = android.view.ViewRootImpl@e7c9253, this = DecorView@ed1c790[InputMethod]
03-20 13:44:25.328  1058  1373 I InputDispatcher: setInputWindows displayId=0 Window{d287a4f u0 StatusBar} Window{acaea11 u0 Splash Screen com.emanuelef.remote_capture} com.android.vpndialogs/com.android.vpndialogs.AlwaysOnDisconnectedDialog#0 com.android.settings/com.android.settings.SubSettings#0 Window{36fce u0 com.android.systemui.ImageWallpaper} 
03-20 13:44:25.328  1058  1373 I InputDispatcher: Focus left window: Window{caa28c0 u0 com.android.vpndialogs/com.android.vpndialogs.AlwaysOnDisconnectedDialog} in display 0
03-20 13:44:25.328  1058  1373 I InputDispatcher: Window went away: Splash Screen com.emanuelef.remote_capture#0
03-20 13:44:25.328  1058  1373 I InputDispatcher: Window went away: Window{caa28c0 u0 com.android.vpndialogs/com.android.vpndialogs.AlwaysOnDisconnectedDialog}
03-20 13:44:25.328  1058  1373 I InputDispatcher: Window went away: Window{c59c980 u0 com.android.settings/com.android.settings.SubSettings}
03-20 13:44:25.344  3591  3591 D CaptureService: onStartCommand
03-20 13:44:25.345  1058  3432 I InputDispatcher: setInputWindows displayId=0 Window{d287a4f u0 StatusBar} Window{acaea11 u0 Splash Screen com.emanuelef.remote_capture} com.android.vpndialogs/com.android.vpndialogs.AlwaysOnDisconnectedDialog#0 com.android.settings/com.android.settings.SubSettings#0 Window{36fce u0 com.android.systemui.ImageWallpaper} 
03-20 13:44:25.348  3591  3591 D CaptureService: alwaysOn? false
03-20 13:44:25.348  3591  3591 E .remote_captur: No implementation found for void com.emanuelef.remote_capture.CaptureService.setPrivateDnsBlocked(boolean) (tried Java_com_emanuelef_remote_1capture_CaptureService_setPrivateDnsBlocked and Java_com_emanuelef_remote_1capture_CaptureService_setPrivateDnsBlocked__Z)
03-20 13:44:25.349  3591  3591 D AndroidRuntime: Shutting down VM
03-20 13:44:25.349  3591  3591 E AndroidRuntime: FATAL EXCEPTION: main
03-20 13:44:25.349  3591  3591 E AndroidRuntime: Process: com.emanuelef.remote_capture, PID: 3591
03-20 13:44:25.349  3591  3591 E AndroidRuntime: java.lang.UnsatisfiedLinkError: No implementation found for void com.emanuelef.remote_capture.CaptureService.setPrivateDnsBlocked(boolean) (tried Java_com_emanuelef_remote_1capture_CaptureService_setPrivateDnsBlocked and Java_com_emanuelef_remote_1capture_CaptureService_setPrivateDnsBlocked__Z)
03-20 13:44:25.349  3591  3591 E AndroidRuntime: 	at com.emanuelef.remote_capture.CaptureService.setPrivateDnsBlocked(Native Method)
03-20 13:44:25.349  3591  3591 E AndroidRuntime: 	at com.emanuelef.remote_capture.CaptureService.onStartCommand(CaptureService.java:264)
03-20 13:44:25.349  3591  3591 E AndroidRuntime: 	at android.app.ActivityThread.handleServiceArgs(ActivityThread.java:4373)
03-20 13:44:25.349  3591  3591 E AndroidRuntime: 	at android.app.ActivityThread.access$2000(ActivityThread.java:244)
03-20 13:44:25.349  3591  3591 E AndroidRuntime: 	at android.app.ActivityThread$H.handleMessage(ActivityThread.java:2001)
03-20 13:44:25.349  3591  3591 E AndroidRuntime: 	at android.os.Handler.dispatchMessage(Handler.java:106)
03-20 13:44:25.349  3591  3591 E AndroidRuntime: 	at android.os.Looper.loop(Looper.java:223)
03-20 13:44:25.349  3591  3591 E AndroidRuntime: 	at android.app.ActivityThread.main(ActivityThread.java:7723)
03-20 13:44:25.349  3591  3591 E AndroidRuntime: 	at java.lang.reflect.Method.invoke(Native Method)
03-20 13:44:25.349  3591  3591 E AndroidRuntime: 	at com.android.internal.os.RuntimeInit$MethodAndArgsCaller.run(RuntimeInit.java:612)
03-20 13:44:25.349  3591  3591 E AndroidRuntime: 	at com.android.internal.os.ZygoteInit.main(ZygoteInit.java:997)