03-20 13:42:06.067  1058  2018 I ActivityManager: Finished processing BOOT_COMPLETED for u0
03-20 13:42:06.127  1058  2018 V SettingsProvider: packageValueForCallResult, name = null, value : Bundle[{_track_generation=android.util.MemoryIntArray@8a, value=null, _generation_index=3, _generation=5}]
03-20 13:42:06.134  1058  1071 D CompatibilityChangeReporter: Compat change id reported: 135634846; UID 10050; state: DISABLED
03-20 13:42:06.134  1058  1071 D CompatibilityChangeReporter: Compat change id reported: 135754954; UID 10050; state: ENABLED
03-20 13:42:06.135  1058  1084 D CompatibilityChangeReporter: Compat change id reported: 143937733; UID 10050; state: ENABLED
03-20 13:42:06.142  1058  3063 E NotificationService: No vibration for canceled notification : 0|com.mediatek.omacp|126|null|1000
03-20 13:42:06.157  1058  1084 I ActivityManager: Start proc 3104:com.android.musicfx/u0a50 for broadcast {com.android.musicfx/com.android.musicfx.ControlPanelReceiver}
03-20 13:42:06.169  1058  1577 I ActivityTaskManager: START u0 {act=android.intent.action.MAIN cat=[android.intent.category.LAUNCHER] flg=0x10200000 cmp=com.emanuelef.remote_capture/.activities.MainActivity bnds=[173,609][320,776]} from uid 10123
03-20 13:42:06.215  1058  1577 W WindowManager: Changing focus fromWindow{3196a8 u0 com.android.launcher3/com.android.launcher3.uioverrides.QuickstepLauncher} to null displayId=0 Callers=com.android.server.wm.RootWindowContainer.updateFocusedWindowLocked:457 com.android.server.wm.WindowManagerService.updateFocusedWindowLocked:5602 com.android.server.wm.DisplayContent.setFocusedApp:5517 com.android.server.wm.ActivityTaskManagerService.setResumedActivityUncheckLocked:5510 
03-20 13:42:06.225  1058  2018 V ActivityManager: New death recipient com.android.server.am.ActivityManagerService$AppDeathRecipient@146ad82 for thread android.os.BinderProxy@881ac93
03-20 13:42:06.292  1058  1965 V SettingsProvider: packageValueForCallResult, name = null, value : Bundle[{_track_generation=android.util.MemoryIntArray@8a, value=null, _generation_index=0, _generation=6}]
03-20 13:42:06.386  1058  2018 D CompatibilityChangeReporter: Compat change id reported: 135634846; UID 10051; state: DISABLED
03-20 13:42:06.387  1058  2018 D CompatibilityChangeReporter: Compat change id reported: 135754954; UID 10051; state: ENABLED
03-20 13:42:06.387  1058  2018 E AmsExtImpl: check result:true
03-20 13:42:06.387  1058  1084 D CompatibilityChangeReporter: Compat change id reported: 143937733; UID 10051; state: ENABLED
03-20 13:42:06.449  1058  1084 W ActivityManager: Slow operation: 63ms so far, now at startProcess: returned from zygote!
03-20 13:42:06.452  1058  1084 W ActivityManager: Slow operation: 66ms so far, now at startProcess: done updating battery stats
03-20 13:42:06.455  1058  1084 W ActivityManager: Slow operation: 69ms so far, now at startProcess: building log message
03-20 13:42:06.455  1058  1084 I ActivityManager: Start proc 3129:com.android.externalstorage/u0a51 for broadcast {com.android.externalstorage/com.android.externalstorage.MountReceiver}
03-20 13:42:06.455  1058  1084 W ActivityManager: Slow operation: 69ms so far, now at startProcess: starting to update pids map
03-20 13:42:06.456  1058  1084 W ActivityManager: Slow operation: 70ms so far, now at startProcess: done updating pids map
03-20 13:42:06.489  1058  1058 I BatteryService: readMissCall missCalls: 0
03-20 13:42:06.519  1058  1058 I BatteryService: readUnreadSmsCount unread msg0
03-20 13:42:06.519  1058  1058 I BatteryService: updateMissCallAndSmsLightStatus mIsAllowMissedCallLamp: false
03-20 13:42:06.519  1058  1058 I BatteryService: updateMissCallAndSmsLightStatus mIsAllowUnreadSmsLamp: false
03-20 13:42:06.519  1058  1058 I BatteryService: updateLightsLocked mIsInFactyTestLight = false
03-20 13:42:06.519  1058  1058 I BatteryService: updateLightsLocked mIsAllowMissedCallLamp = false mIsAllowUnreadSmsLamp = false
03-20 13:42:06.533  1058  1058 W NotificationHistory: Attempted to add notif for locked/gone/disabled user 0
03-20 13:42:06.545  1058  1373 V ActivityManager: New death recipient com.android.server.am.ActivityManagerService$AppDeathRecipient@5e8dbbf for thread android.os.BinderProxy@bd3f28c
03-20 13:42:06.662  1058  1373 V SettingsProvider: packageValueForCallResult, name = device_name, value : Bundle[{_track_generation=android.util.MemoryIntArray@8a, value=FIG-F52, _generation_index=0, _generation=6}]
03-20 13:42:06.816  1058  1965 D CompatibilityChangeReporter: Compat change id reported: 149924527; UID 10131; state: ENABLED
03-20 13:42:06.818  1058  1965 D CompatibilityChangeReporter: Compat change id reported: 132649864; UID 10131; state: DISABLED
03-20 13:42:06.901  1058  1373 V SettingsProvider: packageValueForCallResult, name = ringtone_set, value : Bundle[{_track_generation=android.util.MemoryIntArray@8a, value=1, _generation_index=3, _generation=5}]
03-20 13:42:06.919  1058  1373 I WindowManager: Relayout Window{d32a687 u0 com.emanuelef.remote_capture/com.emanuelef.remote_capture.activities.MainActivity}: oldVis=4 newVis=0 focusMayChange = true
03-20 13:42:06.925  1058  1373 W WindowManager: Changing focus fromnull to Window{d32a687 u0 com.emanuelef.remote_capture/com.emanuelef.remote_capture.activities.MainActivity} displayId=0 Callers=com.android.server.wm.RootWindowContainer.updateFocusedWindowLocked:457 com.android.server.wm.WindowManagerService.updateFocusedWindowLocked:5602 com.android.server.wm.WindowManagerService.relayoutWindow:2395 com.android.server.wm.Session.relayout:213 
03-20 13:42:07.456  1058  1373 I Telecom-PhoneAccountRegistrar: setUserSelectedOutgoingPhoneAccount: no change to voice sub: TSI.sUSOPA@AGE
03-20 13:42:08.003  1058  2003 V SettingsProvider: packageValueForCallResult, name = default_input_method, value : Bundle[{_track_generation=android.util.MemoryIntArray@8a, value=com.google.android.inputmethod.latin/com.android.inputmethod.latin.LatinIME, _generation_index=2, _generation=4}]
03-20 13:42:08.008  1058  1373 V SettingsProvider: packageValueForCallResult, name = sound_effects_enabled, value : Bundle[{_track_generation=android.util.MemoryIntArray@8a, value=1, _generation_index=3, _generation=5}]
03-20 13:42:08.013  1058  1373 I ActivityTaskManager: START u0 {cmp=com.emanuelef.remote_capture/.activities.SettingsActivity} from uid 10093
03-20 13:42:08.030  1058  1373 W ActivityTaskManager: Tried to set launchTime (0) < mLastActivityLaunchTime (39067)
03-20 13:42:08.033  1058  1373 W WindowManager: Changing focus fromWindow{d32a687 u0 com.emanuelef.remote_capture/com.emanuelef.remote_capture.activities.MainActivity} to null displayId=0 Callers=com.android.server.wm.RootWindowContainer.updateFocusedWindowLocked:457 com.android.server.wm.WindowManagerService.updateFocusedWindowLocked:5602 com.android.server.wm.DisplayContent.setFocusedApp:5517 com.android.server.wm.ActivityTaskManagerService.setResumedActivityUncheckLocked:5510 
03-20 13:42:08.153  1058  2003 I WindowManager: Relayout Window{d8682f1 u0 com.emanuelef.remote_capture/com.emanuelef.remote_capture.activities.SettingsActivity}: oldVis=4 newVis=0 focusMayChange = true
03-20 13:42:08.159  1058  2003 W WindowManager: Changing focus fromnull to Window{d8682f1 u0 com.emanuelef.remote_capture/com.emanuelef.remote_capture.activities.SettingsActivity} displayId=0 Callers=com.android.server.wm.RootWindowContainer.updateFocusedWindowLocked:457 com.android.server.wm.WindowManagerService.updateFocusedWindowLocked:5602 com.android.server.wm.WindowManagerService.relayoutWindow:2395 com.android.server.wm.Session.relayout:213 
03-20 13:42:09.767  1058  1964 E TaskPersister: File error accessing recents directory (directory doesn't exist?).
03-20 13:42:10.799  1058  1373 I ActivityTaskManager: START u0 {cmp=com.emanuelef.remote_capture/.activities.MitmSetupWizard} from uid 10093
03-20 13:42:10.814  1058  2003 W ActivityTaskManager: Tried to set launchTime (0) < mLastActivityLaunchTime (40889)
03-20 13:42:10.817  1058  2003 W WindowManager: Changing focus fromWindow{d8682f1 u0 com.emanuelef.remote_capture/com.emanuelef.remote_capture.activities.SettingsActivity} to null displayId=0 Callers=com.android.server.wm.RootWindowContainer.updateFocusedWindowLocked:457 com.android.server.wm.WindowManagerService.updateFocusedWindowLocked:5602 com.android.server.wm.DisplayContent.setFocusedApp:5517 com.android.server.wm.ActivityTaskManagerService.setResumedActivityUncheckLocked:5510 
03-20 13:42:10.973  1058  1373 I WindowManager: Relayout Window{f955c9a u0 com.emanuelef.remote_capture/com.emanuelef.remote_capture.activities.MitmSetupWizard}: oldVis=4 newVis=0 focusMayChange = true
03-20 13:42:10.977  1058  1373 W WindowManager: Changing focus fromnull to Window{f955c9a u0 com.emanuelef.remote_capture/com.emanuelef.remote_capture.activities.MitmSetupWizard} displayId=0 Callers=com.android.server.wm.RootWindowContainer.updateFocusedWindowLocked:457 com.android.server.wm.WindowManagerService.updateFocusedWindowLocked:5602 com.android.server.wm.WindowManagerService.relayoutWindow:2395 com.android.server.wm.Session.relayout:213 
03-20 13:42:13.851  1058  1964 E TaskPersister: File error accessing recents directory (directory doesn't exist?).
03-20 13:42:14.887  1058  1332 I Telecom-PhoneAccountRegistrar: Modify account: [ComponentInfo{com.android.phone/com.android.services.telephony.TelephonyConnectionService}, ***, UserHandle{0}(cap: SuppVideo CallProvider MultiUser PlaceEmerg SimSub Rtt -> SuppVideo CallProvider MultiUser PlaceEmerg SimSub )]: TSI.rPA@AGI
03-20 13:42:14.890  1058  1332 I Telecom-CallsManager: handlePhoneAccountChanged: phoneAccount=[[X] PhoneAccount: ComponentInfo{com.android.phone/com.android.services.telephony.TelephonyConnectionService}, ***, UserHandle{0} Capabilities: SuppVideo CallProvider MultiUser PlaceEmerg SimSub Rtt Audio Routes: BESW Schemes: tel voicemail  Extras: Bundle[{android.telecom.extra.SUPPORTS_VIDEO_CALLING_FALLBACK=true, mediatek.telecom.extra.PHONE_ACCOUNT_CARRIER_CAPABILITIES=0}] GroupId: ***]: TSI.rPA@AGI
03-20 13:42:18.228  1058  1145 I WindowManager: Func: handleKeyboardLight()
03-20 13:42:18.229  1058  1074 I WindowManager: turn on keyboard light.
03-20 13:42:18.231  1058  1144 I WindowManager: interceptKeyBeforeDispatching keyCode: 4, repeatCount: 0, down: true
03-20 13:42:18.428  1058  1144 I WindowManager: interceptKeyBeforeDispatching keyCode: 4, repeatCount: 0, down: false
03-20 13:42:18.706  1058  1083 I ActivityManager: Waited long enough for: ServiceRecord{d822d7e u0 com.android.mtp/.MtpService}
03-20 13:42:20.054  1058  1145 I WindowManager: Func: handleKeyboardLight()
03-20 13:42:20.055  1058  1074 I WindowManager: turn on keyboard light.
03-20 13:42:20.057  1058  1144 I WindowManager: interceptKeyBeforeDispatching keyCode: 4, repeatCount: 0, down: true
03-20 13:42:20.214  1058  1144 I WindowManager: interceptKeyBeforeDispatching keyCode: 4, repeatCount: 0, down: false
03-20 13:42:20.232  1058  1332 W WindowManager: Changing focus fromWindow{f955c9a u0 com.emanuelef.remote_capture/com.emanuelef.remote_capture.activities.MitmSetupWizard} to null displayId=0 Callers=com.android.server.wm.RootWindowContainer.updateFocusedWindowLocked:457 com.android.server.wm.WindowManagerService.updateFocusedWindowLocked:5602 com.android.server.wm.DisplayContent.setFocusedApp:5517 com.android.server.wm.ActivityTaskManagerService.setResumedActivityUncheckLocked:5510 
03-20 13:42:20.245  1058  1332 I WindowManager: Relayout Window{d8682f1 u0 com.emanuelef.remote_capture/com.emanuelef.remote_capture.activities.SettingsActivity}: oldVis=8 newVis=0 focusMayChange = true
03-20 13:42:20.249  1058  1332 W WindowManager: Changing focus fromnull to Window{d8682f1 u0 com.emanuelef.remote_capture/com.emanuelef.remote_capture.activities.SettingsActivity} displayId=0 Callers=com.android.server.wm.RootWindowContainer.updateFocusedWindowLocked:457 com.android.server.wm.WindowManagerService.updateFocusedWindowLocked:5602 com.android.server.wm.WindowManagerService.relayoutWindow:2395 com.android.server.wm.Session.relayout:213 
03-20 13:42:22.057  1058  1145 I WindowManager: Func: handleKeyboardLight()
03-20 13:42:22.058  1058  1074 I WindowManager: turn on keyboard light.
03-20 13:42:22.060  1058  1144 I WindowManager: interceptKeyBeforeDispatching keyCode: 4, repeatCount: 0, down: true
03-20 13:42:22.218  1058  1144 I WindowManager: interceptKeyBeforeDispatching keyCode: 4, repeatCount: 0, down: false
03-20 13:42:22.222  1058  1332 I ActivityTaskManager: START u0 {flg=0x10000000 cmp=com.emanuelef.remote_capture/.activities.MainActivity} from uid 10093
03-20 13:42:22.237  1058  1373 W ActivityTaskManager: Tried to set launchTime (0) < mLastActivityLaunchTime (43673)
03-20 13:42:22.240  1058  1373 W WindowManager: Changing focus fromWindow{d8682f1 u0 com.emanuelef.remote_capture/com.emanuelef.remote_capture.activities.SettingsActivity} to null displayId=0 Callers=com.android.server.wm.RootWindowContainer.updateFocusedWindowLocked:457 com.android.server.wm.WindowManagerService.updateFocusedWindowLocked:5602 com.android.server.wm.DisplayContent.setFocusedApp:5517 com.android.server.wm.ActivityTaskManagerService.setResumedActivityUncheckLocked:5510 
03-20 13:42:22.369  1058  1373 I WindowManager: Relayout Window{6ce8e81 u0 com.emanuelef.remote_capture/com.emanuelef.remote_capture.activities.MainActivity}: oldVis=4 newVis=0 focusMayChange = true
03-20 13:42:22.374  1058  1373 W WindowManager: Changing focus fromnull to Window{6ce8e81 u0 com.emanuelef.remote_capture/com.emanuelef.remote_capture.activities.MainActivity} displayId=0 Callers=com.android.server.wm.RootWindowContainer.updateFocusedWindowLocked:457 com.android.server.wm.WindowManagerService.updateFocusedWindowLocked:5602 com.android.server.wm.WindowManagerService.relayoutWindow:2395 com.android.server.wm.Session.relayout:213 
03-20 13:42:24.306  1058  1964 E TaskPersister: File error accessing recents directory (directory doesn't exist?).
03-20 13:42:26.435  1058  1373 W WindowManager: Changing focus fromWindow{6ce8e81 u0 com.emanuelef.remote_capture/com.emanuelef.remote_capture.activities.MainActivity} to Window{fe1629 u0 com.emanuelef.remote_capture/com.emanuelef.remote_capture.activities.MainActivity} displayId=0 Callers=com.android.server.wm.RootWindowContainer.updateFocusedWindowLocked:457 com.android.server.wm.WindowManagerService.updateFocusedWindowLocked:5602 com.android.server.wm.WindowManagerService.addWindow:1733 com.android.server.wm.Session.addToDisplayAsUser:176 
03-20 13:42:27.292  1058  2003 I ActivityTaskManager: START u0 {cmp=com.android.vpndialogs/.ConfirmDialog} from uid 10093
03-20 13:42:27.323  1058  1076 D CompatibilityChangeReporter: Compat change id reported: 135634846; UID 10064; state: DISABLED
03-20 13:42:27.324  1058  1076 D CompatibilityChangeReporter: Compat change id reported: 135754954; UID 10064; state: ENABLED
03-20 13:42:27.324  1058  1076 E AmsExtImpl: check result:true
03-20 13:42:27.325  1058  1084 D CompatibilityChangeReporter: Compat change id reported: 143937733; UID 10064; state: ENABLED
03-20 13:42:27.326  1058  2003 W WindowManager: Changing focus fromWindow{fe1629 u0 com.emanuelef.remote_capture/com.emanuelef.remote_capture.activities.MainActivity EXITING} to Window{6ce8e81 u0 com.emanuelef.remote_capture/com.emanuelef.remote_capture.activities.MainActivity} displayId=0 Callers=com.android.server.wm.RootWindowContainer.updateFocusedWindowLocked:457 com.android.server.wm.WindowManagerService.updateFocusedWindowLocked:5602 com.android.server.wm.WindowState.setupWindowForRemoveOnExit:2358 com.android.server.wm.WindowState.removeIfPossible:2327 
03-20 13:42:27.329  1058  1081 D DexOptExtImpl: com.android.vpndialogs reason is first-boot
03-20 13:42:27.345  1058  1084 I ActivityManager: Start proc 3178:com.android.vpndialogs/u0a64 for pre-top-activity {com.android.vpndialogs/com.android.vpndialogs.ConfirmDialog}
03-20 13:42:27.382  1058  1332 V ActivityManager: New death recipient com.android.server.am.ActivityManagerService$AppDeathRecipient@39d85d4 for thread android.os.BinderProxy@ed0c37d
03-20 13:42:27.388  1058  1332 W WindowManager: Changing focus fromWindow{6ce8e81 u0 com.emanuelef.remote_capture/com.emanuelef.remote_capture.activities.MainActivity} to null displayId=0 Callers=com.android.server.wm.RootWindowContainer.updateFocusedWindowLocked:457 com.android.server.wm.WindowManagerService.updateFocusedWindowLocked:5602 com.android.server.wm.DisplayContent.setFocusedApp:5517 com.android.server.wm.ActivityTaskManagerService.setResumedActivityUncheckLocked:5510 
03-20 13:42:27.431  1058  2003 V SettingsProvider: packageValueForCallResult, name = null, value : Bundle[{_track_generation=android.util.MemoryIntArray@8a, value=null, _generation_index=0, _generation=6}]
03-20 13:42:27.438  1058  2003 E AppOps  : noteOperation
03-20 13:42:27.438  1058  2003 E AppOps  : java.lang.SecurityException: Specified package com.emanuelef.remote_capture under uid 10064 but it is really 10093
03-20 13:42:27.438  1058  2003 E AppOps  : 	at com.android.server.appop.AppOpsService.verifyAndGetBypass(AppOpsService.java:3966)
03-20 13:42:27.438  1058  2003 E AppOps  : 	at com.android.server.appop.AppOpsService.noteOperationUnchecked(AppOpsService.java:3106)
03-20 13:42:27.438  1058  2003 E AppOps  : 	at com.android.server.appop.AppOpsService.noteOperationImpl(AppOpsService.java:3094)
03-20 13:42:27.438  1058  2003 E AppOps  : 	at com.android.server.appop.AppOpsService.noteOperation(AppOpsService.java:3077)
03-20 13:42:27.438  1058  2003 E AppOps  : 	at android.app.AppOpsManager.noteOpNoThrow(AppOpsManager.java:7508)
03-20 13:42:27.438  1058  2003 E AppOps  : 	at android.app.AppOpsManager.noteOpNoThrow(AppOpsManager.java:7454)
03-20 13:42:27.438  1058  2003 E AppOps  : 	at com.android.server.connectivity.Vpn.doesPackageHaveAppop(Vpn.java:953)
03-20 13:42:27.438  1058  2003 E AppOps  : 	at com.android.server.connectivity.Vpn.isVpnServicePreConsented(Vpn.java:958)
03-20 13:42:27.438  1058  2003 E AppOps  : 	at com.android.server.connectivity.Vpn.isVpnPreConsented(Vpn.java:940)
03-20 13:42:27.438  1058  2003 E AppOps  : 	at com.android.server.connectivity.Vpn.prepare(Vpn.java:794)
03-20 13:42:27.438  1058  2003 E AppOps  : 	at com.android.server.MtkConnectivityService.prepareVpn(MtkConnectivityService.java:4599)
03-20 13:42:27.438  1058  2003 E AppOps  : 	at android.net.IConnectivityManager$Stub.onTransact(IConnectivityManager.java:1166)
03-20 13:42:27.438  1058  2003 E AppOps  : 	at android.os.Binder.execTransactInternal(Binder.java:1154)
03-20 13:42:27.438  1058  2003 E AppOps  : 	at android.os.Binder.execTransact(Binder.java:1123)
03-20 13:42:27.510  1058  2018 I WindowManager: Relayout Window{d272258 u0 com.android.vpndialogs/com.android.vpndialogs.ConfirmDialog}: oldVis=4 newVis=0 focusMayChange = true
03-20 13:42:27.515  1058  2018 W WindowManager: Changing focus fromnull to Window{d272258 u0 com.android.vpndialogs/com.android.vpndialogs.ConfirmDialog} displayId=0 Callers=com.android.server.wm.RootWindowContainer.updateFocusedWindowLocked:457 com.android.server.wm.WindowManagerService.updateFocusedWindowLocked:5602 com.android.server.wm.WindowManagerService.relayoutWindow:2395 com.android.server.wm.Session.relayout:213 
03-20 13:42:28.783  1058  1373 V SettingsProvider: packageValueForCallResult, name = default_input_method, value : Bundle[{_track_generation=android.util.MemoryIntArray@8a, value=com.google.android.inputmethod.latin/com.android.inputmethod.latin.LatinIME, _generation_index=2, _generation=4}]
03-20 13:42:28.786  1058  1373 V SettingsProvider: packageValueForCallResult, name = sound_effects_enabled, value : Bundle[{_track_generation=android.util.MemoryIntArray@8a, value=1, _generation_index=3, _generation=5}]
03-20 13:42:28.831  1058  2003 W WindowManager: Changing focus fromWindow{d272258 u0 com.android.vpndialogs/com.android.vpndialogs.ConfirmDialog} to Window{6ce8e81 u0 com.emanuelef.remote_capture/com.emanuelef.remote_capture.activities.MainActivity} displayId=0 Callers=com.android.server.wm.RootWindowContainer.updateFocusedWindowLocked:457 com.android.server.wm.WindowManagerService.updateFocusedWindowLocked:5602 com.android.server.wm.DisplayContent.setFocusedApp:5517 com.android.server.wm.ActivityTaskManagerService.setResumedActivityUncheckLocked:5510 
--------- beginning of crash
03-20 13:42:28.903  2908  2908 E AndroidRuntime: FATAL EXCEPTION: main
03-20 13:42:28.903  2908  2908 E AndroidRuntime: Process: com.emanuelef.remote_capture, PID: 2908
03-20 13:42:28.903  2908  2908 E AndroidRuntime: java.lang.UnsatisfiedLinkError: No implementation found for void com.emanuelef.remote_capture.CaptureService.setPrivateDnsBlocked(boolean) (tried Java_com_emanuelef_remote_1capture_CaptureService_setPrivateDnsBlocked and Java_com_emanuelef_remote_1capture_CaptureService_setPrivateDnsBlocked__Z)
03-20 13:42:28.903  2908  2908 E AndroidRuntime: 	at com.emanuelef.remote_capture.CaptureService.setPrivateDnsBlocked(Native Method)
03-20 13:42:28.903  2908  2908 E AndroidRuntime: 	at com.emanuelef.remote_capture.CaptureService.onStartCommand(CaptureService.java:264)
03-20 13:42:28.903  2908  2908 E AndroidRuntime: 	at android.app.ActivityThread.handleServiceArgs(ActivityThread.java:4373)
03-20 13:42:28.903  2908  2908 E AndroidRuntime: 	at android.app.ActivityThread.access$2000(ActivityThread.java:244)
03-20 13:42:28.903  2908  2908 E AndroidRuntime: 	at android.app.ActivityThread$H.handleMessage(ActivityThread.java:2001)
03-20 13:42:28.903  2908  2908 E AndroidRuntime: 	at android.os.Handler.dispatchMessage(Handler.java:106)
03-20 13:42:28.903  2908  2908 E AndroidRuntime: 	at android.os.Looper.loop(Looper.java:223)
03-20 13:42:28.903  2908  2908 E AndroidRuntime: 	at android.app.ActivityThread.main(ActivityThread.java:7723)
03-20 13:42:28.903  2908  2908 E AndroidRuntime: 	at java.lang.reflect.Method.invoke(Native Method)
03-20 13:42:28.903  2908  2908 E AndroidRuntime: 	at com.android.internal.os.RuntimeInit$MethodAndArgsCaller.run(RuntimeInit.java:612)
03-20 13:42:28.903  2908  2908 E AndroidRuntime: 	at com.android.internal.os.ZygoteInit.main(ZygoteInit.java:997)
03-20 13:42:28.908  1058  3206 I DropBoxManagerService: add tag=system_app_crash isTagEnabled=true flags=0x2
03-20 13:42:28.908  1058  1373 W ActivityTaskManager:   Force finishing activity com.emanuelef.remote_capture/.activities.MainActivity
03-20 13:42:28.964  1058  1074 W WindowManager: Changing focus fromWindow{6ce8e81 u0 com.emanuelef.remote_capture/com.emanuelef.remote_capture.activities.MainActivity} to Window{a1f143a u0 Application Error: com.emanuelef.remote_capture} displayId=0 Callers=com.android.server.wm.RootWindowContainer.updateFocusedWindowLocked:457 com.android.server.wm.WindowManagerService.updateFocusedWindowLocked:5602 com.android.server.wm.WindowManagerService.addWindow:1733 com.android.server.wm.Session.addToDisplayAsUser:176 
03-20 13:42:29.099  1058  1058 D NotificationService: 0|com.emanuelef.remote_capture|1|null|10093: granting content://settings/system/notification_sound
03-20 13:42:29.100  1058  1058 I chatty  : uid=1000 system_server identical 1 line
03-20 13:42:29.100  1058  1058 D NotificationService: 0|com.emanuelef.remote_capture|1|null|10093: granting content://settings/system/notification_sound
03-20 13:42:29.101  1058  1058 W NotificationHistory: Attempted to add notif for locked/gone/disabled user 0
03-20 13:42:29.147  1058  1074 W Looper  : Slow dispatch took 177ms android.ui h=android.view.Choreographer$FrameHandler c=android.view.Choreographer$FrameDisplayEventReceiver@f84ffea m=0
03-20 13:42:29.408  1058  1076 W ActivityTaskManager: Activity top resumed state loss timeout for ActivityRecord{fc0604e u0 com.emanuelef.remote_capture/.activities.MainActivity t55 f}}
03-20 13:42:29.409  1058  1076 W ActivityTaskManager: Activity pause timeout for ActivityRecord{fc0604e u0 com.emanuelef.remote_capture/.activities.MainActivity t55 f}}
03-20 13:42:30.358  1058  1964 E TaskPersister: File error accessing recents directory (directory doesn't exist?).
03-20 13:42:31.559  1058  1373 W WindowManager:   Force finishing activity com.emanuelef.remote_capture/.activities.MainActivity
03-20 13:42:31.564  1058  1373 W WindowManager:   Force finishing activity com.emanuelef.remote_capture/.activities.MainActivity
03-20 13:42:31.571  1058  1074 W WindowManager: Changing focus fromWindow{a1f143a u0 Application Error: com.emanuelef.remote_capture EXITING} to null displayId=0 Callers=com.android.server.wm.RootWindowContainer.updateFocusedWindowLocked:457 com.android.server.wm.WindowManagerService.updateFocusedWindowLocked:5602 com.android.server.wm.WindowState.setupWindowForRemoveOnExit:2358 com.android.server.wm.WindowState.removeIfPossible:2327 
03-20 13:42:31.578  1058  1373 I ActivityManager: Killing 2908:com.emanuelef.remote_capture/u0a93 (adj 0): crash
03-20 13:42:31.609  1058  1373 I WindowManager: Relayout Window{3196a8 u0 com.android.launcher3/com.android.launcher3.uioverrides.QuickstepLauncher}: oldVis=4 newVis=0 focusMayChange = true
03-20 13:42:31.615  1058  1373 W WindowManager: Changing focus fromnull to Window{3196a8 u0 com.android.launcher3/com.android.launcher3.uioverrides.QuickstepLauncher} displayId=0 Callers=com.android.server.wm.RootWindowContainer.updateFocusedWindowLocked:457 com.android.server.wm.WindowManagerService.updateFocusedWindowLocked:5602 com.android.server.wm.WindowManagerService.relayoutWindow:2395 com.android.server.wm.Session.relayout:213 
03-20 13:42:31.653  1058  1965 W WindowManager: Failed looking up window session=Session{806d508 2908:u0a10093} callers=com.android.server.wm.WindowManagerService.windowForClientLocked:5485 com.android.server.wm.WindowState$DeathRecipient.binderDied:2827 android.os.IBinder$DeathRecipient.binderDied:305 
03-20 13:42:31.653  1058  1965 I WindowManager: WIN DEATH: null
03-20 13:42:31.660  1058  1428 W WindowManager: Failed looking up window session=Session{806d508 2908:u0a10093} callers=com.android.server.wm.WindowManagerService.windowForClientLocked:5485 com.android.server.wm.WindowState$DeathRecipient.binderDied:2827 android.os.IBinder$DeathRecipient.binderDied:305 
03-20 13:42:31.660  1058  1428 I WindowManager: WIN DEATH: null
03-20 13:42:31.671  1058  1076 W ActivityManager: setHasOverlayUi called on unknown pid: 2908
03-20 13:42:34.418  1058  1958 I ActivityTaskManager: START u0 {act=android.intent.action.MAIN cat=[android.intent.category.LAUNCHER] flg=0x10200000 cmp=by4a.setedit22/by4a.setedit.EditorActivity bnds=[27,776][173,943]} from uid 10123
03-20 13:42:34.456  1058  1076 D CompatibilityChangeReporter: Compat change id reported: 135634846; UID 10044; state: DISABLED
03-20 13:42:34.457  1058  1076 D CompatibilityChangeReporter: Compat change id reported: 135754954; UID 10044; state: DISABLED
03-20 13:42:34.457  1058  1084 D CompatibilityChangeReporter: Compat change id reported: 143937733; UID 10044; state: DISABLED
03-20 13:42:34.463  1058  1081 D DexOptExtImpl: by4a.setedit22 reason is first-boot
03-20 13:42:34.480  1058  1084 I ActivityManager: Start proc 3213:by4a.setedit22/u0a44 for top-activity {by4a.setedit22/by4a.setedit.EditorActivity}
03-20 13:42:34.493  1058  1077 W WindowManager: Changing focus fromWindow{3196a8 u0 com.android.launcher3/com.android.launcher3.uioverrides.QuickstepLauncher} to null displayId=0 Callers=com.android.server.wm.RootWindowContainer.updateFocusedWindowLocked:457 com.android.server.wm.WindowManagerService.updateFocusedWindowLocked:5602 com.android.server.wm.WindowManagerService.relayoutWindow:2395 com.android.server.wm.Session.relayout:213 
03-20 13:42:34.512  1058  1958 V ActivityManager: New death recipient com.android.server.am.ActivityManagerService$AppDeathRecipient@4b71450 for thread android.os.BinderProxy@43649
03-20 13:42:34.571  1058  2017 V SettingsProvider: packageValueForCallResult, name = null, value : Bundle[{_track_generation=android.util.MemoryIntArray@8a, value=null, _generation_index=0, _generation=6}]
03-20 13:42:34.677  1058  2017 I WindowManager: Relayout Window{9ca43b9 u0 by4a.setedit22/by4a.setedit.EditorActivity}: oldVis=4 newVis=0 focusMayChange = true
03-20 13:42:34.681  1058  2017 W WindowManager: Changing focus fromnull to Window{9ca43b9 u0 by4a.setedit22/by4a.setedit.EditorActivity} displayId=0 Callers=com.android.server.wm.RootWindowContainer.updateFocusedWindowLocked:457 com.android.server.wm.WindowManagerService.updateFocusedWindowLocked:5602 com.android.server.wm.WindowManagerService.relayoutWindow:2395 com.android.server.wm.Session.relayout:213 
03-20 13:42:36.307  1058  1964 E TaskPersister: File error accessing recents directory (directory doesn't exist?).
03-20 13:42:36.824  1058  1145 I WindowManager: Func: handleKeyboardLight()
03-20 13:42:36.824  1058  1074 I WindowManager: turn on keyboard light.
03-20 13:42:36.984  1058  1145 D WindowManager: powerPress: eventTime=69681 interactive=true count=1 beganFromNonInteractive=false mShortPressOnPowerBehavior=4
03-20 13:42:36.988  1058  1145 I ActivityTaskManager: START u0 {act=android.intent.action.MAIN cat=[android.intent.category.HOME] flg=0x10000100 cmp=com.android.launcher3/.uioverrides.QuickstepLauncher (has extras)} from uid 0
03-20 13:42:36.996  1058  1145 W WindowManager: Changing focus fromWindow{9ca43b9 u0 by4a.setedit22/by4a.setedit.EditorActivity} to null displayId=0 Callers=com.android.server.wm.RootWindowContainer.updateFocusedWindowLocked:457 com.android.server.wm.WindowManagerService.updateFocusedWindowLocked:5602 com.android.server.wm.DisplayContent.setFocusedApp:5517 com.android.server.wm.ActivityTaskManagerService.setResumedActivityUncheckLocked:5510 
03-20 13:42:37.034  1058  1958 I WindowManager: Relayout Window{3196a8 u0 com.android.launcher3/com.android.launcher3.uioverrides.QuickstepLauncher}: oldVis=4 newVis=0 focusMayChange = true
03-20 13:42:37.038  1058  1958 W WindowManager: Changing focus fromnull to Window{3196a8 u0 com.android.launcher3/com.android.launcher3.uioverrides.QuickstepLauncher} displayId=0 Callers=com.android.server.wm.RootWindowContainer.updateFocusedWindowLocked:457 com.android.server.wm.WindowManagerService.updateFocusedWindowLocked:5602 com.android.server.wm.WindowManagerService.relayoutWindow:2395 com.android.server.wm.Session.relayout:213 
03-20 13:42:39.047  1058  2017 I ActivityTaskManager: START u0 {act=android.intent.action.MAIN cat=[android.intent.category.LAUNCHER] flg=0x10200000 cmp=com.android.settings/.Settings bnds=[173,776][320,943]} from uid 10123
03-20 13:42:39.070  1058  2017 W ActivityTaskManager: Tried to set launchTime (0) < mLastActivityLaunchTime (26913)
03-20 13:42:39.074  1058  2017 W WindowManager: Changing focus fromWindow{3196a8 u0 com.android.launcher3/com.android.launcher3.uioverrides.QuickstepLauncher} to null displayId=0 Callers=com.android.server.wm.RootWindowContainer.updateFocusedWindowLocked:457 com.android.server.wm.WindowManagerService.updateFocusedWindowLocked:5602 com.android.server.wm.DisplayContent.setFocusedApp:5517 com.android.server.wm.ActivityTaskManagerService.setResumedActivityUncheckLocked:5510 
03-20 13:42:39.248  1058  1965 D CompatibilityChangeReporter: Compat change id reported: 136274596; UID 1000; state: ENABLED
03-20 13:42:39.369  1058  1428 W ActivityManager: Unable to start service Intent { cmp=com.android.settings.intelligence/.suggestions.SuggestionService } U=0: not found
03-20 13:42:39.432  1058  1089 E KernelCpuSpeedReader: Failed to read cpu-freq: /sys/devices/system/cpu/cpu4/cpufreq/stats/time_in_state: open failed: ENOENT (No such file or directory)
03-20 13:42:39.432  1058  1428 V SettingsProvider: packageValueForCallResult, name = null, value : Bundle[{_track_generation=android.util.MemoryIntArray@8a, value=null, _generation_index=3, _generation=5}]
03-20 13:42:39.432  1058  1089 E KernelCpuSpeedReader: Failed to read cpu-freq: /sys/devices/system/cpu/cpu0/cpufreq/stats/time_in_state: open failed: ENOENT (No such file or directory)
03-20 13:42:39.542  1058  1089 E KernelCpuSpeedReader: Failed to read cpu-freq: /sys/devices/system/cpu/cpu4/cpufreq/stats/time_in_state: open failed: ENOENT (No such file or directory)
03-20 13:42:39.542  1058  1089 E KernelCpuSpeedReader: Failed to read cpu-freq: /sys/devices/system/cpu/cpu0/cpufreq/stats/time_in_state: open failed: ENOENT (No such file or directory)
03-20 13:42:39.663  1058  1089 E KernelCpuSpeedReader: Failed to read cpu-freq: /sys/devices/system/cpu/cpu4/cpufreq/stats/time_in_state: open failed: ENOENT (No such file or directory)
03-20 13:42:39.663  1058  1089 E KernelCpuSpeedReader: Failed to read cpu-freq: /sys/devices/system/cpu/cpu0/cpufreq/stats/time_in_state: open failed: ENOENT (No such file or directory)
03-20 13:42:39.739  1058  1958 I WindowManager: Relayout Window{9125101 u0 com.android.settings/com.android.settings.Settings}: oldVis=4 newVis=0 focusMayChange = true
03-20 13:42:39.744  1058  1958 W WindowManager: Changing focus fromnull to Window{9125101 u0 com.android.settings/com.android.settings.Settings} displayId=0 Callers=com.android.server.wm.RootWindowContainer.updateFocusedWindowLocked:457 com.android.server.wm.WindowManagerService.updateFocusedWindowLocked:5602 com.android.server.wm.WindowManagerService.relayoutWindow:2395 com.android.server.wm.Session.relayout:213 
03-20 13:42:42.650  1058  1964 E TaskPersister: File error accessing recents directory (directory doesn't exist?).
03-20 13:42:42.750  1058  1146 I BatteryService: updateLightsLocked mIsInFactyTestLight = false
03-20 13:42:42.750  1058  1146 I BatteryService: updateLightsLocked mIsAllowMissedCallLamp = false mIsAllowUnreadSmsLamp = false
03-20 13:42:42.819  1058  1089 E KernelCpuSpeedReader: Failed to read cpu-freq: /sys/devices/system/cpu/cpu4/cpufreq/stats/time_in_state: open failed: ENOENT (No such file or directory)
03-20 13:42:42.819  1058  1089 E KernelCpuSpeedReader: Failed to read cpu-freq: /sys/devices/system/cpu/cpu0/cpufreq/stats/time_in_state: open failed: ENOENT (No such file or directory)
03-20 13:42:42.851  1058  2017 V SettingsProvider: packageValueForCallResult, name = default_input_method, value : Bundle[{_track_generation=android.util.MemoryIntArray@8a, value=com.google.android.inputmethod.latin/com.android.inputmethod.latin.LatinIME, _generation_index=2, _generation=4}]
03-20 13:42:42.866  1058  2017 I ActivityTaskManager: START u0 {act=android.intent.action.MAIN cmp=com.android.settings/.SubSettings (has extras)} from uid 1000
03-20 13:42:42.889  1058  2018 W ActivityTaskManager: Tried to set launchTime (0) < mLastActivityLaunchTime (71929)
03-20 13:42:42.893  1058  2018 W WindowManager: Changing focus fromWindow{9125101 u0 com.android.settings/com.android.settings.Settings} to null displayId=0 Callers=com.android.server.wm.RootWindowContainer.updateFocusedWindowLocked:457 com.android.server.wm.WindowManagerService.updateFocusedWindowLocked:5602 com.android.server.wm.DisplayContent.setFocusedApp:5517 com.android.server.wm.ActivityTaskManagerService.setResumedActivityUncheckLocked:5510 
03-20 13:42:43.020  1058  2006 E UserRestrictionsUtils: Unknown restriction queried by uid 1000 (com.android.settings et al): null
03-20 13:42:43.173  1058  2002 I WindowManager: Relayout Window{c4483e4 u0 com.android.settings/com.android.settings.SubSettings}: oldVis=4 newVis=0 focusMayChange = true
03-20 13:42:43.178  1058  2002 W WindowManager: Changing focus fromnull to Window{c4483e4 u0 com.android.settings/com.android.settings.SubSettings} displayId=0 Callers=com.android.server.wm.RootWindowContainer.updateFocusedWindowLocked:457 com.android.server.wm.WindowManagerService.updateFocusedWindowLocked:5602 com.android.server.wm.WindowManagerService.relayoutWindow:2395 com.android.server.wm.Session.relayout:213 
03-20 13:42:44.730  1058  2006 I ActivityTaskManager: START u0 {act=android.intent.action.MAIN cmp=com.android.settings/.SubSettings (has extras)} from uid 1000
03-20 13:42:44.744  1058  1428 W ActivityTaskManager: Tried to set launchTime (0) < mLastActivityLaunchTime (75748)
03-20 13:42:44.748  1058  1428 W WindowManager: Changing focus fromWindow{c4483e4 u0 com.android.settings/com.android.settings.SubSettings} to null displayId=0 Callers=com.android.server.wm.RootWindowContainer.updateFocusedWindowLocked:457 com.android.server.wm.WindowManagerService.updateFocusedWindowLocked:5602 com.android.server.wm.DisplayContent.setFocusedApp:5517 com.android.server.wm.ActivityTaskManagerService.setResumedActivityUncheckLocked:5510 
03-20 13:42:45.044  1058  1089 E KernelCpuSpeedReader: Failed to read cpu-freq: /sys/devices/system/cpu/cpu4/cpufreq/stats/time_in_state: open failed: ENOENT (No such file or directory)
03-20 13:42:45.046  1058  1089 E KernelCpuSpeedReader: Failed to read cpu-freq: /sys/devices/system/cpu/cpu0/cpufreq/stats/time_in_state: open failed: ENOENT (No such file or directory)
03-20 13:42:45.151  1058  2002 I WindowManager: Relayout Window{9b8e91f u0 com.android.settings/com.android.settings.SubSettings}: oldVis=4 newVis=0 focusMayChange = true
03-20 13:42:45.156  1058  2002 W WindowManager: Changing focus fromnull to Window{9b8e91f u0 com.android.settings/com.android.settings.SubSettings} displayId=0 Callers=com.android.server.wm.RootWindowContainer.updateFocusedWindowLocked:457 com.android.server.wm.WindowManagerService.updateFocusedWindowLocked:5602 com.android.server.wm.WindowManagerService.relayoutWindow:2395 com.android.server.wm.Session.relayout:213 
03-20 13:42:45.202  1058  1073 W Looper  : Slow delivery took 210ms android.fg h=android.os.Handler c=<recycled PooledLambda@cf83b> m=0
03-20 13:42:46.465  1058  1964 E TaskPersister: File error accessing recents directory (directory doesn't exist?).
03-20 13:42:48.983  1058  1332 I ActivityTaskManager: START u0 {act=android.intent.action.MANAGE_APP_PERMISSIONS cmp=com.android.permissioncontroller/.permission.ui.ManagePermissionsActivity (has extras)} from uid 1000
03-20 13:42:49.018  1058  1332 W WindowManager: Changing focus fromWindow{9b8e91f u0 com.android.settings/com.android.settings.SubSettings} to null displayId=0 Callers=com.android.server.wm.RootWindowContainer.updateFocusedWindowLocked:457 com.android.server.wm.WindowManagerService.updateFocusedWindowLocked:5602 com.android.server.wm.DisplayContent.setFocusedApp:5517 com.android.server.wm.ActivityTaskManagerService.setResumedActivityUncheckLocked:5510 
03-20 13:42:49.024  1058  1073 W Looper  : Drained
03-20 13:42:49.342  1058  1125 I WindowManager: Relayout Window{90eef85 u0 com.android.permissioncontroller/com.android.permissioncontroller.permission.ui.ManagePermissionsActivity}: oldVis=4 newVis=0 focusMayChange = true
03-20 13:42:49.348  1058  1125 W WindowManager: Changing focus fromnull to Window{90eef85 u0 com.android.permissioncontroller/com.android.permissioncontroller.permission.ui.ManagePermissionsActivity} displayId=0 Callers=com.android.server.wm.RootWindowContainer.updateFocusedWindowLocked:457 com.android.server.wm.WindowManagerService.updateFocusedWindowLocked:5602 com.android.server.wm.WindowManagerService.relayoutWindow:2395 com.android.server.wm.Session.relayout:213 
03-20 13:42:52.042  1058  1964 E TaskPersister: File error accessing recents directory (directory doesn't exist?).
03-20 13:42:52.630  1058  1125 V SettingsProvider: packageValueForCallResult, name = sound_effects_enabled, value : Bundle[{_track_generation=android.util.MemoryIntArray@8a, value=1, _generation_index=3, _generation=5}]
03-20 13:42:53.182  1058  1073 I RoleManagerService: Granting default roles...
03-20 13:42:53.279  1058  1058 I Telecom : DefaultDialerCache: Refreshing default dialer for user 0: now com.android.dialer: DDC.oR@AGU
03-20 13:42:53.300  1058  1082 W VoiceInteractionManager: no available voice interaction services found for user 0
03-20 13:42:53.494  1058  1073 W Looper  : Slow delivery took 202ms android.fg h=android.os.Handler c=<recycled PooledLambda@c17c97a> m=0
03-20 13:42:53.593  1058  1073 W Looper  : Drained
03-20 13:42:56.830  1058  2002 D PackageManager: com.pcapdroid.permission.MITM is granted, packageName: com.emanuelef.remote_capture, callingUid: 10054, userId: 0
03-20 13:43:03.690  1058  1958 D PackageManager: android.permission.WRITE_EXTERNAL_STORAGE is granted, packageName: com.emanuelef.remote_capture, callingUid: 10054, userId: 0
03-20 13:43:03.703  1058  2006 D PackageManager: android.permission.READ_EXTERNAL_STORAGE is granted, packageName: com.emanuelef.remote_capture, callingUid: 10054, userId: 0
03-20 13:43:05.824  1058  1074 I WindowManager: turn off keyboard light.
03-20 13:43:10.861  1058  1958 W WindowManager: Changing focus fromWindow{90eef85 u0 com.android.permissioncontroller/com.android.permissioncontroller.permission.ui.ManagePermissionsActivity} to Window{b64a5e7 u0 com.android.permissioncontroller/com.android.permissioncontroller.permission.ui.ManagePermissionsActivity} displayId=0 Callers=com.android.server.wm.RootWindowContainer.updateFocusedWindowLocked:457 com.android.server.wm.WindowManagerService.updateFocusedWindowLocked:5602 com.android.server.wm.WindowManagerService.addWindow:1733 com.android.server.wm.Session.addToDisplayAsUser:176 
03-20 13:43:11.862  1058  1958 W WindowManager: Changing focus fromWindow{b64a5e7 u0 com.android.permissioncontroller/com.android.permissioncontroller.permission.ui.ManagePermissionsActivity EXITING} to Window{90eef85 u0 com.android.permissioncontroller/com.android.permissioncontroller.permission.ui.ManagePermissionsActivity} displayId=0 Callers=com.android.server.wm.RootWindowContainer.updateFocusedWindowLocked:457 com.android.server.wm.WindowManagerService.updateFocusedWindowLocked:5602 com.android.server.wm.WindowState.setupWindowForRemoveOnExit:2358 com.android.server.wm.WindowState.removeIfPossible:2327 
03-20 13:43:13.082  1058  1373 W WindowManager: Changing focus fromWindow{90eef85 u0 com.android.permissioncontroller/com.android.permissioncontroller.permission.ui.ManagePermissionsActivity} to Window{ea06265 u0 com.android.permissioncontroller/com.android.permissioncontroller.permission.ui.ManagePermissionsActivity} displayId=0 Callers=com.android.server.wm.RootWindowContainer.updateFocusedWindowLocked:457 com.android.server.wm.WindowManagerService.updateFocusedWindowLocked:5602 com.android.server.wm.WindowManagerService.addWindow:1733 com.android.server.wm.Session.addToDisplayAsUser:176 
03-20 13:43:13.802  1058  2006 W WindowManager: Changing focus fromWindow{ea06265 u0 com.android.permissioncontroller/com.android.permissioncontroller.permission.ui.ManagePermissionsActivity EXITING} to Window{90eef85 u0 com.android.permissioncontroller/com.android.permissioncontroller.permission.ui.ManagePermissionsActivity} displayId=0 Callers=com.android.server.wm.RootWindowContainer.updateFocusedWindowLocked:457 com.android.server.wm.WindowManagerService.updateFocusedWindowLocked:5602 com.android.server.wm.WindowState.setupWindowForRemoveOnExit:2358 com.android.server.wm.WindowState.removeIfPossible:2327 
03-20 13:43:14.677  1058  2017 W WindowManager: Changing focus fromWindow{90eef85 u0 com.android.permissioncontroller/com.android.permissioncontroller.permission.ui.ManagePermissionsActivity} to Window{e1bdc24 u0 com.android.permissioncontroller/com.android.permissioncontroller.permission.ui.ManagePermissionsActivity} displayId=0 Callers=com.android.server.wm.RootWindowContainer.updateFocusedWindowLocked:457 com.android.server.wm.WindowManagerService.updateFocusedWindowLocked:5602 com.android.server.wm.WindowManagerService.addWindow:1733 com.android.server.wm.Session.addToDisplayAsUser:176 
03-20 13:43:15.442  1058  1958 W WindowManager: Changing focus fromWindow{e1bdc24 u0 com.android.permissioncontroller/com.android.permissioncontroller.permission.ui.ManagePermissionsActivity EXITING} to Window{90eef85 u0 com.android.permissioncontroller/com.android.permissioncontroller.permission.ui.ManagePermissionsActivity} displayId=0 Callers=com.android.server.wm.RootWindowContainer.updateFocusedWindowLocked:457 com.android.server.wm.WindowManagerService.updateFocusedWindowLocked:5602 com.android.server.wm.WindowState.setupWindowForRemoveOnExit:2358 com.android.server.wm.WindowState.removeIfPossible:2327 
03-20 13:43:19.119  1058  1958 W WindowManager: Changing focus fromWindow{90eef85 u0 com.android.permissioncontroller/com.android.permissioncontroller.permission.ui.ManagePermissionsActivity} to null displayId=0 Callers=com.android.server.wm.RootWindowContainer.updateFocusedWindowLocked:457 com.android.server.wm.WindowManagerService.updateFocusedWindowLocked:5602 com.android.server.wm.DisplayContent.setFocusedApp:5517 com.android.server.wm.ActivityTaskManagerService.setResumedActivityUncheckLocked:5510 
03-20 13:43:19.238  1058  1089 E KernelCpuSpeedReader: Failed to read cpu-freq: /sys/devices/system/cpu/cpu4/cpufreq/stats/time_in_state: open failed: ENOENT (No such file or directory)
03-20 13:43:19.239  1058  1089 E KernelCpuSpeedReader: Failed to read cpu-freq: /sys/devices/system/cpu/cpu0/cpufreq/stats/time_in_state: open failed: ENOENT (No such file or directory)
03-20 13:43:19.333  1058  1428 I WindowManager: Relayout Window{9b8e91f u0 com.android.settings/com.android.settings.SubSettings}: oldVis=4 newVis=0 focusMayChange = true
03-20 13:43:19.338  1058  1428 W WindowManager: Changing focus fromnull to Window{9b8e91f u0 com.android.settings/com.android.settings.SubSettings} displayId=0 Callers=com.android.server.wm.RootWindowContainer.updateFocusedWindowLocked:457 com.android.server.wm.WindowManagerService.updateFocusedWindowLocked:5602 com.android.server.wm.WindowManagerService.relayoutWindow:2395 com.android.server.wm.Session.relayout:213 
03-20 13:43:19.417  1058  1073 W Looper  : Slow delivery took 221ms android.fg h=android.os.Handler c=<recycled PooledLambda@e32ece2> m=0
03-20 13:43:21.171  1058  1965 W WindowManager: Changing focus fromWindow{9b8e91f u0 com.android.settings/com.android.settings.SubSettings} to null displayId=0 Callers=com.android.server.wm.RootWindowContainer.updateFocusedWindowLocked:457 com.android.server.wm.WindowManagerService.updateFocusedWindowLocked:5602 com.android.server.wm.DisplayContent.setFocusedApp:5517 com.android.server.wm.ActivityTaskManagerService.setResumedActivityUncheckLocked:5510 
03-20 13:43:21.308  1058  1125 I WindowManager: Relayout Window{c4483e4 u0 com.android.settings/com.android.settings.SubSettings}: oldVis=8 newVis=0 focusMayChange = true
03-20 13:43:21.314  1058  1125 W WindowManager: Changing focus fromnull to Window{c4483e4 u0 com.android.settings/com.android.settings.SubSettings} displayId=0 Callers=com.android.server.wm.RootWindowContainer.updateFocusedWindowLocked:457 com.android.server.wm.WindowManagerService.updateFocusedWindowLocked:5602 com.android.server.wm.WindowManagerService.relayoutWindow:2395 com.android.server.wm.Session.relayout:213 
03-20 13:43:21.798  1058  1073 W Looper  : Drained
03-20 13:43:23.449  1058  1964 E TaskPersister: File error accessing recents directory (directory doesn't exist?).
03-20 13:43:25.342  1058  1125 I ActivityTaskManager: START u0 {act=android.intent.action.MAIN cmp=com.android.settings/.SubSettings (has extras)} from uid 1000
03-20 13:43:25.361  1058  1125 W ActivityTaskManager: Tried to set launchTime (0) < mLastActivityLaunchTime (77603)
03-20 13:43:25.364  1058  1125 W WindowManager: Changing focus fromWindow{c4483e4 u0 com.android.settings/com.android.settings.SubSettings} to null displayId=0 Callers=com.android.server.wm.RootWindowContainer.updateFocusedWindowLocked:457 com.android.server.wm.WindowManagerService.updateFocusedWindowLocked:5602 com.android.server.wm.DisplayContent.setFocusedApp:5517 com.android.server.wm.ActivityTaskManagerService.setResumedActivityUncheckLocked:5510 
03-20 13:43:25.480  1058  1125 I WindowManager: Relayout Window{10fbff9 u0 com.android.settings/com.android.settings.SubSettings}: oldVis=4 newVis=0 focusMayChange = true
03-20 13:43:25.485  1058  1125 W WindowManager: Changing focus fromnull to Window{10fbff9 u0 com.android.settings/com.android.settings.SubSettings} displayId=0 Callers=com.android.server.wm.RootWindowContainer.updateFocusedWindowLocked:457 com.android.server.wm.WindowManagerService.updateFocusedWindowLocked:5602 com.android.server.wm.WindowManagerService.relayoutWindow:2395 com.android.server.wm.Session.relayout:213 
03-20 13:43:28.391  1058  1964 E TaskPersister: File error accessing recents directory (directory doesn't exist?).
03-20 13:43:30.300  1058  1965 I ActivityTaskManager: START u0 {act=android.intent.action.MAIN cmp=com.android.settings/.SubSettings (has extras)} from uid 1000
03-20 13:43:30.320  1058  1965 W ActivityTaskManager: Tried to set launchTime (0) < mLastActivityLaunchTime (118219)
03-20 13:43:30.323  1058  1965 W WindowManager: Changing focus fromWindow{10fbff9 u0 com.android.settings/com.android.settings.SubSettings} to null displayId=0 Callers=com.android.server.wm.RootWindowContainer.updateFocusedWindowLocked:457 com.android.server.wm.WindowManagerService.updateFocusedWindowLocked:5602 com.android.server.wm.DisplayContent.setFocusedApp:5517 com.android.server.wm.ActivityTaskManagerService.setResumedActivityUncheckLocked:5510 
03-20 13:43:30.411  1058  1428 I WindowManager: Relayout Window{6c8ec9b u0 com.android.settings/com.android.settings.SubSettings}: oldVis=4 newVis=0 focusMayChange = true
03-20 13:43:30.415  1058  1428 W WindowManager: Changing focus fromnull to Window{6c8ec9b u0 com.android.settings/com.android.settings.SubSettings} displayId=0 Callers=com.android.server.wm.RootWindowContainer.updateFocusedWindowLocked:457 com.android.server.wm.WindowManagerService.updateFocusedWindowLocked:5602 com.android.server.wm.WindowManagerService.relayoutWindow:2395 com.android.server.wm.Session.relayout:213 
03-20 13:43:31.229  1058  1145 I WindowManager: Func: handleKeyboardLight()
